Archive member included to satisfy reference by file (symbol)

C:\Users\ldu08\OneDrive\Documents\Github\Software-Defined-Radio\Jerryrig\JerryRigIDE\Drivers\CMSIS\Lib\GCC\libarm_cortexM4lf_math.a(arm_rfft_fast_init_f32.o)
                              ./Core/Src/main.o (arm_rfft_fast_init_f32)
C:\Users\ldu08\OneDrive\Documents\Github\Software-Defined-Radio\Jerryrig\JerryRigIDE\Drivers\CMSIS\Lib\GCC\libarm_cortexM4lf_math.a(arm_rfft_fast_f32.o)
                              ./Core/Src/main.o (arm_rfft_fast_f32)
C:\Users\ldu08\OneDrive\Documents\Github\Software-Defined-Radio\Jerryrig\JerryRigIDE\Drivers\CMSIS\Lib\GCC\libarm_cortexM4lf_math.a(arm_cfft_f32.o)
                              C:\Users\ldu08\OneDrive\Documents\Github\Software-Defined-Radio\Jerryrig\JerryRigIDE\Drivers\CMSIS\Lib\GCC\libarm_cortexM4lf_math.a(arm_rfft_fast_f32.o) (arm_cfft_f32)
C:\Users\ldu08\OneDrive\Documents\Github\Software-Defined-Radio\Jerryrig\JerryRigIDE\Drivers\CMSIS\Lib\GCC\libarm_cortexM4lf_math.a(arm_bitreversal2.o)
                              C:\Users\ldu08\OneDrive\Documents\Github\Software-Defined-Radio\Jerryrig\JerryRigIDE\Drivers\CMSIS\Lib\GCC\libarm_cortexM4lf_math.a(arm_cfft_f32.o) (arm_bitreversal_32)
C:\Users\ldu08\OneDrive\Documents\Github\Software-Defined-Radio\Jerryrig\JerryRigIDE\Drivers\CMSIS\Lib\GCC\libarm_cortexM4lf_math.a(arm_conv_f32.o)
                              ./Core/Src/main.o (arm_conv_f32)
C:\Users\ldu08\OneDrive\Documents\Github\Software-Defined-Radio\Jerryrig\JerryRigIDE\Drivers\CMSIS\Lib\GCC\libarm_cortexM4lf_math.a(arm_common_tables.o)
                              C:\Users\ldu08\OneDrive\Documents\Github\Software-Defined-Radio\Jerryrig\JerryRigIDE\Drivers\CMSIS\Lib\GCC\libarm_cortexM4lf_math.a(arm_rfft_fast_init_f32.o) (twiddleCoef_rfft_4096)
C:\Users\ldu08\OneDrive\Documents\Github\Software-Defined-Radio\Jerryrig\JerryRigIDE\Drivers\CMSIS\Lib\GCC\libarm_cortexM4lf_math.a(arm_cfft_radix8_f32.o)
                              C:\Users\ldu08\OneDrive\Documents\Github\Software-Defined-Radio\Jerryrig\JerryRigIDE\Drivers\CMSIS\Lib\GCC\libarm_cortexM4lf_math.a(arm_cfft_f32.o) (arm_radix8_butterfly_f32)
C:/ST/STM32CubeIDE_1.11.0/STM32CubeIDE/plugins/com.st.stm32cube.ide.mcu.externaltools.gnu-tools-for-stm32.11.3.rel1.win32_1.1.1.202309131626/tools/bin/../lib/gcc/arm-none-eabi/11.3.1/../../../../arm-none-eabi/lib/thumb/v7e-m+fp/hard\libc_nano.a(libc_a-exit.o)
                              C:/ST/STM32CubeIDE_1.11.0/STM32CubeIDE/plugins/com.st.stm32cube.ide.mcu.externaltools.gnu-tools-for-stm32.11.3.rel1.win32_1.1.1.202309131626/tools/bin/../lib/gcc/arm-none-eabi/11.3.1/../../../../arm-none-eabi/lib/thumb/v7e-m+fp/hard/crt0.o (exit)
C:/ST/STM32CubeIDE_1.11.0/STM32CubeIDE/plugins/com.st.stm32cube.ide.mcu.externaltools.gnu-tools-for-stm32.11.3.rel1.win32_1.1.1.202309131626/tools/bin/../lib/gcc/arm-none-eabi/11.3.1/../../../../arm-none-eabi/lib/thumb/v7e-m+fp/hard\libc_nano.a(libc_a-findfp.o)
                              C:/ST/STM32CubeIDE_1.11.0/STM32CubeIDE/plugins/com.st.stm32cube.ide.mcu.externaltools.gnu-tools-for-stm32.11.3.rel1.win32_1.1.1.202309131626/tools/bin/../lib/gcc/arm-none-eabi/11.3.1/../../../../arm-none-eabi/lib/thumb/v7e-m+fp/hard\libc_nano.a(libc_a-exit.o) (__stdio_exit_handler)
C:/ST/STM32CubeIDE_1.11.0/STM32CubeIDE/plugins/com.st.stm32cube.ide.mcu.externaltools.gnu-tools-for-stm32.11.3.rel1.win32_1.1.1.202309131626/tools/bin/../lib/gcc/arm-none-eabi/11.3.1/../../../../arm-none-eabi/lib/thumb/v7e-m+fp/hard\libc_nano.a(libc_a-fwalk.o)
                              C:/ST/STM32CubeIDE_1.11.0/STM32CubeIDE/plugins/com.st.stm32cube.ide.mcu.externaltools.gnu-tools-for-stm32.11.3.rel1.win32_1.1.1.202309131626/tools/bin/../lib/gcc/arm-none-eabi/11.3.1/../../../../arm-none-eabi/lib/thumb/v7e-m+fp/hard\libc_nano.a(libc_a-findfp.o) (_fwalk_sglue)
C:/ST/STM32CubeIDE_1.11.0/STM32CubeIDE/plugins/com.st.stm32cube.ide.mcu.externaltools.gnu-tools-for-stm32.11.3.rel1.win32_1.1.1.202309131626/tools/bin/../lib/gcc/arm-none-eabi/11.3.1/../../../../arm-none-eabi/lib/thumb/v7e-m+fp/hard\libc_nano.a(libc_a-stdio.o)
                              C:/ST/STM32CubeIDE_1.11.0/STM32CubeIDE/plugins/com.st.stm32cube.ide.mcu.externaltools.gnu-tools-for-stm32.11.3.rel1.win32_1.1.1.202309131626/tools/bin/../lib/gcc/arm-none-eabi/11.3.1/../../../../arm-none-eabi/lib/thumb/v7e-m+fp/hard\libc_nano.a(libc_a-findfp.o) (__sread)
C:/ST/STM32CubeIDE_1.11.0/STM32CubeIDE/plugins/com.st.stm32cube.ide.mcu.externaltools.gnu-tools-for-stm32.11.3.rel1.win32_1.1.1.202309131626/tools/bin/../lib/gcc/arm-none-eabi/11.3.1/../../../../arm-none-eabi/lib/thumb/v7e-m+fp/hard\libc_nano.a(libc_a-memset.o)
                              C:/ST/STM32CubeIDE_1.11.0/STM32CubeIDE/plugins/com.st.stm32cube.ide.mcu.externaltools.gnu-tools-for-stm32.11.3.rel1.win32_1.1.1.202309131626/tools/bin/../lib/gcc/arm-none-eabi/11.3.1/../../../../arm-none-eabi/lib/thumb/v7e-m+fp/hard/crt0.o (memset)
[...]
Memory Configuration

Name             Origin             Length             Attributes
RAM              0x0000000020000000 0x0000000000050000 xrw
RAM2             0x0000000010000000 0x0000000000010000 xrw
FLASH            0x0000000008000000 0x0000000000100000 xr
*default*        0x0000000000000000 0xffffffffffffffff

Linker script and memory map

LOAD C:/ST/STM32CubeIDE_1.11.0/STM32CubeIDE/plugins/com.st.stm32cube.ide.mcu.externaltools.gnu-tools-for-stm32.11.3.rel1.win32_1.1.1.202309131626/tools/bin/../lib/gcc/arm-none-eabi/11.3.1/thumb/v7e-m+fp/hard/crti.o
LOAD C:/ST/STM32CubeIDE_1.11.0/STM32CubeIDE/plugins/com.st.stm32cube.ide.mcu.externaltools.gnu-tools-for-stm32.11.3.rel1.win32_1.1.1.202309131626/tools/bin/../lib/gcc/arm-none-eabi/11.3.1/thumb/v7e-m+fp/hard/crtbegin.o
LOAD C:/ST/STM32CubeIDE_1.11.0/STM32CubeIDE/plugins/com.st.stm32cube.ide.mcu.externaltools.gnu-tools-for-stm32.11.3.rel1.win32_1.1.1.202309131626/tools/bin/../lib/gcc/arm-none-eabi/11.3.1/../../../../arm-none-eabi/lib/thumb/v7e-m+fp/hard/crt0.o
LOAD ./Core/Src/main.o
LOAD ./Core/Src/stm32l4xx_hal_msp.o
LOAD ./Core/Src/stm32l4xx_it.o
LOAD ./Core/Src/syscalls.o
LOAD ./Core/Src/sysmem.o
LOAD ./Core/Src/system_stm32l4xx.o
LOAD ./Core/Startup/startup_stm32l496zgtx.o
LOAD ./Drivers/STM32L4xx_HAL_Driver/Src/stm32l4xx_hal.o
LOAD ./Drivers/STM32L4xx_HAL_Driver/Src/stm32l4xx_hal_adc.o
LOAD ./Drivers/STM32L4xx_HAL_Driver/Src/stm32l4xx_hal_adc_ex.o
LOAD ./Drivers/STM32L4xx_HAL_Driver/Src/stm32l4xx_hal_cortex.o
LOAD ./Drivers/STM32L4xx_HAL_Driver/Src/stm32l4xx_hal_dac.o
LOAD ./Drivers/STM32L4xx_HAL_Driver/Src/stm32l4xx_hal_dac_ex.o
LOAD ./Drivers/STM32L4xx_HAL_Driver/Src/stm32l4xx_hal_dma.o
LOAD ./Drivers/STM32L4xx_HAL_Driver/Src/stm32l4xx_hal_dma_ex.o
LOAD ./Drivers/STM32L4xx_HAL_Driver/Src/stm32l4xx_hal_exti.o
LOAD ./Drivers/STM32L4xx_HAL_Driver/Src/stm32l4xx_hal_flash.o
LOAD ./Drivers/STM32L4xx_HAL_Driver/Src/stm32l4xx_hal_flash_ex.o
LOAD ./Drivers/STM32L4xx_HAL_Driver/Src/stm32l4xx_hal_flash_ramfunc.o
LOAD ./Drivers/STM32L4xx_HAL_Driver/Src/stm32l4xx_hal_gpio.o
LOAD ./Drivers/STM32L4xx_HAL_Driver/Src/stm32l4xx_hal_pcd.o
LOAD ./Drivers/STM32L4xx_HAL_Driver/Src/stm32l4xx_hal_pcd_ex.o
LOAD ./Drivers/STM32L4xx_HAL_Driver/Src/stm32l4xx_hal_pwr.o
LOAD ./Drivers/STM32L4xx_HAL_Driver/Src/stm32l4xx_hal_pwr_ex.o
LOAD ./Drivers/STM32L4xx_HAL_Driver/Src/stm32l4xx_hal_rcc.o
LOAD ./Drivers/STM32L4xx_HAL_Driver/Src/stm32l4xx_hal_rcc_ex.o
LOAD ./Drivers/STM32L4xx_HAL_Driver/Src/stm32l4xx_hal_tim.o
LOAD ./Drivers/STM32L4xx_HAL_Driver/Src/stm32l4xx_hal_tim_ex.o
LOAD ./Drivers/STM32L4xx_HAL_Driver/Src/stm32l4xx_hal_uart.o
LOAD ./Drivers/STM32L4xx_HAL_Driver/Src/stm32l4xx_hal_uart_ex.o
LOAD ./Drivers/STM32L4xx_HAL_Driver/Src/stm32l4xx_ll_usb.o
LOAD C:\Users\ldu08\OneDrive\Documents\Github\Software-Defined-Radio\Jerryrig\JerryRigIDE\Drivers\CMSIS\Lib\GCC\libarm_cortexM4lf_math.a
START GROUP
LOAD C:/ST/STM32CubeIDE_1.11.0/STM32CubeIDE/plugins/com.st.stm32cube.ide.mcu.externaltools.gnu-tools-for-stm32.11.3.rel1.win32_1.1.1.202309131626/tools/bin/../lib/gcc/arm-none-eabi/11.3.1/../../../../arm-none-eabi/lib/thumb/v7e-m+fp/hard\libc_nano.a
LOAD C:/ST/STM32CubeIDE_1.11.0/STM32CubeIDE/plugins/com.st.stm32cube.ide.mcu.externaltools.gnu-tools-for-stm32.11.3.rel1.win32_1.1.1.202309131626/tools/bin/../lib/gcc/arm-none-eabi/11.3.1/../../../../arm-none-eabi/lib/thumb/v7e-m+fp/hard\libm.a
END GROUP
START GROUP
LOAD C:/ST/STM32CubeIDE_1.11.0/STM32CubeIDE/plugins/com.st.stm32cube.ide.mcu.externaltools.gnu-tools-for-stm32.11.3.rel1.win32_1.1.1.202309131626/tools/bin/../lib/gcc/arm-none-eabi/11.3.1/thumb/v7e-m+fp/hard\libgcc.a
LOAD C:/ST/STM32CubeIDE_1.11.0/STM32CubeIDE/plugins/com.st.stm32cube.ide.mcu.externaltools.gnu-tools-for-stm32.11.3.rel1.win32_1.1.1.202309131626/tools/bin/../lib/gcc/arm-none-eabi/11.3.1/../../../../arm-none-eabi/lib/thumb/v7e-m+fp/hard\libc_nano.a
END GROUP
START GROUP
LOAD C:/ST/STM32CubeIDE_1.11.0/STM32CubeIDE/plugins/com.st.stm32cube.ide.mcu.externaltools.gnu-tools-for-stm32.11.3.rel1.win32_1.1.1.202309131626/tools/bin/../lib/gcc/arm-none-eabi/11.3.1/thumb/v7e-m+fp/hard\libgcc.a
LOAD C:/ST/STM32CubeIDE_1.11.0/STM32CubeIDE/plugins/com.st.stm32cube.ide.mcu.externaltools.gnu-tools-for-stm32.11.3.rel1.win32_1.1.1.202309131626/tools/bin/../lib/gcc/arm-none-eabi/11.3.1/../../../../arm-none-eabi/lib/thumb/v7e-m+fp/hard\libc_nano.a
LOAD C:/ST/STM32CubeIDE_1.11.0/STM32CubeIDE/plugins/com.st.stm32cube.ide.mcu.externaltools.gnu-tools-for-stm32.11.3.rel1.win32_1.1.1.202309131626/tools/bin/../lib/gcc/arm-none-eabi/11.3.1/../../../../arm-none-eabi/lib/thumb/v7e-m+fp/hard\libnosys.a
END GROUP
START GROUP
LOAD C:/ST/STM32CubeIDE_1.11.0/STM32CubeIDE/plugins/com.st.stm32cube.ide.mcu.externaltools.gnu-tools-for-stm32.11.3.rel1.win32_1.1.1.202309131626/tools/bin/../lib/gcc/arm-none-eabi/11.3.1/thumb/v7e-m+fp/hard\libgcc.a
LOAD C:/ST/STM32CubeIDE_1.11.0/STM32CubeIDE/plugins/com.st.stm32cube.ide.mcu.externaltools.gnu-tools-for-stm32.11.3.rel1.win32_1.1.1.202309131626/tools/bin/../lib/gcc/arm-none-eabi/11.3.1/../../../../arm-none-eabi/lib/thumb/v7e-m+fp/hard\libc_nano.a
LOAD C:/ST/STM32CubeIDE_1.11.0/STM32CubeIDE/plugins/com.st.stm32cube.ide.mcu.externaltools.gnu-tools-for-stm32.11.3.rel1.win32_1.1.1.202309131626/tools/bin/../lib/gcc/arm-none-eabi/11.3.1/../../../../arm-none-eabi/lib/thumb/v7e-m+fp/hard\libnosys.a
END GROUP
LOAD C:/ST/STM32CubeIDE_1.11.0/STM32CubeIDE/plugins/com.st.stm32cube.ide.mcu.externaltools.gnu-tools-for-stm32.11.3.rel1.win32_1.1.1.202309131626/tools/bin/../lib/gcc/arm-none-eabi/11.3.1/thumb/v7e-m+fp/hard/crtend.o
LOAD C:/ST/STM32CubeIDE_1.11.0/STM32CubeIDE/plugins/com.st.stm32cube.ide.mcu.externaltools.gnu-tools-for-stm32.11.3.rel1.win32_1.1.1.202309131626/tools/bin/../lib/gcc/arm-none-eabi/11.3.1/thumb/v7e-m+fp/hard/crtn.o
                0x0000000020050000                _estack = (ORIGIN (RAM) + LENGTH (RAM))
                0x0000000000000200                _Min_Heap_Size = 0x200
                0x0000000000000400                _Min_Stack_Size = 0x400

.isr_vector     0x0000000008000000      0x1ac
                0x0000000008000000                . = ALIGN (0x4)
 *(.isr_vector)
 .isr_vector    0x0000000008000000      0x1ac ./Core/Startup/startup_stm32l496zgtx.o
                0x0000000008000000                g_pfnVectors
                0x00000000080001ac                . = ALIGN (0x4)

.text           0x00000000080001ac     0x75d4
                0x00000000080001ac                . = ALIGN (0x4)
 *(.text)
 .text          0x00000000080001ac       0x40 C:/ST/STM32CubeIDE_1.11.0/STM32CubeIDE/plugins/com.st.stm32cube.ide.mcu.externaltools.gnu-tools-for-stm32.11.3.rel1.win32_1.1.1.202309131626/tools/bin/../lib/gcc/arm-none-eabi/11.3.1/thumb/v7e-m+fp/hard/crtbegin.o
 .text          0x00000000080001ec       0x30 C:/ST/STM32CubeIDE_1.11.0/STM32CubeIDE/plugins/com.st.stm32cube.ide.mcu.externaltools.gnu-tools-for-stm32.11.3.rel1.win32_1.1.1.202309131626/tools/bin/../lib/gcc/arm-none-eabi/11.3.1/thumb/v7e-m+fp/hard\libgcc.a(_aeabi_uldivmod.o)
                0x00000000080001ec                __aeabi_uldivmod
 .text          0x000000000800021c      0x2c8 C:/ST/STM32CubeIDE_1.11.0/STM32CubeIDE/plugins/com.st.stm32cube.ide.mcu.externaltools.gnu-tools-for-stm32.11.3.rel1.win32_1.1.1.202309131626/tools/bin/../lib/gcc/arm-none-eabi/11.3.1/thumb/v7e-m+fp/hard\libgcc.a(_udivmoddi4.o)
                0x000000000800021c                __udivmoddi4
 .text          0x00000000080004e4        0x4 C:/ST/STM32CubeIDE_1.11.0/STM32CubeIDE/plugins/com.st.stm32cube.ide.mcu.externaltools.gnu-tools-for-stm32.11.3.rel1.win32_1.1.1.202309131626/tools/bin/../lib/gcc/arm-none-eabi/11.3.1/thumb/v7e-m+fp/hard\libgcc.a(_dvmd_tls.o)
                0x00000000080004e4                __aeabi_idiv0
                0x00000000080004e4                __aeabi_ldiv0
 *(.text*)
 .text.HAL_ADC_ConvHalfCpltCallback
                0x00000000080004e8       0x3c ./Core/Src/main.o
                0x00000000080004e8                HAL_ADC_ConvHalfCpltCallback
 .text.HAL_ADC_ConvCpltCallback
                0x0000000008000524       0x3c ./Core/Src/main.o
                0x0000000008000524                HAL_ADC_ConvCpltCallback
 .text.main     0x0000000008000560       0xac ./Core/Src/main.o
                0x0000000008000560                main
 .text.SystemClock_Config
                0x000000000800060c       0xc8 ./Core/Src/main.o
                0x000000000800060c                SystemClock_Config
 .text.PeriphCommonClock_Config
                0x00000000080006d4       0x5e ./Core/Src/main.o
                0x00000000080006d4                PeriphCommonClock_Config
 *fill*         0x0000000008000732        0x2 
 .text.MX_ADC1_Init
                0x0000000008000734       0xf0 ./Core/Src/main.o
 .text.MX_DAC1_Init
                0x0000000008000824       0x64 ./Core/Src/main.o
 .text.MX_LPUART1_UART_Init
                0x0000000008000888       0x5c ./Core/Src/main.o
 .text.MX_TIM6_Init
                0x00000000080008e4       0x6c ./Core/Src/main.o
 .text.MX_USB_OTG_FS_PCD_Init
                0x0000000008000950       0x5c ./Core/Src/main.o
 .text.MX_DMA_Init
                0x00000000080009ac       0x4c ./Core/Src/main.o
 .text.MX_GPIO_Init
                0x00000000080009f8      0x130 ./Core/Src/main.o
 .text.Error_Handler
                0x0000000008000b28        0xa ./Core/Src/main.o
                0x0000000008000b28                Error_Handler
 *fill*         0x0000000008000b32        0x2 
 .text.HAL_MspInit
                0x0000000008000b34       0x48 ./Core/Src/stm32l4xx_hal_msp.o
                0x0000000008000b34                HAL_MspInit
 .text.HAL_ADC_MspInit
                0x0000000008000b7c       0xdc ./Core/Src/stm32l4xx_hal_msp.o
                0x0000000008000b7c                HAL_ADC_MspInit
 .text.HAL_DAC_MspInit
                0x0000000008000c58       0xdc ./Core/Src/stm32l4xx_hal_msp.o
                0x0000000008000c58                HAL_DAC_MspInit
 .text.HAL_UART_MspInit
                0x0000000008000d34       0xc0 ./Core/Src/stm32l4xx_hal_msp.o
                0x0000000008000d34                HAL_UART_MspInit
 .text.HAL_TIM_Base_MspInit
                0x0000000008000df4       0x40 ./Core/Src/stm32l4xx_hal_msp.o
                0x0000000008000df4                HAL_TIM_Base_MspInit
 .text.HAL_PCD_MspInit
                0x0000000008000e34       0xd8 ./Core/Src/stm32l4xx_hal_msp.o
                0x0000000008000e34                HAL_PCD_MspInit
 .text.NMI_Handler
                0x0000000008000f0c        0x6 ./Core/Src/stm32l4xx_it.o
                0x0000000008000f0c                NMI_Handler
 .text.HardFault_Handler
                0x0000000008000f12        0x6 ./Core/Src/stm32l4xx_it.o
                0x0000000008000f12                HardFault_Handler
 .text.MemManage_Handler
                0x0000000008000f18        0x6 ./Core/Src/stm32l4xx_it.o
                0x0000000008000f18                MemManage_Handler
 .text.BusFault_Handler
                0x0000000008000f1e        0x6 ./Core/Src/stm32l4xx_it.o
                0x0000000008000f1e                BusFault_Handler
 .text.UsageFault_Handler
                0x0000000008000f24        0x6 ./Core/Src/stm32l4xx_it.o
                0x0000000008000f24                UsageFault_Handler
 .text.SVC_Handler
                0x0000000008000f2a        0xe ./Core/Src/stm32l4xx_it.o
                0x0000000008000f2a                SVC_Handler
 .text.DebugMon_Handler
                0x0000000008000f38        0xe ./Core/Src/stm32l4xx_it.o
                0x0000000008000f38                DebugMon_Handler
 .text.PendSV_Handler
                0x0000000008000f46        0xe ./Core/Src/stm32l4xx_it.o
                0x0000000008000f46                PendSV_Handler
 .text.SysTick_Handler
                0x0000000008000f54        0xc ./Core/Src/stm32l4xx_it.o
                0x0000000008000f54                SysTick_Handler
 .text.DMA1_Channel1_IRQHandler
                0x0000000008000f60       0x14 ./Core/Src/stm32l4xx_it.o
                0x0000000008000f60                DMA1_Channel1_IRQHandler
 .text.DMA1_Channel3_IRQHandler
                0x0000000008000f74       0x14 ./Core/Src/stm32l4xx_it.o
                0x0000000008000f74                DMA1_Channel3_IRQHandler
 .text.SystemInit
                0x0000000008000f88       0x24 ./Core/Src/system_stm32l4xx.o
                0x0000000008000f88                SystemInit
 .text.Reset_Handler
                0x0000000008000fac       0x50 ./Core/Startup/startup_stm32l496zgtx.o
                0x0000000008000fac                Reset_Handler
 .text.Default_Handler
                0x0000000008000ffc        0x2 ./Core/Startup/startup_stm32l496zgtx.o
                0x0000000008000ffc                RTC_Alarm_IRQHandler
                0x0000000008000ffc                EXTI2_IRQHandler
                0x0000000008000ffc                TIM8_TRG_COM_IRQHandler
                0x0000000008000ffc                TIM8_CC_IRQHandler
                0x0000000008000ffc                TIM1_CC_IRQHandler
                0x0000000008000ffc                TSC_IRQHandler
                0x0000000008000ffc                TAMP_STAMP_IRQHandler
                0x0000000008000ffc                CAN2_RX1_IRQHandler
                0x0000000008000ffc                EXTI3_IRQHandler
                0x0000000008000ffc                LPTIM2_IRQHandler
                0x0000000008000ffc                DFSDM1_FLT1_IRQHandler
                0x0000000008000ffc                I2C3_ER_IRQHandler
                0x0000000008000ffc                DFSDM1_FLT2_IRQHandler
                0x0000000008000ffc                EXTI0_IRQHandler
                0x0000000008000ffc                I2C2_EV_IRQHandler
                0x0000000008000ffc                CAN1_RX0_IRQHandler
                0x0000000008000ffc                FPU_IRQHandler
                0x0000000008000ffc                TIM1_UP_TIM16_IRQHandler
                0x0000000008000ffc                CAN2_SCE_IRQHandler
                0x0000000008000ffc                ADC1_2_IRQHandler
                0x0000000008000ffc                SPI1_IRQHandler
                0x0000000008000ffc                TIM6_DAC_IRQHandler
                0x0000000008000ffc                DCMI_IRQHandler
                0x0000000008000ffc                CAN2_RX0_IRQHandler
                0x0000000008000ffc                TIM8_UP_IRQHandler
                0x0000000008000ffc                DMA2_Channel2_IRQHandler
                0x0000000008000ffc                DMA1_Channel4_IRQHandler
                0x0000000008000ffc                SAI2_IRQHandler
                0x0000000008000ffc                DFSDM1_FLT3_IRQHandler
                0x0000000008000ffc                USART3_IRQHandler
                0x0000000008000ffc                DMA1_Channel7_IRQHandler
                0x0000000008000ffc                CAN1_RX1_IRQHandler
                0x0000000008000ffc                LCD_IRQHandler
                0x0000000008000ffc                UART5_IRQHandler
                0x0000000008000ffc                ADC3_IRQHandler
                0x0000000008000ffc                TIM4_IRQHandler
                0x0000000008000ffc                DMA2_Channel1_IRQHandler
                0x0000000008000ffc                QUADSPI_IRQHandler
                0x0000000008000ffc                I2C1_EV_IRQHandler
                0x0000000008000ffc                DMA1_Channel6_IRQHandler
                0x0000000008000ffc                UART4_IRQHandler
                0x0000000008000ffc                DMA2_Channel4_IRQHandler
                0x0000000008000ffc                TIM3_IRQHandler
                0x0000000008000ffc                RCC_IRQHandler
                0x0000000008000ffc                Default_Handler
                0x0000000008000ffc                DMA2_Channel7_IRQHandler
                0x0000000008000ffc                EXTI15_10_IRQHandler
                0x0000000008000ffc                TIM7_IRQHandler
                0x0000000008000ffc                SDMMC1_IRQHandler
                0x0000000008000ffc                CAN2_TX_IRQHandler
                0x0000000008000ffc                TIM5_IRQHandler
                0x0000000008000ffc                I2C3_EV_IRQHandler
                0x0000000008000ffc                EXTI9_5_IRQHandler
                0x0000000008000ffc                RTC_WKUP_IRQHandler
                0x0000000008000ffc                PVD_PVM_IRQHandler
                0x0000000008000ffc                SPI2_IRQHandler
                0x0000000008000ffc                CAN1_TX_IRQHandler
                0x0000000008000ffc                DMA2_Channel5_IRQHandler
                0x0000000008000ffc                CRS_IRQHandler
                0x0000000008000ffc                DMA1_Channel5_IRQHandler
                0x0000000008000ffc                EXTI4_IRQHandler
                0x0000000008000ffc                RNG_IRQHandler
                0x0000000008000ffc                TIM1_TRG_COM_TIM17_IRQHandler
                0x0000000008000ffc                COMP_IRQHandler
                0x0000000008000ffc                WWDG_IRQHandler
                0x0000000008000ffc                I2C4_EV_IRQHandler
                0x0000000008000ffc                LPUART1_IRQHandler
                0x0000000008000ffc                DMA2_Channel6_IRQHandler
                0x0000000008000ffc                TIM2_IRQHandler
                0x0000000008000ffc                EXTI1_IRQHandler
                0x0000000008000ffc                USART2_IRQHandler
                0x0000000008000ffc                DFSDM1_FLT0_IRQHandler
                0x0000000008000ffc                I2C2_ER_IRQHandler
                0x0000000008000ffc                DMA1_Channel2_IRQHandler
                0x0000000008000ffc                TIM8_BRK_IRQHandler
                0x0000000008000ffc                CAN1_SCE_IRQHandler
                0x0000000008000ffc                FLASH_IRQHandler
                0x0000000008000ffc                USART1_IRQHandler
                0x0000000008000ffc                OTG_FS_IRQHandler
                0x0000000008000ffc                SPI3_IRQHandler
                0x0000000008000ffc                I2C1_ER_IRQHandler
                0x0000000008000ffc                FMC_IRQHandler
                0x0000000008000ffc                SWPMI1_IRQHandler
                0x0000000008000ffc                LPTIM1_IRQHandler
                0x0000000008000ffc                I2C4_ER_IRQHandler
                0x0000000008000ffc                SAI1_IRQHandler
                0x0000000008000ffc                DMA2_Channel3_IRQHandler
                0x0000000008000ffc                TIM1_BRK_TIM15_IRQHandler
 .text.HAL_Init
                0x0000000008000ffe       0x30 ./Drivers/STM32L4xx_HAL_Driver/Src/stm32l4xx_hal.o
                0x0000000008000ffe                HAL_Init
 *fill*         0x000000000800102e        0x2 
 .text.HAL_InitTick
                0x0000000008001030       0x78 ./Drivers/STM32L4xx_HAL_Driver/Src/stm32l4xx_hal.o
                0x0000000008001030                HAL_InitTick
 .text.HAL_IncTick
                0x00000000080010a8       0x28 ./Drivers/STM32L4xx_HAL_Driver/Src/stm32l4xx_hal.o
                0x00000000080010a8                HAL_IncTick
 .text.HAL_GetTick
                0x00000000080010d0       0x18 ./Drivers/STM32L4xx_HAL_Driver/Src/stm32l4xx_hal.o
                0x00000000080010d0                HAL_GetTick
 .text.HAL_Delay
                0x00000000080010e8       0x48 ./Drivers/STM32L4xx_HAL_Driver/Src/stm32l4xx_hal.o
                0x00000000080010e8                HAL_Delay
 .text.LL_ADC_SetCommonClock
                0x0000000008001130       0x26 ./Drivers/STM32L4xx_HAL_Driver/Src/stm32l4xx_hal_adc.o
 .text.LL_ADC_SetCommonPathInternalCh
                0x0000000008001156       0x26 ./Drivers/STM32L4xx_HAL_Driver/Src/stm32l4xx_hal_adc.o
 .text.LL_ADC_GetCommonPathInternalCh
                0x000000000800117c       0x1c ./Drivers/STM32L4xx_HAL_Driver/Src/stm32l4xx_hal_adc.o
 .text.LL_ADC_SetOffset
                0x0000000008001198       0x48 ./Drivers/STM32L4xx_HAL_Driver/Src/stm32l4xx_hal_adc.o
 .text.LL_ADC_GetOffsetChannel
                0x00000000080011e0       0x2c ./Drivers/STM32L4xx_HAL_Driver/Src/stm32l4xx_hal_adc.o
 .text.LL_ADC_SetOffsetState
                0x000000000800120c       0x36 ./Drivers/STM32L4xx_HAL_Driver/Src/stm32l4xx_hal_adc.o
 .text.LL_ADC_SetSamplingTimeCommonConfig
                0x0000000008001242       0x26 ./Drivers/STM32L4xx_HAL_Driver/Src/stm32l4xx_hal_adc.o
 .text.LL_ADC_REG_IsTriggerSourceSWStart
                0x0000000008001268       0x26 ./Drivers/STM32L4xx_HAL_Driver/Src/stm32l4xx_hal_adc.o
 .text.LL_ADC_REG_SetSequencerRanks
                0x000000000800128e       0x58 ./Drivers/STM32L4xx_HAL_Driver/Src/stm32l4xx_hal_adc.o
 .text.LL_ADC_SetChannelSamplingTime
                0x00000000080012e6       0x56 ./Drivers/STM32L4xx_HAL_Driver/Src/stm32l4xx_hal_adc.o
 .text.LL_ADC_SetChannelSingleDiff
                0x000000000800133c       0x48 ./Drivers/STM32L4xx_HAL_Driver/Src/stm32l4xx_hal_adc.o
 .text.LL_ADC_GetMultimode
                0x0000000008001384       0x1c ./Drivers/STM32L4xx_HAL_Driver/Src/stm32l4xx_hal_adc.o
 .text.LL_ADC_DisableDeepPowerDown
                0x00000000080013a0       0x24 ./Drivers/STM32L4xx_HAL_Driver/Src/stm32l4xx_hal_adc.o
 .text.LL_ADC_IsDeepPowerDownEnabled
                0x00000000080013c4       0x28 ./Drivers/STM32L4xx_HAL_Driver/Src/stm32l4xx_hal_adc.o
 .text.LL_ADC_EnableInternalRegulator
                0x00000000080013ec       0x28 ./Drivers/STM32L4xx_HAL_Driver/Src/stm32l4xx_hal_adc.o
 .text.LL_ADC_IsInternalRegulatorEnabled
                0x0000000008001414       0x28 ./Drivers/STM32L4xx_HAL_Driver/Src/stm32l4xx_hal_adc.o
 .text.LL_ADC_Enable
                0x000000000800143c       0x28 ./Drivers/STM32L4xx_HAL_Driver/Src/stm32l4xx_hal_adc.o
 .text.LL_ADC_IsEnabled
                0x0000000008001464       0x26 ./Drivers/STM32L4xx_HAL_Driver/Src/stm32l4xx_hal_adc.o
 .text.LL_ADC_REG_StartConversion
                0x000000000800148a       0x28 ./Drivers/STM32L4xx_HAL_Driver/Src/stm32l4xx_hal_adc.o
 .text.LL_ADC_REG_IsConversionOngoing
                0x00000000080014b2       0x26 ./Drivers/STM32L4xx_HAL_Driver/Src/stm32l4xx_hal_adc.o
 .text.LL_ADC_INJ_IsConversionOngoing
                0x00000000080014d8       0x26 ./Drivers/STM32L4xx_HAL_Driver/Src/stm32l4xx_hal_adc.o
 *fill*         0x00000000080014fe        0x2 
 .text.HAL_ADC_Init
                0x0000000008001500      0x2a8 ./Drivers/STM32L4xx_HAL_Driver/Src/stm32l4xx_hal_adc.o
                0x0000000008001500                HAL_ADC_Init
 .text.HAL_ADC_Start_DMA
                0x00000000080017a8      0x178 ./Drivers/STM32L4xx_HAL_Driver/Src/stm32l4xx_hal_adc.o
                0x00000000080017a8                HAL_ADC_Start_DMA
 .text.HAL_ADC_ErrorCallback
                0x0000000008001920       0x14 ./Drivers/STM32L4xx_HAL_Driver/Src/stm32l4xx_hal_adc.o
                0x0000000008001920                HAL_ADC_ErrorCallback
 .text.HAL_ADC_ConfigChannel
                0x0000000008001934      0x818 ./Drivers/STM32L4xx_HAL_Driver/Src/stm32l4xx_hal_adc.o
                0x0000000008001934                HAL_ADC_ConfigChannel
 .text.ADC_Enable
                0x000000000800214c      0x10c ./Drivers/STM32L4xx_HAL_Driver/Src/stm32l4xx_hal_adc.o
                0x000000000800214c                ADC_Enable
 .text.ADC_DMAConvCplt
                0x0000000008002258       0xd8 ./Drivers/STM32L4xx_HAL_Driver/Src/stm32l4xx_hal_adc.o
                0x0000000008002258                ADC_DMAConvCplt
 .text.ADC_DMAHalfConvCplt
                0x0000000008002330       0x1c ./Drivers/STM32L4xx_HAL_Driver/Src/stm32l4xx_hal_adc.o
                0x0000000008002330                ADC_DMAHalfConvCplt
 .text.ADC_DMAError
                0x000000000800234c       0x34 ./Drivers/STM32L4xx_HAL_Driver/Src/stm32l4xx_hal_adc.o
                0x000000000800234c                ADC_DMAError
 .text.LL_ADC_IsEnabled
                0x0000000008002380       0x26 ./Drivers/STM32L4xx_HAL_Driver/Src/stm32l4xx_hal_adc_ex.o
 .text.LL_ADC_REG_IsConversionOngoing
                0x00000000080023a6       0x26 ./Drivers/STM32L4xx_HAL_Driver/Src/stm32l4xx_hal_adc_ex.o
 .text.HAL_ADCEx_MultiModeConfigChannel
                0x00000000080023cc      0x160 ./Drivers/STM32L4xx_HAL_Driver/Src/stm32l4xx_hal_adc_ex.o
                0x00000000080023cc                HAL_ADCEx_MultiModeConfigChannel
 .text.__NVIC_SetPriorityGrouping
                0x000000000800252c       0x48 ./Drivers/STM32L4xx_HAL_Driver/Src/stm32l4xx_hal_cortex.o
 .text.__NVIC_GetPriorityGrouping
                0x0000000008002574       0x1c ./Drivers/STM32L4xx_HAL_Driver/Src/stm32l4xx_hal_cortex.o
 .text.__NVIC_EnableIRQ
                0x0000000008002590       0x3c ./Drivers/STM32L4xx_HAL_Driver/Src/stm32l4xx_hal_cortex.o
 .text.__NVIC_SetPriority
                0x00000000080025cc       0x54 ./Drivers/STM32L4xx_HAL_Driver/Src/stm32l4xx_hal_cortex.o
 .text.NVIC_EncodePriority
                0x0000000008002620       0x66 ./Drivers/STM32L4xx_HAL_Driver/Src/stm32l4xx_hal_cortex.o
 *fill*         0x0000000008002686        0x2 
 .text.SysTick_Config
                0x0000000008002688       0x44 ./Drivers/STM32L4xx_HAL_Driver/Src/stm32l4xx_hal_cortex.o
 .text.HAL_NVIC_SetPriorityGrouping
                0x00000000080026cc       0x16 ./Drivers/STM32L4xx_HAL_Driver/Src/stm32l4xx_hal_cortex.o
                0x00000000080026cc                HAL_NVIC_SetPriorityGrouping
 .text.HAL_NVIC_SetPriority
                0x00000000080026e2       0x38 ./Drivers/STM32L4xx_HAL_Driver/Src/stm32l4xx_hal_cortex.o
                0x00000000080026e2                HAL_NVIC_SetPriority
 .text.HAL_NVIC_EnableIRQ
                0x000000000800271a       0x1c ./Drivers/STM32L4xx_HAL_Driver/Src/stm32l4xx_hal_cortex.o
                0x000000000800271a                HAL_NVIC_EnableIRQ
 .text.HAL_SYSTICK_Config
                0x0000000008002736       0x18 ./Drivers/STM32L4xx_HAL_Driver/Src/stm32l4xx_hal_cortex.o
                0x0000000008002736                HAL_SYSTICK_Config
 .text.HAL_DAC_Init
                0x000000000800274e       0x44 ./Drivers/STM32L4xx_HAL_Driver/Src/stm32l4xx_hal_dac.o
                0x000000000800274e                HAL_DAC_Init
 *fill*         0x0000000008002792        0x2 
 .text.HAL_DAC_Start_DMA
                0x0000000008002794      0x198 ./Drivers/STM32L4xx_HAL_Driver/Src/stm32l4xx_hal_dac.o
                0x0000000008002794                HAL_DAC_Start_DMA
 .text.HAL_DAC_ConvCpltCallbackCh1
                0x000000000800292c       0x14 ./Drivers/STM32L4xx_HAL_Driver/Src/stm32l4xx_hal_dac.o
                0x000000000800292c                HAL_DAC_ConvCpltCallbackCh1
 .text.HAL_DAC_ConvHalfCpltCallbackCh1
                0x0000000008002940       0x14 ./Drivers/STM32L4xx_HAL_Driver/Src/stm32l4xx_hal_dac.o
                0x0000000008002940                HAL_DAC_ConvHalfCpltCallbackCh1
 .text.HAL_DAC_ErrorCallbackCh1
                0x0000000008002954       0x14 ./Drivers/STM32L4xx_HAL_Driver/Src/stm32l4xx_hal_dac.o
                0x0000000008002954                HAL_DAC_ErrorCallbackCh1
 .text.HAL_DAC_ConfigChannel
                0x0000000008002968      0x24e ./Drivers/STM32L4xx_HAL_Driver/Src/stm32l4xx_hal_dac.o
                0x0000000008002968                HAL_DAC_ConfigChannel
 .text.DAC_DMAConvCpltCh1
                0x0000000008002bb6       0x22 ./Drivers/STM32L4xx_HAL_Driver/Src/stm32l4xx_hal_dac.o
                0x0000000008002bb6                DAC_DMAConvCpltCh1
 .text.DAC_DMAHalfConvCpltCh1
                0x0000000008002bd8       0x1c ./Drivers/STM32L4xx_HAL_Driver/Src/stm32l4xx_hal_dac.o
                0x0000000008002bd8                DAC_DMAHalfConvCpltCh1
 .text.DAC_DMAErrorCh1
                0x0000000008002bf4       0x2e ./Drivers/STM32L4xx_HAL_Driver/Src/stm32l4xx_hal_dac.o
                0x0000000008002bf4                DAC_DMAErrorCh1
 .text.HAL_DACEx_ConvCpltCallbackCh2
                0x0000000008002c22       0x14 ./Drivers/STM32L4xx_HAL_Driver/Src/stm32l4xx_hal_dac_ex.o
                0x0000000008002c22                HAL_DACEx_ConvCpltCallbackCh2
 .text.HAL_DACEx_ConvHalfCpltCallbackCh2
                0x0000000008002c36       0x14 ./Drivers/STM32L4xx_HAL_Driver/Src/stm32l4xx_hal_dac_ex.o
                0x0000000008002c36                HAL_DACEx_ConvHalfCpltCallbackCh2
 .text.HAL_DACEx_ErrorCallbackCh2
                0x0000000008002c4a       0x14 ./Drivers/STM32L4xx_HAL_Driver/Src/stm32l4xx_hal_dac_ex.o
                0x0000000008002c4a                HAL_DACEx_ErrorCallbackCh2
 .text.DAC_DMAConvCpltCh2
                0x0000000008002c5e       0x22 ./Drivers/STM32L4xx_HAL_Driver/Src/stm32l4xx_hal_dac_ex.o
                0x0000000008002c5e                DAC_DMAConvCpltCh2
 .text.DAC_DMAHalfConvCpltCh2
                0x0000000008002c80       0x1c ./Drivers/STM32L4xx_HAL_Driver/Src/stm32l4xx_hal_dac_ex.o
                0x0000000008002c80                DAC_DMAHalfConvCpltCh2
 .text.DAC_DMAErrorCh2
                0x0000000008002c9c       0x2e ./Drivers/STM32L4xx_HAL_Driver/Src/stm32l4xx_hal_dac_ex.o
                0x0000000008002c9c                DAC_DMAErrorCh2
 *fill*         0x0000000008002cca        0x2 
 .text.HAL_DMA_Init
                0x0000000008002ccc      0x170 ./Drivers/STM32L4xx_HAL_Driver/Src/stm32l4xx_hal_dma.o
                0x0000000008002ccc                HAL_DMA_Init
 .text.HAL_DMA_Start_IT
                0x0000000008002e3c       0xc0 ./Drivers/STM32L4xx_HAL_Driver/Src/stm32l4xx_hal_dma.o
                0x0000000008002e3c                HAL_DMA_Start_IT
 .text.HAL_DMA_IRQHandler
                0x0000000008002efc      0x15e ./Drivers/STM32L4xx_HAL_Driver/Src/stm32l4xx_hal_dma.o
                0x0000000008002efc                HAL_DMA_IRQHandler
 .text.DMA_SetConfig
                0x000000000800305a       0x60 ./Drivers/STM32L4xx_HAL_Driver/Src/stm32l4xx_hal_dma.o
 *fill*         0x00000000080030ba        0x2 
 .text.HAL_GPIO_Init
                0x00000000080030bc      0x324 ./Drivers/STM32L4xx_HAL_Driver/Src/stm32l4xx_hal_gpio.o
                0x00000000080030bc                HAL_GPIO_Init
 .text.HAL_GPIO_WritePin
                0x00000000080033e0       0x30 ./Drivers/STM32L4xx_HAL_Driver/Src/stm32l4xx_hal_gpio.o
                0x00000000080033e0                HAL_GPIO_WritePin
 .text.HAL_PCD_Init
                0x0000000008003410      0x248 ./Drivers/STM32L4xx_HAL_Driver/Src/stm32l4xx_hal_pcd.o
                0x0000000008003410                HAL_PCD_Init
 .text.HAL_PCDEx_ActivateLPM
                0x0000000008003658       0x48 ./Drivers/STM32L4xx_HAL_Driver/Src/stm32l4xx_hal_pcd_ex.o
                0x0000000008003658                HAL_PCDEx_ActivateLPM
 .text.HAL_PWR_EnableBkUpAccess
                0x00000000080036a0       0x20 ./Drivers/STM32L4xx_HAL_Driver/Src/stm32l4xx_hal_pwr.o
                0x00000000080036a0                HAL_PWR_EnableBkUpAccess
 .text.HAL_PWREx_GetVoltageRange
                0x00000000080036c0       0x1c ./Drivers/STM32L4xx_HAL_Driver/Src/stm32l4xx_hal_pwr_ex.o
                0x00000000080036c0                HAL_PWREx_GetVoltageRange
 .text.HAL_PWREx_ControlVoltageScaling
                0x00000000080036dc       0xac ./Drivers/STM32L4xx_HAL_Driver/Src/stm32l4xx_hal_pwr_ex.o
                0x00000000080036dc                HAL_PWREx_ControlVoltageScaling
 .text.HAL_PWREx_EnableVddUSB
                0x0000000008003788       0x20 ./Drivers/STM32L4xx_HAL_Driver/Src/stm32l4xx_hal_pwr_ex.o
                0x0000000008003788                HAL_PWREx_EnableVddUSB
 .text.HAL_PWREx_EnableVddIO2
                0x00000000080037a8       0x20 ./Drivers/STM32L4xx_HAL_Driver/Src/stm32l4xx_hal_pwr_ex.o
                0x00000000080037a8                HAL_PWREx_EnableVddIO2
 .text.HAL_RCC_OscConfig
                0x00000000080037c8      0x834 ./Drivers/STM32L4xx_HAL_Driver/Src/stm32l4xx_hal_rcc.o
                0x00000000080037c8                HAL_RCC_OscConfig
 .text.HAL_RCC_ClockConfig
                0x0000000008003ffc      0x200 ./Drivers/STM32L4xx_HAL_Driver/Src/stm32l4xx_hal_rcc.o
                0x0000000008003ffc                HAL_RCC_ClockConfig
 .text.HAL_RCC_GetSysClockFreq
                0x00000000080041fc      0x118 ./Drivers/STM32L4xx_HAL_Driver/Src/stm32l4xx_hal_rcc.o
                0x00000000080041fc                HAL_RCC_GetSysClockFreq
 .text.HAL_RCC_GetHCLKFreq
                0x0000000008004314       0x18 ./Drivers/STM32L4xx_HAL_Driver/Src/stm32l4xx_hal_rcc.o
                0x0000000008004314                HAL_RCC_GetHCLKFreq
 .text.HAL_RCC_GetPCLK1Freq
                0x000000000800432c       0x2c ./Drivers/STM32L4xx_HAL_Driver/Src/stm32l4xx_hal_rcc.o
                0x000000000800432c                HAL_RCC_GetPCLK1Freq
 .text.HAL_RCC_GetPCLK2Freq
                0x0000000008004358       0x2c ./Drivers/STM32L4xx_HAL_Driver/Src/stm32l4xx_hal_rcc.o
                0x0000000008004358                HAL_RCC_GetPCLK2Freq
 .text.RCC_SetFlashLatencyFromMSIRange
                0x0000000008004384       0xc0 ./Drivers/STM32L4xx_HAL_Driver/Src/stm32l4xx_hal_rcc.o
 .text.HAL_RCCEx_PeriphCLKConfig
                0x0000000008004444      0x5f8 ./Drivers/STM32L4xx_HAL_Driver/Src/stm32l4xx_hal_rcc_ex.o
                0x0000000008004444                HAL_RCCEx_PeriphCLKConfig
 .text.HAL_RCCEx_EnableMSIPLLMode
                0x0000000008004a3c       0x20 ./Drivers/STM32L4xx_HAL_Driver/Src/stm32l4xx_hal_rcc_ex.o
                0x0000000008004a3c                HAL_RCCEx_EnableMSIPLLMode
 .text.RCCEx_PLLSAI1_Config
                0x0000000008004a5c      0x1e4 ./Drivers/STM32L4xx_HAL_Driver/Src/stm32l4xx_hal_rcc_ex.o
 .text.RCCEx_PLLSAI2_Config
                0x0000000008004c40      0x1b8 ./Drivers/STM32L4xx_HAL_Driver/Src/stm32l4xx_hal_rcc_ex.o
 .text.HAL_TIM_Base_Init
                0x0000000008004df8       0xae ./Drivers/STM32L4xx_HAL_Driver/Src/stm32l4xx_hal_tim.o
                0x0000000008004df8                HAL_TIM_Base_Init
 *fill*         0x0000000008004ea6        0x2 
 .text.HAL_TIM_Base_Start
                0x0000000008004ea8       0xd0 ./Drivers/STM32L4xx_HAL_Driver/Src/stm32l4xx_hal_tim.o
                0x0000000008004ea8                HAL_TIM_Base_Start
 .text.TIM_Base_SetConfig
                0x0000000008004f78      0x134 ./Drivers/STM32L4xx_HAL_Driver/Src/stm32l4xx_hal_tim.o
                0x0000000008004f78                TIM_Base_SetConfig
 .text.HAL_TIMEx_MasterConfigSynchronization
                0x00000000080050ac      0x110 ./Drivers/STM32L4xx_HAL_Driver/Src/stm32l4xx_hal_tim_ex.o
                0x00000000080050ac                HAL_TIMEx_MasterConfigSynchronization
 .text.HAL_UART_Init
                0x00000000080051bc       0x9c ./Drivers/STM32L4xx_HAL_Driver/Src/stm32l4xx_hal_uart.o
                0x00000000080051bc                HAL_UART_Init
 .text.UART_SetConfig
                0x0000000008005258      0x570 ./Drivers/STM32L4xx_HAL_Driver/Src/stm32l4xx_hal_uart.o
                0x0000000008005258                UART_SetConfig
 .text.UART_AdvFeatureConfig
                0x00000000080057c8      0x144 ./Drivers/STM32L4xx_HAL_Driver/Src/stm32l4xx_hal_uart.o
                0x00000000080057c8                UART_AdvFeatureConfig
 .text.UART_CheckIdleState
                0x000000000800590c      0x150 ./Drivers/STM32L4xx_HAL_Driver/Src/stm32l4xx_hal_uart.o
                0x000000000800590c                UART_CheckIdleState
 .text.UART_WaitOnFlagUntilTimeout
                0x0000000008005a5c       0xce ./Drivers/STM32L4xx_HAL_Driver/Src/stm32l4xx_hal_uart.o
                0x0000000008005a5c                UART_WaitOnFlagUntilTimeout
 .text.UART_EndRxTransfer
                0x0000000008005b2a       0xc8 ./Drivers/STM32L4xx_HAL_Driver/Src/stm32l4xx_hal_uart.o
 .text.USB_CoreInit
                0x0000000008005bf2       0x58 ./Drivers/STM32L4xx_HAL_Driver/Src/stm32l4xx_ll_usb.o
                0x0000000008005bf2                USB_CoreInit
 .text.USB_DisableGlobalInt
                0x0000000008005c4a       0x22 ./Drivers/STM32L4xx_HAL_Driver/Src/stm32l4xx_ll_usb.o
                0x0000000008005c4a                USB_DisableGlobalInt
 .text.USB_SetCurrentMode
                0x0000000008005c6c       0x98 ./Drivers/STM32L4xx_HAL_Driver/Src/stm32l4xx_ll_usb.o
                0x0000000008005c6c                USB_SetCurrentMode
 .text.USB_DevInit
                0x0000000008005d04      0x284 ./Drivers/STM32L4xx_HAL_Driver/Src/stm32l4xx_ll_usb.o
                0x0000000008005d04                USB_DevInit
 .text.USB_FlushTxFifo
                0x0000000008005f88       0x68 ./Drivers/STM32L4xx_HAL_Driver/Src/stm32l4xx_ll_usb.o
                0x0000000008005f88                USB_FlushTxFifo
 .text.USB_FlushRxFifo
                0x0000000008005ff0       0x60 ./Drivers/STM32L4xx_HAL_Driver/Src/stm32l4xx_ll_usb.o
                0x0000000008005ff0                USB_FlushRxFifo
 .text.USB_SetDevSpeed
                0x0000000008006050       0x32 ./Drivers/STM32L4xx_HAL_Driver/Src/stm32l4xx_ll_usb.o
                0x0000000008006050                USB_SetDevSpeed
 .text.USB_DevDisconnect
                0x0000000008006082       0x42 ./Drivers/STM32L4xx_HAL_Driver/Src/stm32l4xx_ll_usb.o
                0x0000000008006082                USB_DevDisconnect
 .text.USB_GetMode
                0x00000000080060c4       0x1c ./Drivers/STM32L4xx_HAL_Driver/Src/stm32l4xx_ll_usb.o
                0x00000000080060c4                USB_GetMode
 .text.USB_CoreReset
                0x00000000080060e0       0x68 ./Drivers/STM32L4xx_HAL_Driver/Src/stm32l4xx_ll_usb.o
 .text.arm_rfft_32_fast_init_f32
                0x0000000008006148       0x34 C:\Users\ldu08\OneDrive\Documents\Github\Software-Defined-Radio\Jerryrig\JerryRigIDE\Drivers\CMSIS\Lib\GCC\libarm_cortexM4lf_math.a(arm_rfft_fast_init_f32.o)
                0x0000000008006148                arm_rfft_32_fast_init_f32
 .text.arm_rfft_64_fast_init_f32
                0x000000000800617c       0x34 C:\Users\ldu08\OneDrive\Documents\Github\Software-Defined-Radio\Jerryrig\JerryRigIDE\Drivers\CMSIS\Lib\GCC\libarm_cortexM4lf_math.a(arm_rfft_fast_init_f32.o)
                0x000000000800617c                arm_rfft_64_fast_init_f32
 .text.arm_rfft_256_fast_init_f32
                0x00000000080061b0       0x38 C:\Users\ldu08\OneDrive\Documents\Github\Software-Defined-Radio\Jerryrig\JerryRigIDE\Drivers\CMSIS\Lib\GCC\libarm_cortexM4lf_math.a(arm_rfft_fast_init_f32.o)
                0x00000000080061b0                arm_rfft_256_fast_init_f32
 .text.arm_rfft_512_fast_init_f32
                0x00000000080061e8       0x3c C:\Users\ldu08\OneDrive\Documents\Github\Software-Defined-Radio\Jerryrig\JerryRigIDE\Drivers\CMSIS\Lib\GCC\libarm_cortexM4lf_math.a(arm_rfft_fast_init_f32.o)
                0x00000000080061e8                arm_rfft_512_fast_init_f32
 .text.arm_rfft_1024_fast_init_f32
                0x0000000008006224       0x3c C:\Users\ldu08\OneDrive\Documents\Github\Software-Defined-Radio\Jerryrig\JerryRigIDE\Drivers\CMSIS\Lib\GCC\libarm_cortexM4lf_math.a(arm_rfft_fast_init_f32.o)
                0x0000000008006224                arm_rfft_1024_fast_init_f32
 .text.arm_rfft_2048_fast_init_f32
                0x0000000008006260       0x3c C:\Users\ldu08\OneDrive\Documents\Github\Software-Defined-Radio\Jerryrig\JerryRigIDE\Drivers\CMSIS\Lib\GCC\libarm_cortexM4lf_math.a(arm_rfft_fast_init_f32.o)
                0x0000000008006260                arm_rfft_2048_fast_init_f32
 .text.arm_rfft_4096_fast_init_f32
                0x000000000800629c       0x3c C:\Users\ldu08\OneDrive\Documents\Github\Software-Defined-Radio\Jerryrig\JerryRigIDE\Drivers\CMSIS\Lib\GCC\libarm_cortexM4lf_math.a(arm_rfft_fast_init_f32.o)
                0x000000000800629c                arm_rfft_4096_fast_init_f32
 .text.arm_rfft_fast_init_f32
                0x00000000080062d8       0x68 C:\Users\ldu08\OneDrive\Documents\Github\Software-Defined-Radio\Jerryrig\JerryRigIDE\Drivers\CMSIS\Lib\GCC\libarm_cortexM4lf_math.a(arm_rfft_fast_init_f32.o)
                0x00000000080062d8                arm_rfft_fast_init_f32
 .text.stage_rfft_f32
                0x0000000008006340       0xb4 C:\Users\ldu08\OneDrive\Documents\Github\Software-Defined-Radio\Jerryrig\JerryRigIDE\Drivers\CMSIS\Lib\GCC\libarm_cortexM4lf_math.a(arm_rfft_fast_f32.o)
                0x0000000008006340                stage_rfft_f32
 .text.merge_rfft_f32
                0x00000000080063f4       0xac C:\Users\ldu08\OneDrive\Documents\Github\Software-Defined-Radio\Jerryrig\JerryRigIDE\Drivers\CMSIS\Lib\GCC\libarm_cortexM4lf_math.a(arm_rfft_fast_f32.o)
                0x00000000080063f4                merge_rfft_f32
 .text.arm_rfft_fast_f32
                0x00000000080064a0       0x40 C:\Users\ldu08\OneDrive\Documents\Github\Software-Defined-Radio\Jerryrig\JerryRigIDE\Drivers\CMSIS\Lib\GCC\libarm_cortexM4lf_math.a(arm_rfft_fast_f32.o)
                0x00000000080064a0                arm_rfft_fast_f32
 .text.arm_cfft_radix8by2_f32
                0x00000000080064e0      0x1a0 C:\Users\ldu08\OneDrive\Documents\Github\Software-Defined-Radio\Jerryrig\JerryRigIDE\Drivers\CMSIS\Lib\GCC\libarm_cortexM4lf_math.a(arm_cfft_f32.o)
                0x00000000080064e0                arm_cfft_radix8by2_f32
 .text.arm_cfft_radix8by4_f32
                0x0000000008006680      0x4ac C:\Users\ldu08\OneDrive\Documents\Github\Software-Defined-Radio\Jerryrig\JerryRigIDE\Drivers\CMSIS\Lib\GCC\libarm_cortexM4lf_math.a(arm_cfft_f32.o)
                0x0000000008006680                arm_cfft_radix8by4_f32
 .text.arm_cfft_f32
                0x0000000008006b2c       0xf0 C:\Users\ldu08\OneDrive\Documents\Github\Software-Defined-Radio\Jerryrig\JerryRigIDE\Drivers\CMSIS\Lib\GCC\libarm_cortexM4lf_math.a(arm_cfft_f32.o)
                0x0000000008006b2c                arm_cfft_f32
 .text.arm_bitreversal_32
                0x0000000008006c1c       0x40 C:\Users\ldu08\OneDrive\Documents\Github\Software-Defined-Radio\Jerryrig\JerryRigIDE\Drivers\CMSIS\Lib\GCC\libarm_cortexM4lf_math.a(arm_bitreversal2.o)
                0x0000000008006c1c                arm_bitreversal_32
 .text.arm_conv_f32
                0x0000000008006c5c      0x534 C:\Users\ldu08\OneDrive\Documents\Github\Software-Defined-Radio\Jerryrig\JerryRigIDE\Drivers\CMSIS\Lib\GCC\libarm_cortexM4lf_math.a(arm_conv_f32.o)
                0x0000000008006c5c                arm_conv_f32
 .text.arm_radix8_butterfly_f32
                0x0000000008007190      0x580 C:\Users\ldu08\OneDrive\Documents\Github\Software-Defined-Radio\Jerryrig\JerryRigIDE\Drivers\CMSIS\Lib\GCC\libarm_cortexM4lf_math.a(arm_cfft_radix8_f32.o)
                0x0000000008007190                arm_radix8_butterfly_f32
 .text.memset   0x0000000008007710       0x10 C:/ST/STM32CubeIDE_1.11.0/STM32CubeIDE/plugins/com.st.stm32cube.ide.mcu.externaltools.gnu-tools-for-stm32.11.3.rel1.win32_1.1.1.202309131626/tools/bin/../lib/gcc/arm-none-eabi/11.3.1/../../../../arm-none-eabi/lib/thumb/v7e-m+fp/hard\libc_nano.a(libc_a-memset.o)
                0x0000000008007710                memset
 .text.__libc_init_array
                0x0000000008007720       0x48 C:/ST/STM32CubeIDE_1.11.0/STM32CubeIDE/plugins/com.st.stm32cube.ide.mcu.externaltools.gnu-tools-for-stm32.11.3.rel1.win32_1.1.1.202309131626/tools/bin/../lib/gcc/arm-none-eabi/11.3.1/../../../../arm-none-eabi/lib/thumb/v7e-m+fp/hard\libc_nano.a(libc_a-init.o)
                0x0000000008007720                __libc_init_array
 *(.glue_7)
 .glue_7        0x0000000008007768        0x0 linker stubs
 *(.glue_7t)
 .glue_7t       0x0000000008007768        0x0 linker stubs
 *(.eh_frame)
 .eh_frame      0x0000000008007768        0x0 C:/ST/STM32CubeIDE_1.11.0/STM32CubeIDE/plugins/com.st.stm32cube.ide.mcu.externaltools.gnu-tools-for-stm32.11.3.rel1.win32_1.1.1.202309131626/tools/bin/../lib/gcc/arm-none-eabi/11.3.1/thumb/v7e-m+fp/hard/crtbegin.o
 *(.init)
 .init          0x0000000008007768        0x4 C:/ST/STM32CubeIDE_1.11.0/STM32CubeIDE/plugins/com.st.stm32cube.ide.mcu.externaltools.gnu-tools-for-stm32.11.3.rel1.win32_1.1.1.202309131626/tools/bin/../lib/gcc/arm-none-eabi/11.3.1/thumb/v7e-m+fp/hard/crti.o
                0x0000000008007768                _init
 .init          0x000000000800776c        0x8 C:/ST/STM32CubeIDE_1.11.0/STM32CubeIDE/plugins/com.st.stm32cube.ide.mcu.externaltools.gnu-tools-for-stm32.11.3.rel1.win32_1.1.1.202309131626/tools/bin/../lib/gcc/arm-none-eabi/11.3.1/thumb/v7e-m+fp/hard/crtn.o
 *(.fini)
 .fini          0x0000000008007774        0x4 C:/ST/STM32CubeIDE_1.11.0/STM32CubeIDE/plugins/com.st.stm32cube.ide.mcu.externaltools.gnu-tools-for-stm32.11.3.rel1.win32_1.1.1.202309131626/tools/bin/../lib/gcc/arm-none-eabi/11.3.1/thumb/v7e-m+fp/hard/crti.o
                0x0000000008007774                _fini
 .fini          0x0000000008007778        0x8 C:/ST/STM32CubeIDE_1.11.0/STM32CubeIDE/plugins/com.st.stm32cube.ide.mcu.externaltools.gnu-tools-for-stm32.11.3.rel1.win32_1.1.1.202309131626/tools/bin/../lib/gcc/arm-none-eabi/11.3.1/thumb/v7e-m+fp/hard/crtn.o
                0x0000000008007780                . = ALIGN (0x4)
                0x0000000008007780                _etext = .

.vfp11_veneer   0x0000000008007780        0x0
 .vfp11_veneer  0x0000000008007780        0x0 linker stubs

.v4_bx          0x0000000008007780        0x0
 .v4_bx         0x0000000008007780        0x0 linker stubs

.iplt           0x0000000008007780        0x0
 .iplt          0x0000000008007780        0x0 C:/ST/STM32CubeIDE_1.11.0/STM32CubeIDE/plugins/com.st.stm32cube.ide.mcu.externaltools.gnu-tools-for-stm32.11.3.rel1.win32_1.1.1.202309131626/tools/bin/../lib/gcc/arm-none-eabi/11.3.1/thumb/v7e-m+fp/hard/crtbegin.o

.rodata         0x0000000008007780    0x13030
                0x0000000008007780                . = ALIGN (0x4)
 *(.rodata)
 *(.rodata*)
 .rodata.AHBPrescTable
                0x0000000008007780       0x10 ./Core/Src/system_stm32l4xx.o
                0x0000000008007780                AHBPrescTable
 .rodata.APBPrescTable
                0x0000000008007790        0x8 ./Core/Src/system_stm32l4xx.o
                0x0000000008007790                APBPrescTable
 .rodata.MSIRangeTable
                0x0000000008007798       0x30 ./Core/Src/system_stm32l4xx.o
                0x0000000008007798                MSIRangeTable
 .rodata.armBitRevIndexTable1024
                0x00000000080077c8      0xe10 C:\Users\ldu08\OneDrive\Documents\Github\Software-Defined-Radio\Jerryrig\JerryRigIDE\Drivers\CMSIS\Lib\GCC\libarm_cortexM4lf_math.a(arm_common_tables.o)
                0x00000000080077c8                armBitRevIndexTable1024
 .rodata.armBitRevIndexTable128
                0x00000000080085d8      0x1a0 C:\Users\ldu08\OneDrive\Documents\Github\Software-Defined-Radio\Jerryrig\JerryRigIDE\Drivers\CMSIS\Lib\GCC\libarm_cortexM4lf_math.a(arm_common_tables.o)
                0x00000000080085d8                armBitRevIndexTable128
 .rodata.armBitRevIndexTable16
                0x0000000008008778       0x28 C:\Users\ldu08\OneDrive\Documents\Github\Software-Defined-Radio\Jerryrig\JerryRigIDE\Drivers\CMSIS\Lib\GCC\libarm_cortexM4lf_math.a(arm_common_tables.o)
                0x0000000008008778                armBitRevIndexTable16
 .rodata.armBitRevIndexTable2048
                0x00000000080087a0     0x1dc0 C:\Users\ldu08\OneDrive\Documents\Github\Software-Defined-Radio\Jerryrig\JerryRigIDE\Drivers\CMSIS\Lib\GCC\libarm_cortexM4lf_math.a(arm_common_tables.o)
                0x00000000080087a0                armBitRevIndexTable2048
 .rodata.armBitRevIndexTable256
                0x000000000800a560      0x370 C:\Users\ldu08\OneDrive\Documents\Github\Software-Defined-Radio\Jerryrig\JerryRigIDE\Drivers\CMSIS\Lib\GCC\libarm_cortexM4lf_math.a(arm_common_tables.o)
                0x000000000800a560                armBitRevIndexTable256
 .rodata.armBitRevIndexTable32
                0x000000000800a8d0       0x60 C:\Users\ldu08\OneDrive\Documents\Github\Software-Defined-Radio\Jerryrig\JerryRigIDE\Drivers\CMSIS\Lib\GCC\libarm_cortexM4lf_math.a(arm_common_tables.o)
                0x000000000800a8d0                armBitRevIndexTable32
 .rodata.armBitRevIndexTable512
                0x000000000800a930      0x380 C:\Users\ldu08\OneDrive\Documents\Github\Software-Defined-Radio\Jerryrig\JerryRigIDE\Drivers\CMSIS\Lib\GCC\libarm_cortexM4lf_math.a(arm_common_tables.o)
                0x000000000800a930                armBitRevIndexTable512
 .rodata.twiddleCoef_1024
                0x000000000800acb0     0x2000 C:\Users\ldu08\OneDrive\Documents\Github\Software-Defined-Radio\Jerryrig\JerryRigIDE\Drivers\CMSIS\Lib\GCC\libarm_cortexM4lf_math.a(arm_common_tables.o)
                0x000000000800acb0                twiddleCoef_1024
 .rodata.twiddleCoef_128
                0x000000000800ccb0      0x400 C:\Users\ldu08\OneDrive\Documents\Github\Software-Defined-Radio\Jerryrig\JerryRigIDE\Drivers\CMSIS\Lib\GCC\libarm_cortexM4lf_math.a(arm_common_tables.o)
                0x000000000800ccb0                twiddleCoef_128
 .rodata.twiddleCoef_16
                0x000000000800d0b0       0x80 C:\Users\ldu08\OneDrive\Documents\Github\Software-Defined-Radio\Jerryrig\JerryRigIDE\Drivers\CMSIS\Lib\GCC\libarm_cortexM4lf_math.a(arm_common_tables.o)
                0x000000000800d0b0                twiddleCoef_16
 .rodata.twiddleCoef_2048
                0x000000000800d130     0x4000 C:\Users\ldu08\OneDrive\Documents\Github\Software-Defined-Radio\Jerryrig\JerryRigIDE\Drivers\CMSIS\Lib\GCC\libarm_cortexM4lf_math.a(arm_common_tables.o)
                0x000000000800d130                twiddleCoef_2048
 .rodata.twiddleCoef_256
                0x0000000008011130      0x800 C:\Users\ldu08\OneDrive\Documents\Github\Software-Defined-Radio\Jerryrig\JerryRigIDE\Drivers\CMSIS\Lib\GCC\libarm_cortexM4lf_math.a(arm_common_tables.o)
                0x0000000008011130                twiddleCoef_256
 .rodata.twiddleCoef_32
                0x0000000008011930      0x100 C:\Users\ldu08\OneDrive\Documents\Github\Software-Defined-Radio\Jerryrig\JerryRigIDE\Drivers\CMSIS\Lib\GCC\libarm_cortexM4lf_math.a(arm_common_tables.o)
                0x0000000008011930                twiddleCoef_32
 .rodata.twiddleCoef_512
                0x0000000008011a30     0x1000 C:\Users\ldu08\OneDrive\Documents\Github\Software-Defined-Radio\Jerryrig\JerryRigIDE\Drivers\CMSIS\Lib\GCC\libarm_cortexM4lf_math.a(arm_common_tables.o)
                0x0000000008011a30                twiddleCoef_512
 .rodata.twiddleCoef_rfft_1024
                0x0000000008012a30     0x1000 C:\Users\ldu08\OneDrive\Documents\Github\Software-Defined-Radio\Jerryrig\JerryRigIDE\Drivers\CMSIS\Lib\GCC\libarm_cortexM4lf_math.a(arm_common_tables.o)
                0x0000000008012a30                twiddleCoef_rfft_1024
 .rodata.twiddleCoef_rfft_2048
                0x0000000008013a30     0x2000 C:\Users\ldu08\OneDrive\Documents\Github\Software-Defined-Radio\Jerryrig\JerryRigIDE\Drivers\CMSIS\Lib\GCC\libarm_cortexM4lf_math.a(arm_common_tables.o)
                0x0000000008013a30                twiddleCoef_rfft_2048
 .rodata.twiddleCoef_rfft_256
                0x0000000008015a30      0x400 C:\Users\ldu08\OneDrive\Documents\Github\Software-Defined-Radio\Jerryrig\JerryRigIDE\Drivers\CMSIS\Lib\GCC\libarm_cortexM4lf_math.a(arm_common_tables.o)
                0x0000000008015a30                twiddleCoef_rfft_256
 .rodata.twiddleCoef_rfft_32
                0x0000000008015e30       0x80 C:\Users\ldu08\OneDrive\Documents\Github\Software-Defined-Radio\Jerryrig\JerryRigIDE\Drivers\CMSIS\Lib\GCC\libarm_cortexM4lf_math.a(arm_common_tables.o)
                0x0000000008015e30                twiddleCoef_rfft_32
 .rodata.twiddleCoef_rfft_4096
                0x0000000008015eb0     0x4000 C:\Users\ldu08\OneDrive\Documents\Github\Software-Defined-Radio\Jerryrig\JerryRigIDE\Drivers\CMSIS\Lib\GCC\libarm_cortexM4lf_math.a(arm_common_tables.o)
                0x0000000008015eb0                twiddleCoef_rfft_4096
 .rodata.twiddleCoef_rfft_512
                0x0000000008019eb0      0x800 C:\Users\ldu08\OneDrive\Documents\Github\Software-Defined-Radio\Jerryrig\JerryRigIDE\Drivers\CMSIS\Lib\GCC\libarm_cortexM4lf_math.a(arm_common_tables.o)
                0x0000000008019eb0                twiddleCoef_rfft_512
 .rodata.twiddleCoef_rfft_64
                0x000000000801a6b0      0x100 C:\Users\ldu08\OneDrive\Documents\Github\Software-Defined-Radio\Jerryrig\JerryRigIDE\Drivers\CMSIS\Lib\GCC\libarm_cortexM4lf_math.a(arm_common_tables.o)
                0x000000000801a6b0                twiddleCoef_rfft_64
                0x000000000801a7b0                . = ALIGN (0x4)

.ARM.extab      0x000000000801a7b0        0x0
                0x000000000801a7b0                . = ALIGN (0x4)
 *(.ARM.extab* .gnu.linkonce.armextab.*)
                0x000000000801a7b0                . = ALIGN (0x4)

.ARM            0x000000000801a7b0        0x8
                0x000000000801a7b0                . = ALIGN (0x4)
                0x000000000801a7b0                __exidx_start = .
 *(.ARM.exidx*)
 .ARM.exidx     0x000000000801a7b0        0x8 C:/ST/STM32CubeIDE_1.11.0/STM32CubeIDE/plugins/com.st.stm32cube.ide.mcu.externaltools.gnu-tools-for-stm32.11.3.rel1.win32_1.1.1.202309131626/tools/bin/../lib/gcc/arm-none-eabi/11.3.1/thumb/v7e-m+fp/hard\libgcc.a(_udivmoddi4.o)
                0x000000000801a7b8                __exidx_end = .
                0x000000000801a7b8                . = ALIGN (0x4)

.rel.dyn        0x000000000801a7b8        0x0
 .rel.iplt      0x000000000801a7b8        0x0 C:/ST/STM32CubeIDE_1.11.0/STM32CubeIDE/plugins/com.st.stm32cube.ide.mcu.externaltools.gnu-tools-for-stm32.11.3.rel1.win32_1.1.1.202309131626/tools/bin/../lib/gcc/arm-none-eabi/11.3.1/thumb/v7e-m+fp/hard/crtbegin.o

.preinit_array  0x000000000801a7b8        0x0
                0x000000000801a7b8                . = ALIGN (0x4)
                0x000000000801a7b8                PROVIDE (__preinit_array_start = .)
 *(.preinit_array*)
                0x000000000801a7b8                PROVIDE (__preinit_array_end = .)
                0x000000000801a7b8                . = ALIGN (0x4)

.init_array     0x000000000801a7b8        0x4
                0x000000000801a7b8                . = ALIGN (0x4)
                0x000000000801a7b8                PROVIDE (__init_array_start = .)
 *(SORT_BY_NAME(.init_array.*))
 *(.init_array*)
 .init_array    0x000000000801a7b8        0x4 C:/ST/STM32CubeIDE_1.11.0/STM32CubeIDE/plugins/com.st.stm32cube.ide.mcu.externaltools.gnu-tools-for-stm32.11.3.rel1.win32_1.1.1.202309131626/tools/bin/../lib/gcc/arm-none-eabi/11.3.1/thumb/v7e-m+fp/hard/crtbegin.o
                0x000000000801a7bc                PROVIDE (__init_array_end = .)
                0x000000000801a7bc                . = ALIGN (0x4)

.fini_array     0x000000000801a7bc        0x4
                0x000000000801a7bc                . = ALIGN (0x4)
                [!provide]                        PROVIDE (__fini_array_start = .)
 *(SORT_BY_NAME(.fini_array.*))
 *(.fini_array*)
 .fini_array    0x000000000801a7bc        0x4 C:/ST/STM32CubeIDE_1.11.0/STM32CubeIDE/plugins/com.st.stm32cube.ide.mcu.externaltools.gnu-tools-for-stm32.11.3.rel1.win32_1.1.1.202309131626/tools/bin/../lib/gcc/arm-none-eabi/11.3.1/thumb/v7e-m+fp/hard/crtbegin.o
                [!provide]                        PROVIDE (__fini_array_end = .)
                0x000000000801a7c0                . = ALIGN (0x4)
                0x000000000801a7c0                _sidata = LOADADDR (.data)

.data           0x0000000020000000       0x34 load address 0x000000000801a7c0
                0x0000000020000000                . = ALIGN (0x4)
                0x0000000020000000                _sdata = .
 *(.data)
 *(.data*)
 .data.a        0x0000000020000000       0x14 ./Core/Src/main.o
                0x0000000020000000                a
 .data.b        0x0000000020000014       0x14 ./Core/Src/main.o
                0x0000000020000014                b
 .data.SystemCoreClock
                0x0000000020000028        0x4 ./Core/Src/system_stm32l4xx.o
                0x0000000020000028                SystemCoreClock
 .data.uwTickPrio
                0x000000002000002c        0x4 ./Drivers/STM32L4xx_HAL_Driver/Src/stm32l4xx_hal.o
                0x000000002000002c                uwTickPrio
 .data.uwTickFreq
                0x0000000020000030        0x1 ./Drivers/STM32L4xx_HAL_Driver/Src/stm32l4xx_hal.o
                0x0000000020000030                uwTickFreq
 *(.RamFunc)
 *(.RamFunc*)
                0x0000000020000034                . = ALIGN (0x4)
 *fill*         0x0000000020000031        0x3 
                0x0000000020000034                _edata = .

.igot.plt       0x0000000020000034        0x0 load address 0x000000000801a7f4
 .igot.plt      0x0000000020000034        0x0 C:/ST/STM32CubeIDE_1.11.0/STM32CubeIDE/plugins/com.st.stm32cube.ide.mcu.externaltools.gnu-tools-for-stm32.11.3.rel1.win32_1.1.1.202309131626/tools/bin/../lib/gcc/arm-none-eabi/11.3.1/thumb/v7e-m+fp/hard/crtbegin.o
                0x0000000020000034                . = ALIGN (0x4)

.bss            0x0000000020000034     0x574c load address 0x000000000801a7f4
                0x0000000020000034                _sbss = .
                0x0000000020000034                __bss_start__ = _sbss
 *(.bss)
 .bss           0x0000000020000034       0x1c C:/ST/STM32CubeIDE_1.11.0/STM32CubeIDE/plugins/com.st.stm32cube.ide.mcu.externaltools.gnu-tools-for-stm32.11.3.rel1.win32_1.1.1.202309131626/tools/bin/../lib/gcc/arm-none-eabi/11.3.1/thumb/v7e-m+fp/hard/crtbegin.o
 *(.bss*)
 .bss.hadc1     0x0000000020000050       0x68 ./Core/Src/main.o
                0x0000000020000050                hadc1
 .bss.hdma_adc1
                0x00000000200000b8       0x48 ./Core/Src/main.o
                0x00000000200000b8                hdma_adc1
 .bss.hdac1     0x0000000020000100       0x14 ./Core/Src/main.o
                0x0000000020000100                hdac1
 .bss.hdma_dac_ch1
                0x0000000020000114       0x48 ./Core/Src/main.o
                0x0000000020000114                hdma_dac_ch1
 .bss.hlpuart1  0x000000002000015c       0x88 ./Core/Src/main.o
                0x000000002000015c                hlpuart1
 .bss.htim6     0x00000000200001e4       0x4c ./Core/Src/main.o
                0x00000000200001e4                htim6
 .bss.hpcd_USB_OTG_FS
                0x0000000020000230      0x50c ./Core/Src/main.o
                0x0000000020000230                hpcd_USB_OTG_FS
 .bss.adc_val   0x000000002000073c     0x2000 ./Core/Src/main.o
                0x000000002000073c                adc_val
 .bss.dac_val   0x000000002000273c     0x2000 ./Core/Src/main.o
                0x000000002000273c                dac_val
 .bss.outtest   0x000000002000473c     0x1000 ./Core/Src/main.o
                0x000000002000473c                outtest
 .bss.in_buf_ptr
                0x000000002000573c        0x4 ./Core/Src/main.o
                0x000000002000573c                in_buf_ptr
 .bss.out_buf_ptr
                0x0000000020005740        0x4 ./Core/Src/main.o
                0x0000000020005740                out_buf_ptr
 .bss.flag      0x0000000020005744        0x4 ./Core/Src/main.o
                0x0000000020005744                flag
 .bss.c         0x0000000020005748       0x24 ./Core/Src/main.o
                0x0000000020005748                c
 .bss.varInstCfftF32
                0x000000002000576c       0x10 ./Core/Src/main.o
                0x000000002000576c                varInstCfftF32
 .bss.uwTick    0x000000002000577c        0x4 ./Drivers/STM32L4xx_HAL_Driver/Src/stm32l4xx_hal.o
                0x000000002000577c                uwTick
 *(COMMON)
                0x0000000020005780                . = ALIGN (0x4)
                0x0000000020005780                _ebss = .
                0x0000000020005780                __bss_end__ = _ebss

._user_heap_stack
                0x0000000020005780      0x600 load address 0x000000000801a7f4
                0x0000000020005780                . = ALIGN (0x8)
                [!provide]                        PROVIDE (end = .)
                0x0000000020005780                PROVIDE (_end = .)
                0x0000000020005980                . = (. + _Min_Heap_Size)
 *fill*         0x0000000020005780      0x200 
                0x0000000020005d80                . = (. + _Min_Stack_Size)
 *fill*         0x0000000020005980      0x400 
                0x0000000020005d80                . = ALIGN (0x8)

/DISCARD/
 libc.a(*)
 libm.a(*)
 libgcc.a(*)

.ARM.attributes
                0x0000000000000000       0x30
 *(.ARM.attributes)
 .ARM.attributes
                0x0000000000000000       0x1e C:/ST/STM32CubeIDE_1.11.0/STM32CubeIDE/plugins/com.st.stm32cube.ide.mcu.externaltools.gnu-tools-for-stm32.11.3.rel1.win32_1.1.1.202309131626/tools/bin/../lib/gcc/arm-none-eabi/11.3.1/thumb/v7e-m+fp/hard/crti.o
 .ARM.attributes
                0x000000000000001e       0x34 C:/ST/STM32CubeIDE_1.11.0/STM32CubeIDE/plugins/com.st.stm32cube.ide.mcu.externaltools.gnu-tools-for-stm32.11.3.rel1.win32_1.1.1.202309131626/tools/bin/../lib/gcc/arm-none-eabi/11.3.1/thumb/v7e-m+fp/hard/crtbegin.o
 .ARM.attributes
                0x0000000000000052       0x34 ./Core/Src/main.o
 .ARM.attributes
                0x0000000000000086       0x34 ./Core/Src/stm32l4xx_hal_msp.o
 .ARM.attributes
                0x00000000000000ba       0x34 ./Core/Src/stm32l4xx_it.o
 .ARM.attributes
                0x00000000000000ee       0x34 ./Core/Src/system_stm32l4xx.o
 .ARM.attributes
                0x0000000000000122       0x21 ./Core/Startup/startup_stm32l496zgtx.o
 .ARM.attributes
                0x0000000000000143       0x34 ./Drivers/STM32L4xx_HAL_Driver/Src/stm32l4xx_hal.o
 .ARM.attributes
                0x0000000000000177       0x34 ./Drivers/STM32L4xx_HAL_Driver/Src/stm32l4xx_hal_adc.o
 .ARM.attributes
                0x00000000000001ab       0x34 ./Drivers/STM32L4xx_HAL_Driver/Src/stm32l4xx_hal_adc_ex.o
 .ARM.attributes
                0x00000000000001df       0x34 ./Drivers/STM32L4xx_HAL_Driver/Src/stm32l4xx_hal_cortex.o
 .ARM.attributes
                0x0000000000000213       0x34 ./Drivers/STM32L4xx_HAL_Driver/Src/stm32l4xx_hal_dac.o
 .ARM.attributes
                0x0000000000000247       0x34 ./Drivers/STM32L4xx_HAL_Driver/Src/stm32l4xx_hal_dac_ex.o
 .ARM.attributes
                0x000000000000027b       0x34 ./Drivers/STM32L4xx_HAL_Driver/Src/stm32l4xx_hal_dma.o
 .ARM.attributes
                0x00000000000002af       0x34 ./Drivers/STM32L4xx_HAL_Driver/Src/stm32l4xx_hal_gpio.o
 .ARM.attributes
                0x00000000000002e3       0x34 ./Drivers/STM32L4xx_HAL_Driver/Src/stm32l4xx_hal_pcd.o
 .ARM.attributes
                0x0000000000000317       0x34 ./Drivers/STM32L4xx_HAL_Driver/Src/stm32l4xx_hal_pcd_ex.o
 .ARM.attributes
                0x000000000000034b       0x34 ./Drivers/STM32L4xx_HAL_Driver/Src/stm32l4xx_hal_pwr.o
 .ARM.attributes
                0x000000000000037f       0x34 ./Drivers/STM32L4xx_HAL_Driver/Src/stm32l4xx_hal_pwr_ex.o
 .ARM.attributes
                0x00000000000003b3       0x34 ./Drivers/STM32L4xx_HAL_Driver/Src/stm32l4xx_hal_rcc.o
 .ARM.attributes
                0x00000000000003e7       0x34 ./Drivers/STM32L4xx_HAL_Driver/Src/stm32l4xx_hal_rcc_ex.o
 .ARM.attributes
                0x000000000000041b       0x34 ./Drivers/STM32L4xx_HAL_Driver/Src/stm32l4xx_hal_tim.o
 .ARM.attributes
                0x000000000000044f       0x34 ./Drivers/STM32L4xx_HAL_Driver/Src/stm32l4xx_hal_tim_ex.o
 .ARM.attributes
                0x0000000000000483       0x34 ./Drivers/STM32L4xx_HAL_Driver/Src/stm32l4xx_hal_uart.o
 .ARM.attributes
                0x00000000000004b7       0x34 ./Drivers/STM32L4xx_HAL_Driver/Src/stm32l4xx_ll_usb.o
 .ARM.attributes
                0x00000000000004eb       0x34 C:\Users\ldu08\OneDrive\Documents\Github\Software-Defined-Radio\Jerryrig\JerryRigIDE\Drivers\CMSIS\Lib\GCC\libarm_cortexM4lf_math.a(arm_rfft_fast_init_f32.o)
 .ARM.attributes
                0x000000000000051f       0x34 C:\Users\ldu08\OneDrive\Documents\Github\Software-Defined-Radio\Jerryrig\JerryRigIDE\Drivers\CMSIS\Lib\GCC\libarm_cortexM4lf_math.a(arm_rfft_fast_f32.o)
 .ARM.attributes
                0x0000000000000553       0x34 C:\Users\ldu08\OneDrive\Documents\Github\Software-Defined-Radio\Jerryrig\JerryRigIDE\Drivers\CMSIS\Lib\GCC\libarm_cortexM4lf_math.a(arm_cfft_f32.o)
 .ARM.attributes
                0x0000000000000587       0x34 C:\Users\ldu08\OneDrive\Documents\Github\Software-Defined-Radio\Jerryrig\JerryRigIDE\Drivers\CMSIS\Lib\GCC\libarm_cortexM4lf_math.a(arm_bitreversal2.o)
 .ARM.attributes
                0x00000000000005bb       0x34 C:\Users\ldu08\OneDrive\Documents\Github\Software-Defined-Radio\Jerryrig\JerryRigIDE\Drivers\CMSIS\Lib\GCC\libarm_cortexM4lf_math.a(arm_conv_f32.o)
 .ARM.attributes
                0x00000000000005ef       0x39 C:\Users\ldu08\OneDrive\Documents\Github\Software-Defined-Radio\Jerryrig\JerryRigIDE\Drivers\CMSIS\Lib\GCC\libarm_cortexM4lf_math.a(arm_common_tables.o)
 .ARM.attributes
                0x0000000000000628       0x34 C:\Users\ldu08\OneDrive\Documents\Github\Software-Defined-Radio\Jerryrig\JerryRigIDE\Drivers\CMSIS\Lib\GCC\libarm_cortexM4lf_math.a(arm_cfft_radix8_f32.o)
 .ARM.attributes
                0x000000000000065c       0x34 C:/ST/STM32CubeIDE_1.11.0/STM32CubeIDE/plugins/com.st.stm32cube.ide.mcu.externaltools.gnu-tools-for-stm32.11.3.rel1.win32_1.1.1.202309131626/tools/bin/../lib/gcc/arm-none-eabi/11.3.1/../../../../arm-none-eabi/lib/thumb/v7e-m+fp/hard\libc_nano.a(libc_a-memset.o)
 .ARM.attributes
                0x0000000000000690       0x34 C:/ST/STM32CubeIDE_1.11.0/STM32CubeIDE/plugins/com.st.stm32cube.ide.mcu.externaltools.gnu-tools-for-stm32.11.3.rel1.win32_1.1.1.202309131626/tools/bin/../lib/gcc/arm-none-eabi/11.3.1/../../../../arm-none-eabi/lib/thumb/v7e-m+fp/hard\libc_nano.a(libc_a-init.o)
 .ARM.attributes
                0x00000000000006c4       0x1e C:/ST/STM32CubeIDE_1.11.0/STM32CubeIDE/plugins/com.st.stm32cube.ide.mcu.externaltools.gnu-tools-for-stm32.11.3.rel1.win32_1.1.1.202309131626/tools/bin/../lib/gcc/arm-none-eabi/11.3.1/thumb/v7e-m+fp/hard\libgcc.a(_aeabi_uldivmod.o)
 .ARM.attributes
                0x00000000000006e2       0x34 C:/ST/STM32CubeIDE_1.11.0/STM32CubeIDE/plugins/com.st.stm32cube.ide.mcu.externaltools.gnu-tools-for-stm32.11.3.rel1.win32_1.1.1.202309131626/tools/bin/../lib/gcc/arm-none-eabi/11.3.1/thumb/v7e-m+fp/hard\libgcc.a(_udivmoddi4.o)
 .ARM.attributes
                0x0000000000000716       0x1e C:/ST/STM32CubeIDE_1.11.0/STM32CubeIDE/plugins/com.st.stm32cube.ide.mcu.externaltools.gnu-tools-for-stm32.11.3.rel1.win32_1.1.1.202309131626/tools/bin/../lib/gcc/arm-none-eabi/11.3.1/thumb/v7e-m+fp/hard\libgcc.a(_dvmd_tls.o)
 .ARM.attributes
                0x0000000000000734       0x1e C:/ST/STM32CubeIDE_1.11.0/STM32CubeIDE/plugins/com.st.stm32cube.ide.mcu.externaltools.gnu-tools-for-stm32.11.3.rel1.win32_1.1.1.202309131626/tools/bin/../lib/gcc/arm-none-eabi/11.3.1/thumb/v7e-m+fp/hard/crtn.o
OUTPUT(JerryRigIDE.elf elf32-littlearm)
LOAD linker stubs
LOAD C:/ST/STM32CubeIDE_1.11.0/STM32CubeIDE/plugins/com.st.stm32cube.ide.mcu.externaltools.gnu-tools-for-stm32.11.3.rel1.win32_1.1.1.202309131626/tools/bin/../lib/gcc/arm-none-eabi/11.3.1/../../../../arm-none-eabi/lib/thumb/v7e-m+fp/hard\libc.a
LOAD C:/ST/STM32CubeIDE_1.11.0/STM32CubeIDE/plugins/com.st.stm32cube.ide.mcu.externaltools.gnu-tools-for-stm32.11.3.rel1.win32_1.1.1.202309131626/tools/bin/../lib/gcc/arm-none-eabi/11.3.1/../../../../arm-none-eabi/lib/thumb/v7e-m+fp/hard\libm.a
LOAD C:/ST/STM32CubeIDE_1.11.0/STM32CubeIDE/plugins/com.st.stm32cube.ide.mcu.externaltools.gnu-tools-for-stm32.11.3.rel1.win32_1.1.1.202309131626/tools/bin/../lib/gcc/arm-none-eabi/11.3.1/thumb/v7e-m+fp/hard\libgcc.a

.comment        0x0000000000000000       0xb8
 .comment       0x0000000000000000       0x43 C:/ST/STM32CubeIDE_1.11.0/STM32CubeIDE/plugins/com.st.stm32cube.ide.mcu.externaltools.gnu-tools-for-stm32.11.3.rel1.win32_1.1.1.202309131626/tools/bin/../lib/gcc/arm-none-eabi/11.3.1/thumb/v7e-m+fp/hard/crtbegin.o
                                         0x44 (size before relaxing)
 .comment       0x0000000000000043       0x44 ./Core/Src/main.o
 .comment       0x0000000000000043       0x44 ./Core/Src/stm32l4xx_hal_msp.o
 .comment       0x0000000000000043       0x44 ./Core/Src/stm32l4xx_it.o
 .comment       0x0000000000000043       0x44 ./Core/Src/system_stm32l4xx.o
 .comment       0x0000000000000043       0x44 ./Drivers/STM32L4xx_HAL_Driver/Src/stm32l4xx_hal.o
 .comment       0x0000000000000043       0x44 ./Drivers/STM32L4xx_HAL_Driver/Src/stm32l4xx_hal_adc.o
 .comment       0x0000000000000043       0x44 ./Drivers/STM32L4xx_HAL_Driver/Src/stm32l4xx_hal_adc_ex.o
 .comment       0x0000000000000043       0x44 ./Drivers/STM32L4xx_HAL_Driver/Src/stm32l4xx_hal_cortex.o
 .comment       0x0000000000000043       0x44 ./Drivers/STM32L4xx_HAL_Driver/Src/stm32l4xx_hal_dac.o
 .comment       0x0000000000000043       0x44 ./Drivers/STM32L4xx_HAL_Driver/Src/stm32l4xx_hal_dac_ex.o
 .comment       0x0000000000000043       0x44 ./Drivers/STM32L4xx_HAL_Driver/Src/stm32l4xx_hal_dma.o
 .comment       0x0000000000000043       0x44 ./Drivers/STM32L4xx_HAL_Driver/Src/stm32l4xx_hal_gpio.o
 .comment       0x0000000000000043       0x44 ./Drivers/STM32L4xx_HAL_Driver/Src/stm32l4xx_hal_pcd.o
 .comment       0x0000000000000043       0x44 ./Drivers/STM32L4xx_HAL_Driver/Src/stm32l4xx_hal_pcd_ex.o
 .comment       0x0000000000000043       0x44 ./Drivers/STM32L4xx_HAL_Driver/Src/stm32l4xx_hal_pwr.o
 .comment       0x0000000000000043       0x44 ./Drivers/STM32L4xx_HAL_Driver/Src/stm32l4xx_hal_pwr_ex.o
 .comment       0x0000000000000043       0x44 ./Drivers/STM32L4xx_HAL_Driver/Src/stm32l4xx_hal_rcc.o
 .comment       0x0000000000000043       0x44 ./Drivers/STM32L4xx_HAL_Driver/Src/stm32l4xx_hal_rcc_ex.o
 .comment       0x0000000000000043       0x44 ./Drivers/STM32L4xx_HAL_Driver/Src/stm32l4xx_hal_tim.o
 .comment       0x0000000000000043       0x44 ./Drivers/STM32L4xx_HAL_Driver/Src/stm32l4xx_hal_tim_ex.o
 .comment       0x0000000000000043       0x44 ./Drivers/STM32L4xx_HAL_Driver/Src/stm32l4xx_hal_uart.o
 .comment       0x0000000000000043       0x44 ./Drivers/STM32L4xx_HAL_Driver/Src/stm32l4xx_ll_usb.o
 .comment       0x0000000000000043       0x75 C:\Users\ldu08\OneDrive\Documents\Github\Software-Defined-Radio\Jerryrig\JerryRigIDE\Drivers\CMSIS\Lib\GCC\libarm_cortexM4lf_math.a(arm_rfft_fast_init_f32.o)
                                         0x76 (size before relaxing)
 .comment       0x00000000000000b8       0x76 C:\Users\ldu08\OneDrive\Documents\Github\Software-Defined-Radio\Jerryrig\JerryRigIDE\Drivers\CMSIS\Lib\GCC\libarm_cortexM4lf_math.a(arm_rfft_fast_f32.o)
 .comment       0x00000000000000b8       0x76 C:\Users\ldu08\OneDrive\Documents\Github\Software-Defined-Radio\Jerryrig\JerryRigIDE\Drivers\CMSIS\Lib\GCC\libarm_cortexM4lf_math.a(arm_cfft_f32.o)
 .comment       0x00000000000000b8       0x76 C:\Users\ldu08\OneDrive\Documents\Github\Software-Defined-Radio\Jerryrig\JerryRigIDE\Drivers\CMSIS\Lib\GCC\libarm_cortexM4lf_math.a(arm_bitreversal2.o)
 .comment       0x00000000000000b8       0x76 C:\Users\ldu08\OneDrive\Documents\Github\Software-Defined-Radio\Jerryrig\JerryRigIDE\Drivers\CMSIS\Lib\GCC\libarm_cortexM4lf_math.a(arm_conv_f32.o)
 .comment       0x00000000000000b8       0x76 C:\Users\ldu08\OneDrive\Documents\Github\Software-Defined-Radio\Jerryrig\JerryRigIDE\Drivers\CMSIS\Lib\GCC\libarm_cortexM4lf_math.a(arm_common_tables.o)
 .comment       0x00000000000000b8       0x76 C:\Users\ldu08\OneDrive\Documents\Github\Software-Defined-Radio\Jerryrig\JerryRigIDE\Drivers\CMSIS\Lib\GCC\libarm_cortexM4lf_math.a(arm_cfft_radix8_f32.o)

.debug_info     0x0000000000000000    0x2392e
 .debug_info    0x0000000000000000     0x2847 ./Core/Src/main.o
 .debug_info    0x0000000000002847     0x1e39 ./Core/Src/stm32l4xx_hal_msp.o
 .debug_info    0x0000000000004680      0x382 ./Core/Src/stm32l4xx_it.o
 .debug_info    0x0000000000004a02      0x5cd ./Core/Src/system_stm32l4xx.o
 .debug_info    0x0000000000004fcf       0x23 ./Core/Startup/startup_stm32l496zgtx.o
 .debug_info    0x0000000000004ff2      0xb4b ./Drivers/STM32L4xx_HAL_Driver/Src/stm32l4xx_hal.o
 .debug_info    0x0000000000005b3d     0x1dfb ./Drivers/STM32L4xx_HAL_Driver/Src/stm32l4xx_hal_adc.o
 .debug_info    0x0000000000007938     0x1b67 ./Drivers/STM32L4xx_HAL_Driver/Src/stm32l4xx_hal_adc_ex.o
 .debug_info    0x000000000000949f      0xd82 ./Drivers/STM32L4xx_HAL_Driver/Src/stm32l4xx_hal_cortex.o
 .debug_info    0x000000000000a221      0xa6f ./Drivers/STM32L4xx_HAL_Driver/Src/stm32l4xx_hal_dac.o
 .debug_info    0x000000000000ac90      0x8e4 ./Drivers/STM32L4xx_HAL_Driver/Src/stm32l4xx_hal_dac_ex.o
 .debug_info    0x000000000000b574      0x6f4 ./Drivers/STM32L4xx_HAL_Driver/Src/stm32l4xx_hal_dma.o
 .debug_info    0x000000000000bc68      0x76f ./Drivers/STM32L4xx_HAL_Driver/Src/stm32l4xx_hal_gpio.o
 .debug_info    0x000000000000c3d7     0x14c8 ./Drivers/STM32L4xx_HAL_Driver/Src/stm32l4xx_hal_pcd.o
 .debug_info    0x000000000000d89f      0x89e ./Drivers/STM32L4xx_HAL_Driver/Src/stm32l4xx_hal_pcd_ex.o
 .debug_info    0x000000000000e13d      0x956 ./Drivers/STM32L4xx_HAL_Driver/Src/stm32l4xx_hal_pwr.o
 .debug_info    0x000000000000ea93      0x996 ./Drivers/STM32L4xx_HAL_Driver/Src/stm32l4xx_hal_pwr_ex.o
 .debug_info    0x000000000000f429      0xc3b ./Drivers/STM32L4xx_HAL_Driver/Src/stm32l4xx_hal_rcc.o
 .debug_info    0x0000000000010064     0x10c1 ./Drivers/STM32L4xx_HAL_Driver/Src/stm32l4xx_hal_rcc_ex.o
 .debug_info    0x0000000000011125     0x2a9a ./Drivers/STM32L4xx_HAL_Driver/Src/stm32l4xx_hal_tim.o
 .debug_info    0x0000000000013bbf     0x169e ./Drivers/STM32L4xx_HAL_Driver/Src/stm32l4xx_hal_tim_ex.o
 .debug_info    0x000000000001525d     0x3b85 ./Drivers/STM32L4xx_HAL_Driver/Src/stm32l4xx_hal_uart.o
 .debug_info    0x0000000000018de2     0x1971 ./Drivers/STM32L4xx_HAL_Driver/Src/stm32l4xx_ll_usb.o
 .debug_info    0x000000000001a753     0x192a C:\Users\ldu08\OneDrive\Documents\Github\Software-Defined-Radio\Jerryrig\JerryRigIDE\Drivers\CMSIS\Lib\GCC\libarm_cortexM4lf_math.a(arm_rfft_fast_init_f32.o)
 .debug_info    0x000000000001c07d      0xf91 C:\Users\ldu08\OneDrive\Documents\Github\Software-Defined-Radio\Jerryrig\JerryRigIDE\Drivers\CMSIS\Lib\GCC\libarm_cortexM4lf_math.a(arm_rfft_fast_f32.o)
 .debug_info    0x000000000001d00e     0x1c5b C:\Users\ldu08\OneDrive\Documents\Github\Software-Defined-Radio\Jerryrig\JerryRigIDE\Drivers\CMSIS\Lib\GCC\libarm_cortexM4lf_math.a(arm_cfft_f32.o)
 .debug_info    0x000000000001ec69     0x16a6 C:\Users\ldu08\OneDrive\Documents\Github\Software-Defined-Radio\Jerryrig\JerryRigIDE\Drivers\CMSIS\Lib\GCC\libarm_cortexM4lf_math.a(arm_bitreversal2.o)
 .debug_info    0x000000000002030f      0xcc1 C:\Users\ldu08\OneDrive\Documents\Github\Software-Defined-Radio\Jerryrig\JerryRigIDE\Drivers\CMSIS\Lib\GCC\libarm_cortexM4lf_math.a(arm_conv_f32.o)
 .debug_info    0x0000000000020fd0     0x1a84 C:\Users\ldu08\OneDrive\Documents\Github\Software-Defined-Radio\Jerryrig\JerryRigIDE\Drivers\CMSIS\Lib\GCC\libarm_cortexM4lf_math.a(arm_common_tables.o)
 .debug_info    0x0000000000022a54      0xeda C:\Users\ldu08\OneDrive\Documents\Github\Software-Defined-Radio\Jerryrig\JerryRigIDE\Drivers\CMSIS\Lib\GCC\libarm_cortexM4lf_math.a(arm_cfft_radix8_f32.o)

.debug_abbrev   0x0000000000000000     0x4517
 .debug_abbrev  0x0000000000000000      0x36e ./Core/Src/main.o
 .debug_abbrev  0x000000000000036e      0x2b4 ./Core/Src/stm32l4xx_hal_msp.o
 .debug_abbrev  0x0000000000000622      0x170 ./Core/Src/stm32l4xx_it.o
 .debug_abbrev  0x0000000000000792      0x11a ./Core/Src/system_stm32l4xx.o
 .debug_abbrev  0x00000000000008ac       0x12 ./Core/Startup/startup_stm32l496zgtx.o
 .debug_abbrev  0x00000000000008be      0x242 ./Drivers/STM32L4xx_HAL_Driver/Src/stm32l4xx_hal.o
 .debug_abbrev  0x0000000000000b00      0x2de ./Drivers/STM32L4xx_HAL_Driver/Src/stm32l4xx_hal_adc.o
 .debug_abbrev  0x0000000000000dde      0x2f1 ./Drivers/STM32L4xx_HAL_Driver/Src/stm32l4xx_hal_adc_ex.o
 .debug_abbrev  0x00000000000010cf      0x327 ./Drivers/STM32L4xx_HAL_Driver/Src/stm32l4xx_hal_cortex.o
 .debug_abbrev  0x00000000000013f6      0x21b ./Drivers/STM32L4xx_HAL_Driver/Src/stm32l4xx_hal_dac.o
 .debug_abbrev  0x0000000000001611      0x245 ./Drivers/STM32L4xx_HAL_Driver/Src/stm32l4xx_hal_dac_ex.o
 .debug_abbrev  0x0000000000001856      0x1e4 ./Drivers/STM32L4xx_HAL_Driver/Src/stm32l4xx_hal_dma.o
 .debug_abbrev  0x0000000000001a3a      0x1cb ./Drivers/STM32L4xx_HAL_Driver/Src/stm32l4xx_hal_gpio.o
 .debug_abbrev  0x0000000000001c05      0x2cf ./Drivers/STM32L4xx_HAL_Driver/Src/stm32l4xx_hal_pcd.o
 .debug_abbrev  0x0000000000001ed4      0x256 ./Drivers/STM32L4xx_HAL_Driver/Src/stm32l4xx_hal_pcd_ex.o
 .debug_abbrev  0x000000000000212a      0x1d4 ./Drivers/STM32L4xx_HAL_Driver/Src/stm32l4xx_hal_pwr.o
 .debug_abbrev  0x00000000000022fe      0x1f9 ./Drivers/STM32L4xx_HAL_Driver/Src/stm32l4xx_hal_pwr_ex.o
 .debug_abbrev  0x00000000000024f7      0x2cb ./Drivers/STM32L4xx_HAL_Driver/Src/stm32l4xx_hal_rcc.o
 .debug_abbrev  0x00000000000027c2      0x2a3 ./Drivers/STM32L4xx_HAL_Driver/Src/stm32l4xx_hal_rcc_ex.o
 .debug_abbrev  0x0000000000002a65      0x278 ./Drivers/STM32L4xx_HAL_Driver/Src/stm32l4xx_hal_tim.o
 .debug_abbrev  0x0000000000002cdd      0x283 ./Drivers/STM32L4xx_HAL_Driver/Src/stm32l4xx_hal_tim_ex.o
 .debug_abbrev  0x0000000000002f60      0x2d0 ./Drivers/STM32L4xx_HAL_Driver/Src/stm32l4xx_hal_uart.o
 .debug_abbrev  0x0000000000003230      0x2b3 ./Drivers/STM32L4xx_HAL_Driver/Src/stm32l4xx_ll_usb.o
 .debug_abbrev  0x00000000000034e3      0x2a0 C:\Users\ldu08\OneDrive\Documents\Github\Software-Defined-Radio\Jerryrig\JerryRigIDE\Drivers\CMSIS\Lib\GCC\libarm_cortexM4lf_math.a(arm_rfft_fast_init_f32.o)
 .debug_abbrev  0x0000000000003783      0x2b8 C:\Users\ldu08\OneDrive\Documents\Github\Software-Defined-Radio\Jerryrig\JerryRigIDE\Drivers\CMSIS\Lib\GCC\libarm_cortexM4lf_math.a(arm_rfft_fast_f32.o)
 .debug_abbrev  0x0000000000003a3b      0x2e0 C:\Users\ldu08\OneDrive\Documents\Github\Software-Defined-Radio\Jerryrig\JerryRigIDE\Drivers\CMSIS\Lib\GCC\libarm_cortexM4lf_math.a(arm_cfft_f32.o)
 .debug_abbrev  0x0000000000003d1b      0x206 C:\Users\ldu08\OneDrive\Documents\Github\Software-Defined-Radio\Jerryrig\JerryRigIDE\Drivers\CMSIS\Lib\GCC\libarm_cortexM4lf_math.a(arm_bitreversal2.o)
 .debug_abbrev  0x0000000000003f21      0x20e C:\Users\ldu08\OneDrive\Documents\Github\Software-Defined-Radio\Jerryrig\JerryRigIDE\Drivers\CMSIS\Lib\GCC\libarm_cortexM4lf_math.a(arm_conv_f32.o)
 .debug_abbrev  0x000000000000412f      0x1dd C:\Users\ldu08\OneDrive\Documents\Github\Software-Defined-Radio\Jerryrig\JerryRigIDE\Drivers\CMSIS\Lib\GCC\libarm_cortexM4lf_math.a(arm_common_tables.o)
 .debug_abbrev  0x000000000000430c      0x20b C:\Users\ldu08\OneDrive\Documents\Github\Software-Defined-Radio\Jerryrig\JerryRigIDE\Drivers\CMSIS\Lib\GCC\libarm_cortexM4lf_math.a(arm_cfft_radix8_f32.o)

.debug_aranges  0x0000000000000000     0x1978
 .debug_aranges
                0x0000000000000000       0x88 ./Core/Src/main.o
 .debug_aranges
                0x0000000000000088       0x70 ./Core/Src/stm32l4xx_hal_msp.o
 .debug_aranges
                0x00000000000000f8       0x70 ./Core/Src/stm32l4xx_it.o
 .debug_aranges
                0x0000000000000168       0x28 ./Core/Src/system_stm32l4xx.o
 .debug_aranges
                0x0000000000000190       0x28 ./Core/Startup/startup_stm32l496zgtx.o
 .debug_aranges
                0x00000000000001b8      0x130 ./Drivers/STM32L4xx_HAL_Driver/Src/stm32l4xx_hal.o
 .debug_aranges
                0x00000000000002e8      0x228 ./Drivers/STM32L4xx_HAL_Driver/Src/stm32l4xx_hal_adc.o
 .debug_aranges
                0x0000000000000510      0x1b0 ./Drivers/STM32L4xx_HAL_Driver/Src/stm32l4xx_hal_adc_ex.o
 .debug_aranges
                0x00000000000006c0      0x118 ./Drivers/STM32L4xx_HAL_Driver/Src/stm32l4xx_hal_cortex.o
 .debug_aranges
                0x00000000000007d8       0xc0 ./Drivers/STM32L4xx_HAL_Driver/Src/stm32l4xx_hal_dac.o
 .debug_aranges
                0x0000000000000898       0x88 ./Drivers/STM32L4xx_HAL_Driver/Src/stm32l4xx_hal_dac_ex.o
 .debug_aranges
                0x0000000000000920       0x80 ./Drivers/STM32L4xx_HAL_Driver/Src/stm32l4xx_hal_dma.o
 .debug_aranges
                0x00000000000009a0       0x58 ./Drivers/STM32L4xx_HAL_Driver/Src/stm32l4xx_hal_gpio.o
 .debug_aranges
                0x00000000000009f8      0x138 ./Drivers/STM32L4xx_HAL_Driver/Src/stm32l4xx_hal_pcd.o
 .debug_aranges
                0x0000000000000b30       0x60 ./Drivers/STM32L4xx_HAL_Driver/Src/stm32l4xx_hal_pcd_ex.o
 .debug_aranges
                0x0000000000000b90       0x98 ./Drivers/STM32L4xx_HAL_Driver/Src/stm32l4xx_hal_pwr.o
 .debug_aranges
                0x0000000000000c28      0x150 ./Drivers/STM32L4xx_HAL_Driver/Src/stm32l4xx_hal_pwr_ex.o
 .debug_aranges
                0x0000000000000d78       0x90 ./Drivers/STM32L4xx_HAL_Driver/Src/stm32l4xx_hal_rcc.o
 .debug_aranges
                0x0000000000000e08      0x108 ./Drivers/STM32L4xx_HAL_Driver/Src/stm32l4xx_hal_rcc_ex.o
 .debug_aranges
                0x0000000000000f10      0x3e0 ./Drivers/STM32L4xx_HAL_Driver/Src/stm32l4xx_hal_tim.o
 .debug_aranges
                0x00000000000012f0      0x180 ./Drivers/STM32L4xx_HAL_Driver/Src/stm32l4xx_hal_tim_ex.o
 .debug_aranges
                0x0000000000001470      0x228 ./Drivers/STM32L4xx_HAL_Driver/Src/stm32l4xx_hal_uart.o
 .debug_aranges
                0x0000000000001698      0x1a0 ./Drivers/STM32L4xx_HAL_Driver/Src/stm32l4xx_ll_usb.o
 .debug_aranges
                0x0000000000001838       0x60 C:\Users\ldu08\OneDrive\Documents\Github\Software-Defined-Radio\Jerryrig\JerryRigIDE\Drivers\CMSIS\Lib\GCC\libarm_cortexM4lf_math.a(arm_rfft_fast_init_f32.o)
 .debug_aranges
                0x0000000000001898       0x30 C:\Users\ldu08\OneDrive\Documents\Github\Software-Defined-Radio\Jerryrig\JerryRigIDE\Drivers\CMSIS\Lib\GCC\libarm_cortexM4lf_math.a(arm_rfft_fast_f32.o)
 .debug_aranges
                0x00000000000018c8       0x30 C:\Users\ldu08\OneDrive\Documents\Github\Software-Defined-Radio\Jerryrig\JerryRigIDE\Drivers\CMSIS\Lib\GCC\libarm_cortexM4lf_math.a(arm_cfft_f32.o)
 .debug_aranges
                0x00000000000018f8       0x28 C:\Users\ldu08\OneDrive\Documents\Github\Software-Defined-Radio\Jerryrig\JerryRigIDE\Drivers\CMSIS\Lib\GCC\libarm_cortexM4lf_math.a(arm_bitreversal2.o)
 .debug_aranges
                0x0000000000001920       0x20 C:\Users\ldu08\OneDrive\Documents\Github\Software-Defined-Radio\Jerryrig\JerryRigIDE\Drivers\CMSIS\Lib\GCC\libarm_cortexM4lf_math.a(arm_conv_f32.o)
 .debug_aranges
                0x0000000000001940       0x18 C:\Users\ldu08\OneDrive\Documents\Github\Software-Defined-Radio\Jerryrig\JerryRigIDE\Drivers\CMSIS\Lib\GCC\libarm_cortexM4lf_math.a(arm_common_tables.o)
 .debug_aranges
                0x0000000000001958       0x20 C:\Users\ldu08\OneDrive\Documents\Github\Software-Defined-Radio\Jerryrig\JerryRigIDE\Drivers\CMSIS\Lib\GCC\libarm_cortexM4lf_math.a(arm_cfft_radix8_f32.o)

.debug_rnglists
                0x0000000000000000     0x12db
 .debug_rnglists
                0x0000000000000000       0x65 ./Core/Src/main.o
 .debug_rnglists
                0x0000000000000065       0x53 ./Core/Src/stm32l4xx_hal_msp.o
 .debug_rnglists
                0x00000000000000b8       0x4f ./Core/Src/stm32l4xx_it.o
 .debug_rnglists
                0x0000000000000107       0x1a ./Core/Src/system_stm32l4xx.o
 .debug_rnglists
                0x0000000000000121       0x19 ./Core/Startup/startup_stm32l496zgtx.o
 .debug_rnglists
                0x000000000000013a       0xdf ./Drivers/STM32L4xx_HAL_Driver/Src/stm32l4xx_hal.o
 .debug_rnglists
                0x0000000000000219      0x1b7 ./Drivers/STM32L4xx_HAL_Driver/Src/stm32l4xx_hal_adc.o
 .debug_rnglists
                0x00000000000003d0      0x14e ./Drivers/STM32L4xx_HAL_Driver/Src/stm32l4xx_hal_adc_ex.o
 .debug_rnglists
                0x000000000000051e       0xce ./Drivers/STM32L4xx_HAL_Driver/Src/stm32l4xx_hal_cortex.o
 .debug_rnglists
                0x00000000000005ec       0x90 ./Drivers/STM32L4xx_HAL_Driver/Src/stm32l4xx_hal_dac.o
 .debug_rnglists
                0x000000000000067c       0x62 ./Drivers/STM32L4xx_HAL_Driver/Src/stm32l4xx_hal_dac_ex.o
 .debug_rnglists
                0x00000000000006de       0x64 ./Drivers/STM32L4xx_HAL_Driver/Src/stm32l4xx_hal_dma.o
 .debug_rnglists
                0x0000000000000742       0x3f ./Drivers/STM32L4xx_HAL_Driver/Src/stm32l4xx_hal_gpio.o
 .debug_rnglists
                0x0000000000000781       0xed ./Drivers/STM32L4xx_HAL_Driver/Src/stm32l4xx_hal_pcd.o
 .debug_rnglists
                0x000000000000086e       0x45 ./Drivers/STM32L4xx_HAL_Driver/Src/stm32l4xx_hal_pcd_ex.o
 .debug_rnglists
                0x00000000000008b3       0x6e ./Drivers/STM32L4xx_HAL_Driver/Src/stm32l4xx_hal_pwr.o
 .debug_rnglists
                0x0000000000000921       0xfd ./Drivers/STM32L4xx_HAL_Driver/Src/stm32l4xx_hal_pwr_ex.o
 .debug_rnglists
                0x0000000000000a1e       0x6d ./Drivers/STM32L4xx_HAL_Driver/Src/stm32l4xx_hal_rcc.o
 .debug_rnglists
                0x0000000000000a8b       0xce ./Drivers/STM32L4xx_HAL_Driver/Src/stm32l4xx_hal_rcc_ex.o
 .debug_rnglists
                0x0000000000000b59      0x328 ./Drivers/STM32L4xx_HAL_Driver/Src/stm32l4xx_hal_tim.o
 .debug_rnglists
                0x0000000000000e81      0x139 ./Drivers/STM32L4xx_HAL_Driver/Src/stm32l4xx_hal_tim_ex.o
 .debug_rnglists
                0x0000000000000fba      0x1db ./Drivers/STM32L4xx_HAL_Driver/Src/stm32l4xx_hal_uart.o
 .debug_rnglists
                0x0000000000001195      0x146 ./Drivers/STM32L4xx_HAL_Driver/Src/stm32l4xx_ll_usb.o

.debug_macro    0x0000000000000000    0x2c776
 .debug_macro   0x0000000000000000      0x344 ./Core/Src/main.o
 .debug_macro   0x0000000000000344      0xaae ./Core/Src/main.o
 .debug_macro   0x0000000000000df2      0x1b9 ./Core/Src/main.o
 .debug_macro   0x0000000000000fab       0x2e ./Core/Src/main.o
 .debug_macro   0x0000000000000fd9       0x28 ./Core/Src/main.o
 .debug_macro   0x0000000000001001       0x22 ./Core/Src/main.o
 .debug_macro   0x0000000000001023       0x8e ./Core/Src/main.o
 .debug_macro   0x00000000000010b1       0x51 ./Core/Src/main.o
 .debug_macro   0x0000000000001102      0x103 ./Core/Src/main.o
 .debug_macro   0x0000000000001205       0x6a ./Core/Src/main.o
 .debug_macro   0x000000000000126f      0x1df ./Core/Src/main.o
 .debug_macro   0x000000000000144e       0x1c ./Core/Src/main.o
 .debug_macro   0x000000000000146a       0x22 ./Core/Src/main.o
 .debug_macro   0x000000000000148c       0xfb ./Core/Src/main.o
 .debug_macro   0x0000000000001587     0x1011 ./Core/Src/main.o
 .debug_macro   0x0000000000002598      0x11f ./Core/Src/main.o
 .debug_macro   0x00000000000026b7    0x1c1e2 ./Core/Src/main.o
 .debug_macro   0x000000000001e899       0x6d ./Core/Src/main.o
 .debug_macro   0x000000000001e906     0x38e6 ./Core/Src/main.o
 .debug_macro   0x00000000000221ec      0x174 ./Core/Src/main.o
 .debug_macro   0x0000000000022360       0x5c ./Core/Src/main.o
 .debug_macro   0x00000000000223bc     0x187d ./Core/Src/main.o
 .debug_macro   0x0000000000023c39      0x773 ./Core/Src/main.o
 .debug_macro   0x00000000000243ac      0x1b9 ./Core/Src/main.o
 .debug_macro   0x0000000000024565      0x202 ./Core/Src/main.o
 .debug_macro   0x0000000000024767      0x26b ./Core/Src/main.o
 .debug_macro   0x00000000000249d2      0x23d ./Core/Src/main.o
 .debug_macro   0x0000000000024c0f      0xfad ./Core/Src/main.o
 .debug_macro   0x0000000000025bbc      0x639 ./Core/Src/main.o
 .debug_macro   0x00000000000261f5      0x31a ./Core/Src/main.o
 .debug_macro   0x000000000002650f      0x153 ./Core/Src/main.o
 .debug_macro   0x0000000000026662       0xd8 ./Core/Src/main.o
 .debug_macro   0x000000000002673a      0x241 ./Core/Src/main.o
 .debug_macro   0x000000000002697b      0x3ad ./Core/Src/main.o
 .debug_macro   0x0000000000026d28       0xe4 ./Core/Src/main.o
 .debug_macro   0x0000000000026e0c      0x209 ./Core/Src/main.o
 .debug_macro   0x0000000000027015       0x97 ./Core/Src/main.o
 .debug_macro   0x00000000000270ac      0x122 ./Core/Src/main.o
 .debug_macro   0x00000000000271ce      0x3ef ./Core/Src/main.o
 .debug_macro   0x00000000000275bd      0xa98 ./Core/Src/main.o
 .debug_macro   0x0000000000028055      0x1fb ./Core/Src/main.o
 .debug_macro   0x0000000000028250      0x5cf ./Core/Src/main.o
 .debug_macro   0x000000000002881f       0x44 ./Core/Src/main.o
 .debug_macro   0x0000000000028863      0x433 ./Core/Src/main.o
 .debug_macro   0x0000000000028c96       0xb8 ./Core/Src/main.o
 .debug_macro   0x0000000000028d4e       0x61 ./Core/Src/main.o
 .debug_macro   0x0000000000028daf       0x2a ./Core/Src/main.o
 .debug_macro   0x0000000000028dd9       0x43 ./Core/Src/main.o
 .debug_macro   0x0000000000028e1c       0x34 ./Core/Src/main.o
 .debug_macro   0x0000000000028e50       0x16 ./Core/Src/main.o
 .debug_macro   0x0000000000028e66       0x43 ./Core/Src/main.o
 .debug_macro   0x0000000000028ea9       0x34 ./Core/Src/main.o
 .debug_macro   0x0000000000028edd       0x10 ./Core/Src/main.o
 .debug_macro   0x0000000000028eed       0x58 ./Core/Src/main.o
 .debug_macro   0x0000000000028f45       0x8e ./Core/Src/main.o
 .debug_macro   0x0000000000028fd3       0x1c ./Core/Src/main.o
 .debug_macro   0x0000000000028fef      0x177 ./Core/Src/main.o
 .debug_macro   0x0000000000029166      0x369 ./Core/Src/main.o
 .debug_macro   0x00000000000294cf       0x10 ./Core/Src/main.o
 .debug_macro   0x00000000000294df       0x35 ./Core/Src/main.o
 .debug_macro   0x0000000000029514       0x20 ./Core/Src/main.o
 .debug_macro   0x0000000000029534      0x19b ./Core/Src/main.o
 .debug_macro   0x00000000000296cf      0x201 ./Core/Src/main.o
 .debug_macro   0x00000000000298d0       0xc8 ./Core/Src/main.o
 .debug_macro   0x0000000000029998      0x22a ./Core/Src/stm32l4xx_hal_msp.o
 .debug_macro   0x0000000000029bc2      0x234 ./Core/Src/stm32l4xx_it.o
 .debug_macro   0x0000000000029df6      0x21b ./Core/Src/system_stm32l4xx.o
 .debug_macro   0x000000000002a011      0x269 ./Drivers/STM32L4xx_HAL_Driver/Src/stm32l4xx_hal.o
 .debug_macro   0x000000000002a27a      0x238 ./Drivers/STM32L4xx_HAL_Driver/Src/stm32l4xx_hal_adc.o
 .debug_macro   0x000000000002a4b2      0x227 ./Drivers/STM32L4xx_HAL_Driver/Src/stm32l4xx_hal_adc_ex.o
 .debug_macro   0x000000000002a6d9      0x21b ./Drivers/STM32L4xx_HAL_Driver/Src/stm32l4xx_hal_cortex.o
 .debug_macro   0x000000000002a8f4      0x22a ./Drivers/STM32L4xx_HAL_Driver/Src/stm32l4xx_hal_dac.o
 .debug_macro   0x000000000002ab1e      0x21b ./Drivers/STM32L4xx_HAL_Driver/Src/stm32l4xx_hal_dac_ex.o
 .debug_macro   0x000000000002ad39      0x21b ./Drivers/STM32L4xx_HAL_Driver/Src/stm32l4xx_hal_dma.o
 .debug_macro   0x000000000002af54      0x222 ./Drivers/STM32L4xx_HAL_Driver/Src/stm32l4xx_hal_gpio.o
 .debug_macro   0x000000000002b176      0x227 ./Drivers/STM32L4xx_HAL_Driver/Src/stm32l4xx_hal_pcd.o
 .debug_macro   0x000000000002b39d      0x21b ./Drivers/STM32L4xx_HAL_Driver/Src/stm32l4xx_hal_pcd_ex.o
 .debug_macro   0x000000000002b5b8      0x233 ./Drivers/STM32L4xx_HAL_Driver/Src/stm32l4xx_hal_pwr.o
 .debug_macro   0x000000000002b7eb      0x245 ./Drivers/STM32L4xx_HAL_Driver/Src/stm32l4xx_hal_pwr_ex.o
 .debug_macro   0x000000000002ba30      0x25d ./Drivers/STM32L4xx_HAL_Driver/Src/stm32l4xx_hal_rcc.o
 .debug_macro   0x000000000002bc8d      0x251 ./Drivers/STM32L4xx_HAL_Driver/Src/stm32l4xx_hal_rcc_ex.o
 .debug_macro   0x000000000002bede      0x21c ./Drivers/STM32L4xx_HAL_Driver/Src/stm32l4xx_hal_tim.o
 .debug_macro   0x000000000002c0fa      0x21b ./Drivers/STM32L4xx_HAL_Driver/Src/stm32l4xx_hal_tim_ex.o
 .debug_macro   0x000000000002c315      0x246 ./Drivers/STM32L4xx_HAL_Driver/Src/stm32l4xx_hal_uart.o
 .debug_macro   0x000000000002c55b      0x21b ./Drivers/STM32L4xx_HAL_Driver/Src/stm32l4xx_ll_usb.o

.debug_line     0x0000000000000000    0x1ec35
 .debug_line    0x0000000000000000      0xceb ./Core/Src/main.o
 .debug_line    0x0000000000000ceb      0x9fa ./Core/Src/stm32l4xx_hal_msp.o
 .debug_line    0x00000000000016e5      0x8f9 ./Core/Src/stm32l4xx_it.o
 .debug_line    0x0000000000001fde      0x89e ./Core/Src/system_stm32l4xx.o
 .debug_line    0x000000000000287c       0x7a ./Core/Startup/startup_stm32l496zgtx.o
 .debug_line    0x00000000000028f6      0xbf6 ./Drivers/STM32L4xx_HAL_Driver/Src/stm32l4xx_hal.o
 .debug_line    0x00000000000034ec     0x202d ./Drivers/STM32L4xx_HAL_Driver/Src/stm32l4xx_hal_adc.o
 .debug_line    0x0000000000005519     0x1a4e ./Drivers/STM32L4xx_HAL_Driver/Src/stm32l4xx_hal_adc_ex.o
 .debug_line    0x0000000000006f67      0xd9d ./Drivers/STM32L4xx_HAL_Driver/Src/stm32l4xx_hal_cortex.o
 .debug_line    0x0000000000007d04      0xcdc ./Drivers/STM32L4xx_HAL_Driver/Src/stm32l4xx_hal_dac.o
 .debug_line    0x00000000000089e0      0xafc ./Drivers/STM32L4xx_HAL_Driver/Src/stm32l4xx_hal_dac_ex.o
 .debug_line    0x00000000000094dc      0xde7 ./Drivers/STM32L4xx_HAL_Driver/Src/stm32l4xx_hal_dma.o
 .debug_line    0x000000000000a2c3      0xc52 ./Drivers/STM32L4xx_HAL_Driver/Src/stm32l4xx_hal_gpio.o
 .debug_line    0x000000000000af15     0x1404 ./Drivers/STM32L4xx_HAL_Driver/Src/stm32l4xx_hal_pcd.o
 .debug_line    0x000000000000c319      0x9d6 ./Drivers/STM32L4xx_HAL_Driver/Src/stm32l4xx_hal_pcd_ex.o
 .debug_line    0x000000000000ccef      0x9d3 ./Drivers/STM32L4xx_HAL_Driver/Src/stm32l4xx_hal_pwr.o
 .debug_line    0x000000000000d6c2      0xdc8 ./Drivers/STM32L4xx_HAL_Driver/Src/stm32l4xx_hal_pwr_ex.o
 .debug_line    0x000000000000e48a     0x10b5 ./Drivers/STM32L4xx_HAL_Driver/Src/stm32l4xx_hal_rcc.o
 .debug_line    0x000000000000f53f     0x183a ./Drivers/STM32L4xx_HAL_Driver/Src/stm32l4xx_hal_rcc_ex.o
 .debug_line    0x0000000000010d79     0x3ed0 ./Drivers/STM32L4xx_HAL_Driver/Src/stm32l4xx_hal_tim.o
 .debug_line    0x0000000000014c49     0x1d05 ./Drivers/STM32L4xx_HAL_Driver/Src/stm32l4xx_hal_tim_ex.o
 .debug_line    0x000000000001694e     0x32d6 ./Drivers/STM32L4xx_HAL_Driver/Src/stm32l4xx_hal_uart.o
 .debug_line    0x0000000000019c24     0x1a44 ./Drivers/STM32L4xx_HAL_Driver/Src/stm32l4xx_ll_usb.o
 .debug_line    0x000000000001b668      0x610 C:\Users\ldu08\OneDrive\Documents\Github\Software-Defined-Radio\Jerryrig\JerryRigIDE\Drivers\CMSIS\Lib\GCC\libarm_cortexM4lf_math.a(arm_rfft_fast_init_f32.o)