Archive member included to satisfy reference by file (symbol)

c:/users/ldu08/appdata/roaming/code/user/globalstorage/bmd.stm32-for-vscode/@xpack-dev-tools/arm-none-eabi-gcc/11.3.1-1.1.2/.content/bin/../lib/gcc/arm-none-eabi/11.3.1/../../../../arm-none-eabi/lib/thumb/v7e-m+fp/hard\libc_nano.a(libc_a-atexit.o)
                              c:/users/ldu08/appdata/roaming/code/user/globalstorage/bmd.stm32-for-vscode/@xpack-dev-tools/arm-none-eabi-gcc/11.3.1-1.1.2/.content/bin/../lib/gcc/arm-none-eabi/11.3.1/../../../../arm-none-eabi/lib/thumb/v7e-m+fp/hard/crt0.o (atexit)
c:/users/ldu08/appdata/roaming/code/user/globalstorage/bmd.stm32-for-vscode/@xpack-dev-tools/arm-none-eabi-gcc/11.3.1-1.1.2/.content/bin/../lib/gcc/arm-none-eabi/11.3.1/../../../../arm-none-eabi/lib/thumb/v7e-m+fp/hard\libc_nano.a(libc_a-exit.o)
                              c:/users/ldu08/appdata/roaming/code/user/globalstorage/bmd.stm32-for-vscode/@xpack-dev-tools/arm-none-eabi-gcc/11.3.1-1.1.2/.content/bin/../lib/gcc/arm-none-eabi/11.3.1/../../../../arm-none-eabi/lib/thumb/v7e-m+fp/hard/crt0.o (exit)
c:/users/ldu08/appdata/roaming/code/user/globalstorage/bmd.stm32-for-vscode/@xpack-dev-tools/arm-none-eabi-gcc/11.3.1-1.1.2/.content/bin/../lib/gcc/arm-none-eabi/11.3.1/../../../../arm-none-eabi/lib/thumb/v7e-m+fp/hard\libc_nano.a(libc_a-findfp.o)
                              c:/users/ldu08/appdata/roaming/code/user/globalstorage/bmd.stm32-for-vscode/@xpack-dev-tools/arm-none-eabi-gcc/11.3.1-1.1.2/.content/bin/../lib/gcc/arm-none-eabi/11.3.1/../../../../arm-none-eabi/lib/thumb/v7e-m+fp/hard\libc_nano.a(libc_a-exit.o) (__stdio_exit_handler)
c:/users/ldu08/appdata/roaming/code/user/globalstorage/bmd.stm32-for-vscode/@xpack-dev-tools/arm-none-eabi-gcc/11.3.1-1.1.2/.content/bin/../lib/gcc/arm-none-eabi/11.3.1/../../../../arm-none-eabi/lib/thumb/v7e-m+fp/hard\libc_nano.a(libc_a-fwalk.o)
                              c:/users/ldu08/appdata/roaming/code/user/globalstorage/bmd.stm32-for-vscode/@xpack-dev-tools/arm-none-eabi-gcc/11.3.1-1.1.2/.content/bin/../lib/gcc/arm-none-eabi/11.3.1/../../../../arm-none-eabi/lib/thumb/v7e-m+fp/hard\libc_nano.a(libc_a-findfp.o) (_fwalk_sglue)
c:/users/ldu08/appdata/roaming/code/user/globalstorage/bmd.stm32-for-vscode/@xpack-dev-tools/arm-none-eabi-gcc/11.3.1-1.1.2/.content/bin/../lib/gcc/arm-none-eabi/11.3.1/../../../../arm-none-eabi/lib/thumb/v7e-m+fp/hard\libc_nano.a(libc_a-stdio.o)
                              c:/users/ldu08/appdata/roaming/code/user/globalstorage/bmd.stm32-for-vscode/@xpack-dev-tools/arm-none-eabi-gcc/11.3.1-1.1.2/.content/bin/../lib/gcc/arm-none-eabi/11.3.1/../../../../arm-none-eabi/lib/thumb/v7e-m+fp/hard\libc_nano.a(libc_a-findfp.o) (__sread)
c:/users/ldu08/appdata/roaming/code/user/globalstorage/bmd.stm32-for-vscode/@xpack-dev-tools/arm-none-eabi-gcc/11.3.1-1.1.2/.content/bin/../lib/gcc/arm-none-eabi/11.3.1/../../../../arm-none-eabi/lib/thumb/v7e-m+fp/hard\libc_nano.a(libc_a-memset.o)
                              c:/users/ldu08/appdata/roaming/code/user/globalstorage/bmd.stm32-for-vscode/@xpack-dev-tools/arm-none-eabi-gcc/11.3.1-1.1.2/.content/bin/../lib/gcc/arm-none-eabi/11.3.1/../../../../arm-none-eabi/lib/thumb/v7e-m+fp/hard/crt0.o (memset)
c:/users/ldu08/appdata/roaming/code/user/globalstorage/bmd.stm32-for-vscode/@xpack-dev-tools/arm-none-eabi-gcc/11.3.1-1.1.2/.content/bin/../lib/gcc/arm-none-eabi/11.3.1/../../../../arm-none-eabi/lib/thumb/v7e-m+fp/hard\libc_nano.a(libc_a-closer.o)
                              c:/users/ldu08/appdata/roaming/code/user/globalstorage/bmd.stm32-for-vscode/@xpack-dev-tools/arm-none-eabi-gcc/11.3.1-1.1.2/.content/bin/../lib/gcc/arm-none-eabi/11.3.1/../../../../arm-none-eabi/lib/thumb/v7e-m+fp/hard\libc_nano.a(libc_a-stdio.o) (_close_r)
c:/users/ldu08/appdata/roaming/code/user/globalstorage/bmd.stm32-for-vscode/@xpack-dev-tools/arm-none-eabi-gcc/11.3.1-1.1.2/.content/bin/../lib/gcc/arm-none-eabi/11.3.1/../../../../arm-none-eabi/lib/thumb/v7e-m+fp/hard\libc_nano.a(libc_a-reent.o)
                              c:/users/ldu08/appdata/roaming/code/user/globalstorage/bmd.stm32-for-vscode/@xpack-dev-tools/arm-none-eabi-gcc/11.3.1-1.1.2/.content/bin/../lib/gcc/arm-none-eabi/11.3.1/../../../../arm-none-eabi/lib/thumb/v7e-m+fp/hard\libc_nano.a(libc_a-closer.o) (errno)
c:/users/ldu08/appdata/roaming/code/user/globalstorage/bmd.stm32-for-vscode/@xpack-dev-tools/arm-none-eabi-gcc/11.3.1-1.1.2/.content/bin/../lib/gcc/arm-none-eabi/11.3.1/../../../../arm-none-eabi/lib/thumb/v7e-m+fp/hard\libc_nano.a(libc_a-impure.o)
                              c:/users/ldu08/appdata/roaming/code/user/globalstorage/bmd.stm32-for-vscode/@xpack-dev-tools/arm-none-eabi-gcc/11.3.1-1.1.2/.content/bin/../lib/gcc/arm-none-eabi/11.3.1/../../../../arm-none-eabi/lib/thumb/v7e-m+fp/hard\libc_nano.a(libc_a-reent.o) (_impure_ptr)
[...]
Memory Configuration

Name             Origin             Length             Attributes
RAM              0x0000000020000000 0x0000000000050000 xrw
RAM2             0x0000000010000000 0x0000000000010000 xrw
FLASH            0x0000000008000000 0x0000000000100000 xr
*default*        0x0000000000000000 0xffffffffffffffff

Linker script and memory map

LOAD c:/users/ldu08/appdata/roaming/code/user/globalstorage/bmd.stm32-for-vscode/@xpack-dev-tools/arm-none-eabi-gcc/11.3.1-1.1.2/.content/bin/../lib/gcc/arm-none-eabi/11.3.1/thumb/v7e-m+fp/hard/crti.o
LOAD c:/users/ldu08/appdata/roaming/code/user/globalstorage/bmd.stm32-for-vscode/@xpack-dev-tools/arm-none-eabi-gcc/11.3.1-1.1.2/.content/bin/../lib/gcc/arm-none-eabi/11.3.1/thumb/v7e-m+fp/hard/crtbegin.o
LOAD c:/users/ldu08/appdata/roaming/code/user/globalstorage/bmd.stm32-for-vscode/@xpack-dev-tools/arm-none-eabi-gcc/11.3.1-1.1.2/.content/bin/../lib/gcc/arm-none-eabi/11.3.1/../../../../arm-none-eabi/lib/thumb/v7e-m+fp/hard/crt0.o
LOAD build/main.o
LOAD build/stm32l4xx_hal_msp.o
LOAD build/stm32l4xx_it.o
LOAD build/system_stm32l4xx.o
LOAD build/stm32l4xx_hal.o
LOAD build/stm32l4xx_hal_adc.o
LOAD build/stm32l4xx_hal_adc_ex.o
LOAD build/stm32l4xx_hal_cortex.o
LOAD build/stm32l4xx_hal_dac.o
LOAD build/stm32l4xx_hal_dac_ex.o
LOAD build/stm32l4xx_hal_dma.o
LOAD build/stm32l4xx_hal_dma_ex.o
LOAD build/stm32l4xx_hal_exti.o
LOAD build/stm32l4xx_hal_flash.o
LOAD build/stm32l4xx_hal_flash_ex.o
LOAD build/stm32l4xx_hal_flash_ramfunc.o
LOAD build/stm32l4xx_hal_gpio.o
LOAD build/stm32l4xx_hal_pcd.o
LOAD build/stm32l4xx_hal_pcd_ex.o
LOAD build/stm32l4xx_hal_pwr.o
LOAD build/stm32l4xx_hal_pwr_ex.o
LOAD build/stm32l4xx_hal_rcc.o
LOAD build/stm32l4xx_hal_rcc_ex.o
LOAD build/stm32l4xx_hal_tim.o
LOAD build/stm32l4xx_hal_tim_ex.o
LOAD build/stm32l4xx_hal_uart.o
LOAD build/stm32l4xx_hal_uart_ex.o
LOAD build/stm32l4xx_ll_usb.o
LOAD build/startup_stm32l496xx.o
LOAD c:/users/ldu08/appdata/roaming/code/user/globalstorage/bmd.stm32-for-vscode/@xpack-dev-tools/arm-none-eabi-gcc/11.3.1-1.1.2/.content/bin/../lib/gcc/arm-none-eabi/11.3.1/../../../../arm-none-eabi/lib/thumb/v7e-m+fp/hard\libc_nano.a
LOAD c:/users/ldu08/appdata/roaming/code/user/globalstorage/bmd.stm32-for-vscode/@xpack-dev-tools/arm-none-eabi-gcc/11.3.1-1.1.2/.content/bin/../lib/gcc/arm-none-eabi/11.3.1/../../../../arm-none-eabi/lib/thumb/v7e-m+fp/hard\libm.a
LOAD c:/users/ldu08/appdata/roaming/code/user/globalstorage/bmd.stm32-for-vscode/@xpack-dev-tools/arm-none-eabi-gcc/11.3.1-1.1.2/.content/bin/../lib/gcc/arm-none-eabi/11.3.1/../../../../arm-none-eabi/lib/thumb/v7e-m+fp/hard\libnosys.a
START GROUP
LOAD c:/users/ldu08/appdata/roaming/code/user/globalstorage/bmd.stm32-for-vscode/@xpack-dev-tools/arm-none-eabi-gcc/11.3.1-1.1.2/.content/bin/../lib/gcc/arm-none-eabi/11.3.1/thumb/v7e-m+fp/hard\libgcc.a
LOAD c:/users/ldu08/appdata/roaming/code/user/globalstorage/bmd.stm32-for-vscode/@xpack-dev-tools/arm-none-eabi-gcc/11.3.1-1.1.2/.content/bin/../lib/gcc/arm-none-eabi/11.3.1/../../../../arm-none-eabi/lib/thumb/v7e-m+fp/hard\libc_nano.a
END GROUP
START GROUP
LOAD c:/users/ldu08/appdata/roaming/code/user/globalstorage/bmd.stm32-for-vscode/@xpack-dev-tools/arm-none-eabi-gcc/11.3.1-1.1.2/.content/bin/../lib/gcc/arm-none-eabi/11.3.1/thumb/v7e-m+fp/hard\libgcc.a
LOAD c:/users/ldu08/appdata/roaming/code/user/globalstorage/bmd.stm32-for-vscode/@xpack-dev-tools/arm-none-eabi-gcc/11.3.1-1.1.2/.content/bin/../lib/gcc/arm-none-eabi/11.3.1/../../../../arm-none-eabi/lib/thumb/v7e-m+fp/hard\libc_nano.a
END GROUP
LOAD c:/users/ldu08/appdata/roaming/code/user/globalstorage/bmd.stm32-for-vscode/@xpack-dev-tools/arm-none-eabi-gcc/11.3.1-1.1.2/.content/bin/../lib/gcc/arm-none-eabi/11.3.1/thumb/v7e-m+fp/hard/crtend.o
LOAD c:/users/ldu08/appdata/roaming/code/user/globalstorage/bmd.stm32-for-vscode/@xpack-dev-tools/arm-none-eabi-gcc/11.3.1-1.1.2/.content/bin/../lib/gcc/arm-none-eabi/11.3.1/thumb/v7e-m+fp/hard/crtn.o
                0x0000000020050000                _estack = (ORIGIN (RAM) + LENGTH (RAM))
                0x0000000000000200                _Min_Heap_Size = 0x200
                0x0000000000000400                _Min_Stack_Size = 0x400

.isr_vector     0x0000000008000000      0x1b0
                0x0000000008000000                . = ALIGN (0x8)
 *(.isr_vector)
 .isr_vector    0x0000000008000000      0x1ac build/startup_stm32l496xx.o
                0x0000000008000000                g_pfnVectors
                0x00000000080001b0                . = ALIGN (0x8)
 *fill*         0x00000000080001ac        0x4 

.text           0x00000000080001b0     0x4700
                0x00000000080001b0                . = ALIGN (0x8)
 *(.text)
 .text          0x00000000080001b0      0x254 c:/users/ldu08/appdata/roaming/code/user/globalstorage/bmd.stm32-for-vscode/@xpack-dev-tools/arm-none-eabi-gcc/11.3.1-1.1.2/.content/bin/../lib/gcc/arm-none-eabi/11.3.1/thumb/v7e-m+fp/hard\libgcc.a(_arm_muldf3.o)
                0x00000000080001b0                __muldf3
                0x00000000080001b0                __aeabi_dmul
 .text          0x0000000008000404      0x378 c:/users/ldu08/appdata/roaming/code/user/globalstorage/bmd.stm32-for-vscode/@xpack-dev-tools/arm-none-eabi-gcc/11.3.1-1.1.2/.content/bin/../lib/gcc/arm-none-eabi/11.3.1/thumb/v7e-m+fp/hard\libgcc.a(_arm_addsubdf3.o)
                0x0000000008000404                __aeabi_drsub
                0x000000000800040c                __aeabi_dsub
                0x000000000800040c                __subdf3
                0x0000000008000410                __aeabi_dadd
                0x0000000008000410                __adddf3
                0x0000000008000688                __floatunsidf
                0x0000000008000688                __aeabi_ui2d
                0x00000000080006a8                __floatsidf
                0x00000000080006a8                __aeabi_i2d
                0x00000000080006cc                __aeabi_f2d
                0x00000000080006cc                __extendsfdf2
                0x0000000008000710                __floatundidf
                0x0000000008000710                __aeabi_ul2d
                0x0000000008000720                __floatdidf
                0x0000000008000720                __aeabi_l2d
 .text          0x000000000800077c       0xa0 c:/users/ldu08/appdata/roaming/code/user/globalstorage/bmd.stm32-for-vscode/@xpack-dev-tools/arm-none-eabi-gcc/11.3.1-1.1.2/.content/bin/../lib/gcc/arm-none-eabi/11.3.1/thumb/v7e-m+fp/hard\libgcc.a(_arm_truncdfsf2.o)
                0x000000000800077c                __truncdfsf2
                0x000000000800077c                __aeabi_d2f
 .text          0x000000000800081c       0x30 c:/users/ldu08/appdata/roaming/code/user/globalstorage/bmd.stm32-for-vscode/@xpack-dev-tools/arm-none-eabi-gcc/11.3.1-1.1.2/.content/bin/../lib/gcc/arm-none-eabi/11.3.1/thumb/v7e-m+fp/hard\libgcc.a(_aeabi_uldivmod.o)
                0x000000000800081c                __aeabi_uldivmod
 .text          0x000000000800084c        0x4 c:/users/ldu08/appdata/roaming/code/user/globalstorage/bmd.stm32-for-vscode/@xpack-dev-tools/arm-none-eabi-gcc/11.3.1-1.1.2/.content/bin/../lib/gcc/arm-none-eabi/11.3.1/thumb/v7e-m+fp/hard\libgcc.a(_dvmd_tls.o)
                0x000000000800084c                __aeabi_idiv0
                0x000000000800084c                __aeabi_ldiv0
 *(.text*)
 .text.__do_global_dtors_aux
                0x0000000008000850       0x24 c:/users/ldu08/appdata/roaming/code/user/globalstorage/bmd.stm32-for-vscode/@xpack-dev-tools/arm-none-eabi-gcc/11.3.1-1.1.2/.content/bin/../lib/gcc/arm-none-eabi/11.3.1/thumb/v7e-m+fp/hard/crtbegin.o
 .text.frame_dummy
                0x0000000008000874       0x1c c:/users/ldu08/appdata/roaming/code/user/globalstorage/bmd.stm32-for-vscode/@xpack-dev-tools/arm-none-eabi-gcc/11.3.1-1.1.2/.content/bin/../lib/gcc/arm-none-eabi/11.3.1/thumb/v7e-m+fp/hard/crtbegin.o
 .text.MX_GPIO_Init
                0x0000000008000890       0xec build/main.o
 .text.MX_DMA_Init
                0x000000000800097c       0x44 build/main.o
 .text.HAL_ADC_ConvHalfCpltCallback
                0x00000000080009c0       0x28 build/main.o
                0x00000000080009c0                HAL_ADC_ConvHalfCpltCallback
 .text.HAL_ADC_ConvCpltCallback
                0x00000000080009e8       0x28 build/main.o
                0x00000000080009e8                HAL_ADC_ConvCpltCallback
 .text.process_data
                0x0000000008000a10       0x84 build/main.o
                0x0000000008000a10                process_data
 .text.Error_Handler
                0x0000000008000a94        0x4 build/main.o
                0x0000000008000a94                Error_Handler
 .text.MX_DAC1_Init
                0x0000000008000a98       0x4c build/main.o
 .text.MX_LPUART1_UART_Init
                0x0000000008000ae4       0x3c build/main.o
 .text.MX_USB_OTG_FS_PCD_Init
                0x0000000008000b20       0x34 build/main.o
 .text.MX_ADC1_Init
                0x0000000008000b54       0xa4 build/main.o
 .text.MX_TIM6_Init
                0x0000000008000bf8       0x4c build/main.o
 .text.SystemClock_Config
                0x0000000008000c44       0xa0 build/main.o
                0x0000000008000c44                SystemClock_Config
 .text.PeriphCommonClock_Config
                0x0000000008000ce4       0x4a build/main.o
                0x0000000008000ce4                PeriphCommonClock_Config
 *fill*         0x0000000008000d2e        0x2 
 .text.main     0x0000000008000d30       0x90 build/main.o
                0x0000000008000d30                main
 .text.HAL_MspInit
                0x0000000008000dc0       0x30 build/stm32l4xx_hal_msp.o
                0x0000000008000dc0                HAL_MspInit
 .text.HAL_ADC_MspInit
                0x0000000008000df0       0xa4 build/stm32l4xx_hal_msp.o
                0x0000000008000df0                HAL_ADC_MspInit
 .text.HAL_DAC_MspInit
                0x0000000008000e94       0xb4 build/stm32l4xx_hal_msp.o
                0x0000000008000e94                HAL_DAC_MspInit
 .text.HAL_UART_MspInit
                0x0000000008000f48       0x90 build/stm32l4xx_hal_msp.o
                0x0000000008000f48                HAL_UART_MspInit
 .text.HAL_TIM_Base_MspInit
                0x0000000008000fd8       0x40 build/stm32l4xx_hal_msp.o
                0x0000000008000fd8                HAL_TIM_Base_MspInit
 .text.HAL_PCD_MspInit
                0x0000000008001018       0xa8 build/stm32l4xx_hal_msp.o
                0x0000000008001018                HAL_PCD_MspInit
 .text.NMI_Handler
                0x00000000080010c0        0x2 build/stm32l4xx_it.o
                0x00000000080010c0                NMI_Handler
 .text.HardFault_Handler
                0x00000000080010c2        0x2 build/stm32l4xx_it.o
                0x00000000080010c2                HardFault_Handler
 .text.MemManage_Handler
                0x00000000080010c4        0x2 build/stm32l4xx_it.o
                0x00000000080010c4                MemManage_Handler
 .text.BusFault_Handler
                0x00000000080010c6        0x2 build/stm32l4xx_it.o
                0x00000000080010c6                BusFault_Handler
 .text.UsageFault_Handler
                0x00000000080010c8        0x2 build/stm32l4xx_it.o
                0x00000000080010c8                UsageFault_Handler
 .text.SVC_Handler
                0x00000000080010ca        0x2 build/stm32l4xx_it.o
                0x00000000080010ca                SVC_Handler
 .text.DebugMon_Handler
                0x00000000080010cc        0x2 build/stm32l4xx_it.o
                0x00000000080010cc                DebugMon_Handler
 .text.PendSV_Handler
                0x00000000080010ce        0x2 build/stm32l4xx_it.o
                0x00000000080010ce                PendSV_Handler
 .text.SysTick_Handler
                0x00000000080010d0        0x8 build/stm32l4xx_it.o
                0x00000000080010d0                SysTick_Handler
 .text.DMA1_Channel1_IRQHandler
                0x00000000080010d8       0x10 build/stm32l4xx_it.o
                0x00000000080010d8                DMA1_Channel1_IRQHandler
 .text.DMA1_Channel3_IRQHandler
                0x00000000080010e8       0x10 build/stm32l4xx_it.o
                0x00000000080010e8                DMA1_Channel3_IRQHandler
 .text.TIM6_DAC_IRQHandler
                0x00000000080010f8       0x18 build/stm32l4xx_it.o
                0x00000000080010f8                TIM6_DAC_IRQHandler
 .text.SystemInit
                0x0000000008001110       0x14 build/system_stm32l4xx.o
                0x0000000008001110                SystemInit
 .text.HAL_InitTick
                0x0000000008001124       0x50 build/stm32l4xx_hal.o
                0x0000000008001124                HAL_InitTick
 .text.HAL_Init
                0x0000000008001174       0x1e build/stm32l4xx_hal.o
                0x0000000008001174                HAL_Init
 *fill*         0x0000000008001192        0x2 
 .text.HAL_IncTick
                0x0000000008001194       0x18 build/stm32l4xx_hal.o
                0x0000000008001194                HAL_IncTick
 .text.HAL_GetTick
                0x00000000080011ac        0xc build/stm32l4xx_hal.o
                0x00000000080011ac                HAL_GetTick
 .text.HAL_Delay
                0x00000000080011b8       0x28 build/stm32l4xx_hal.o
                0x00000000080011b8                HAL_Delay
 .text.HAL_ADC_Init
                0x00000000080011e0      0x1fc build/stm32l4xx_hal_adc.o
                0x00000000080011e0                HAL_ADC_Init
 .text.ADC_DMAHalfConvCplt
                0x00000000080013dc        0xa build/stm32l4xx_hal_adc.o
                0x00000000080013dc                ADC_DMAHalfConvCplt
 .text.HAL_ADC_ErrorCallback
                0x00000000080013e6        0x2 build/stm32l4xx_hal_adc.o
                0x00000000080013e6                HAL_ADC_ErrorCallback
 .text.ADC_DMAConvCplt
                0x00000000080013e8       0x88 build/stm32l4xx_hal_adc.o
                0x00000000080013e8                ADC_DMAConvCplt
 .text.ADC_DMAError
                0x0000000008001470       0x1a build/stm32l4xx_hal_adc.o
                0x0000000008001470                ADC_DMAError
 *fill*         0x000000000800148a        0x2 
 .text.HAL_ADC_ConfigChannel
                0x000000000800148c      0x4e0 build/stm32l4xx_hal_adc.o
                0x000000000800148c                HAL_ADC_ConfigChannel
 .text.ADC_Enable
                0x000000000800196c       0xdc build/stm32l4xx_hal_adc.o
                0x000000000800196c                ADC_Enable
 .text.HAL_ADC_Start_DMA
                0x0000000008001a48      0x118 build/stm32l4xx_hal_adc.o
                0x0000000008001a48                HAL_ADC_Start_DMA
 .text.HAL_ADCEx_MultiModeConfigChannel
                0x0000000008001b60      0x138 build/stm32l4xx_hal_adc_ex.o
                0x0000000008001b60                HAL_ADCEx_MultiModeConfigChannel
 .text.HAL_NVIC_SetPriorityGrouping
                0x0000000008001c98       0x24 build/stm32l4xx_hal_cortex.o
                0x0000000008001c98                HAL_NVIC_SetPriorityGrouping
 .text.HAL_NVIC_SetPriority
                0x0000000008001cbc       0x70 build/stm32l4xx_hal_cortex.o
                0x0000000008001cbc                HAL_NVIC_SetPriority
 .text.HAL_NVIC_EnableIRQ
                0x0000000008001d2c       0x1c build/stm32l4xx_hal_cortex.o
                0x0000000008001d2c                HAL_NVIC_EnableIRQ
 .text.HAL_SYSTICK_Config
                0x0000000008001d48       0x28 build/stm32l4xx_hal_cortex.o
                0x0000000008001d48                HAL_SYSTICK_Config
 .text.HAL_DAC_Init
                0x0000000008001d70       0x24 build/stm32l4xx_hal_dac.o
                0x0000000008001d70                HAL_DAC_Init
 .text.HAL_DAC_Start_DMA
                0x0000000008001d94       0xf8 build/stm32l4xx_hal_dac.o
                0x0000000008001d94                HAL_DAC_Start_DMA
 .text.HAL_DAC_ConvCpltCallbackCh1
                0x0000000008001e8c        0x2 build/stm32l4xx_hal_dac.o
                0x0000000008001e8c                HAL_DAC_ConvCpltCallbackCh1
 .text.DAC_DMAConvCpltCh1
                0x0000000008001e8e       0x10 build/stm32l4xx_hal_dac.o
                0x0000000008001e8e                DAC_DMAConvCpltCh1
 .text.HAL_DAC_ConvHalfCpltCallbackCh1
                0x0000000008001e9e        0x2 build/stm32l4xx_hal_dac.o
                0x0000000008001e9e                HAL_DAC_ConvHalfCpltCallbackCh1
 .text.DAC_DMAHalfConvCpltCh1
                0x0000000008001ea0        0xa build/stm32l4xx_hal_dac.o
                0x0000000008001ea0                DAC_DMAHalfConvCpltCh1
 .text.HAL_DAC_ErrorCallbackCh1
                0x0000000008001eaa        0x2 build/stm32l4xx_hal_dac.o
                0x0000000008001eaa                HAL_DAC_ErrorCallbackCh1
 .text.DAC_DMAErrorCh1
                0x0000000008001eac       0x18 build/stm32l4xx_hal_dac.o
                0x0000000008001eac                DAC_DMAErrorCh1
 .text.HAL_DAC_DMAUnderrunCallbackCh1
                0x0000000008001ec4        0x2 build/stm32l4xx_hal_dac.o
                0x0000000008001ec4                HAL_DAC_DMAUnderrunCallbackCh1
 .text.HAL_DAC_IRQHandler
                0x0000000008001ec6       0x70 build/stm32l4xx_hal_dac.o
                0x0000000008001ec6                HAL_DAC_IRQHandler
 .text.HAL_DAC_ConfigChannel
                0x0000000008001f36      0x14a build/stm32l4xx_hal_dac.o
                0x0000000008001f36                HAL_DAC_ConfigChannel
 .text.HAL_DACEx_ConvCpltCallbackCh2
                0x0000000008002080        0x2 build/stm32l4xx_hal_dac_ex.o
                0x0000000008002080                HAL_DACEx_ConvCpltCallbackCh2
 .text.HAL_DACEx_ConvHalfCpltCallbackCh2
                0x0000000008002082        0x2 build/stm32l4xx_hal_dac_ex.o
                0x0000000008002082                HAL_DACEx_ConvHalfCpltCallbackCh2
 .text.HAL_DACEx_ErrorCallbackCh2
                0x0000000008002084        0x2 build/stm32l4xx_hal_dac_ex.o
                0x0000000008002084                HAL_DACEx_ErrorCallbackCh2
 .text.HAL_DACEx_DMAUnderrunCallbackCh2
                0x0000000008002086        0x2 build/stm32l4xx_hal_dac_ex.o
                0x0000000008002086                HAL_DACEx_DMAUnderrunCallbackCh2
 .text.DAC_DMAConvCpltCh2
                0x0000000008002088       0x10 build/stm32l4xx_hal_dac_ex.o
                0x0000000008002088                DAC_DMAConvCpltCh2
 .text.DAC_DMAHalfConvCpltCh2
                0x0000000008002098        0xa build/stm32l4xx_hal_dac_ex.o
                0x0000000008002098                DAC_DMAHalfConvCpltCh2
 .text.DAC_DMAErrorCh2
                0x00000000080020a2       0x18 build/stm32l4xx_hal_dac_ex.o
                0x00000000080020a2                DAC_DMAErrorCh2
 .text.DMA_SetConfig
                0x00000000080020ba       0x32 build/stm32l4xx_hal_dma.o
 .text.HAL_DMA_Init
                0x00000000080020ec      0x108 build/stm32l4xx_hal_dma.o
                0x00000000080020ec                HAL_DMA_Init
 .text.HAL_DMA_Start_IT
                0x00000000080021f4       0x76 build/stm32l4xx_hal_dma.o
                0x00000000080021f4                HAL_DMA_Start_IT
 .text.HAL_DMA_IRQHandler
                0x000000000800226a       0xc4 build/stm32l4xx_hal_dma.o
                0x000000000800226a                HAL_DMA_IRQHandler
 *fill*         0x000000000800232e        0x2 
 .text.HAL_GPIO_Init
                0x0000000008002330      0x1f0 build/stm32l4xx_hal_gpio.o
                0x0000000008002330                HAL_GPIO_Init
 .text.HAL_GPIO_WritePin
                0x0000000008002520        0xa build/stm32l4xx_hal_gpio.o
                0x0000000008002520                HAL_GPIO_WritePin
 .text.HAL_PCD_Init
                0x000000000800252a      0x13c build/stm32l4xx_hal_pcd.o
                0x000000000800252a                HAL_PCD_Init
 .text.HAL_PCDEx_ActivateLPM
                0x0000000008002666       0x26 build/stm32l4xx_hal_pcd_ex.o
                0x0000000008002666                HAL_PCDEx_ActivateLPM
 .text.HAL_PWR_EnableBkUpAccess
                0x000000000800268c       0x10 build/stm32l4xx_hal_pwr.o
                0x000000000800268c                HAL_PWR_EnableBkUpAccess
 .text.HAL_PWREx_GetVoltageRange
                0x000000000800269c       0x10 build/stm32l4xx_hal_pwr_ex.o
                0x000000000800269c                HAL_PWREx_GetVoltageRange
 .text.HAL_PWREx_ControlVoltageScaling
                0x00000000080026ac       0x90 build/stm32l4xx_hal_pwr_ex.o
                0x00000000080026ac                HAL_PWREx_ControlVoltageScaling
 .text.HAL_PWREx_EnableVddUSB
                0x000000000800273c       0x10 build/stm32l4xx_hal_pwr_ex.o
                0x000000000800273c                HAL_PWREx_EnableVddUSB
 .text.HAL_PWREx_EnableVddIO2
                0x000000000800274c       0x10 build/stm32l4xx_hal_pwr_ex.o
                0x000000000800274c                HAL_PWREx_EnableVddIO2
 .text.RCC_SetFlashLatencyFromMSIRange
                0x000000000800275c       0x90 build/stm32l4xx_hal_rcc.o
 .text.HAL_RCC_GetSysClockFreq
                0x00000000080027ec       0xb4 build/stm32l4xx_hal_rcc.o
                0x00000000080027ec                HAL_RCC_GetSysClockFreq
 .text.HAL_RCC_OscConfig
                0x00000000080028a0      0x67c build/stm32l4xx_hal_rcc.o
                0x00000000080028a0                HAL_RCC_OscConfig
 .text.HAL_RCC_ClockConfig
                0x0000000008002f1c      0x188 build/stm32l4xx_hal_rcc.o
                0x0000000008002f1c                HAL_RCC_ClockConfig
 .text.HAL_RCC_GetHCLKFreq
                0x00000000080030a4        0xc build/stm32l4xx_hal_rcc.o
                0x00000000080030a4                HAL_RCC_GetHCLKFreq
 .text.HAL_RCC_GetPCLK1Freq
                0x00000000080030b0       0x24 build/stm32l4xx_hal_rcc.o
                0x00000000080030b0                HAL_RCC_GetPCLK1Freq
 .text.HAL_RCC_GetPCLK2Freq
                0x00000000080030d4       0x24 build/stm32l4xx_hal_rcc.o
                0x00000000080030d4                HAL_RCC_GetPCLK2Freq
 .text.RCCEx_PLLSAI1_Config
                0x00000000080030f8      0x16c build/stm32l4xx_hal_rcc_ex.o
 .text.RCCEx_PLLSAI2_Config
                0x0000000008003264      0x148 build/stm32l4xx_hal_rcc_ex.o
 .text.HAL_RCCEx_PeriphCLKConfig
                0x00000000080033ac      0x470 build/stm32l4xx_hal_rcc_ex.o
                0x00000000080033ac                HAL_RCCEx_PeriphCLKConfig
 .text.HAL_RCCEx_EnableMSIPLLMode
                0x000000000800381c       0x10 build/stm32l4xx_hal_rcc_ex.o
                0x000000000800381c                HAL_RCCEx_EnableMSIPLLMode
 .text.HAL_TIM_Base_Start
                0x000000000800382c       0x84 build/stm32l4xx_hal_tim.o
                0x000000000800382c                HAL_TIM_Base_Start
 .text.HAL_TIM_PeriodElapsedCallback
                0x00000000080038b0        0x2 build/stm32l4xx_hal_tim.o
                0x00000000080038b0                HAL_TIM_PeriodElapsedCallback
 .text.HAL_TIM_OC_DelayElapsedCallback
                0x00000000080038b2        0x2 build/stm32l4xx_hal_tim.o
                0x00000000080038b2                HAL_TIM_OC_DelayElapsedCallback
 .text.HAL_TIM_IC_CaptureCallback
                0x00000000080038b4        0x2 build/stm32l4xx_hal_tim.o
                0x00000000080038b4                HAL_TIM_IC_CaptureCallback
 .text.HAL_TIM_PWM_PulseFinishedCallback
                0x00000000080038b6        0x2 build/stm32l4xx_hal_tim.o
                0x00000000080038b6                HAL_TIM_PWM_PulseFinishedCallback
 .text.HAL_TIM_TriggerCallback
                0x00000000080038b8        0x2 build/stm32l4xx_hal_tim.o
                0x00000000080038b8                HAL_TIM_TriggerCallback
 .text.HAL_TIM_IRQHandler
                0x00000000080038ba      0x17a build/stm32l4xx_hal_tim.o
                0x00000000080038ba                HAL_TIM_IRQHandler
 .text.TIM_Base_SetConfig
                0x0000000008003a34       0xc8 build/stm32l4xx_hal_tim.o
                0x0000000008003a34                TIM_Base_SetConfig
 .text.HAL_TIM_Base_Init
                0x0000000008003afc       0x60 build/stm32l4xx_hal_tim.o
                0x0000000008003afc                HAL_TIM_Base_Init
 .text.HAL_TIMEx_MasterConfigSynchronization
                0x0000000008003b5c       0x98 build/stm32l4xx_hal_tim_ex.o
                0x0000000008003b5c                HAL_TIMEx_MasterConfigSynchronization
 .text.HAL_TIMEx_CommutCallback
                0x0000000008003bf4        0x2 build/stm32l4xx_hal_tim_ex.o
                0x0000000008003bf4                HAL_TIMEx_CommutCallback
 .text.HAL_TIMEx_BreakCallback
                0x0000000008003bf6        0x2 build/stm32l4xx_hal_tim_ex.o
                0x0000000008003bf6                HAL_TIMEx_BreakCallback
 .text.HAL_TIMEx_Break2Callback
                0x0000000008003bf8        0x2 build/stm32l4xx_hal_tim_ex.o
                0x0000000008003bf8                HAL_TIMEx_Break2Callback
 .text.UART_EndRxTransfer
                0x0000000008003bfa       0x52 build/stm32l4xx_hal_uart.o
 .text.UART_SetConfig
                0x0000000008003c4c      0x328 build/stm32l4xx_hal_uart.o
                0x0000000008003c4c                UART_SetConfig
 .text.UART_AdvFeatureConfig
                0x0000000008003f74       0xca build/stm32l4xx_hal_uart.o
                0x0000000008003f74                UART_AdvFeatureConfig
 .text.UART_WaitOnFlagUntilTimeout
                0x000000000800403e       0x96 build/stm32l4xx_hal_uart.o
                0x000000000800403e                UART_WaitOnFlagUntilTimeout
 .text.UART_CheckIdleState
                0x00000000080040d4       0xc6 build/stm32l4xx_hal_uart.o
                0x00000000080040d4                UART_CheckIdleState
 .text.HAL_UART_Init
                0x000000000800419a       0x62 build/stm32l4xx_hal_uart.o
                0x000000000800419a                HAL_UART_Init
 .text.USB_CoreReset
                0x00000000080041fc       0x50 build/stm32l4xx_ll_usb.o
 .text.USB_CoreInit
                0x000000000800424c       0x38 build/stm32l4xx_ll_usb.o
                0x000000000800424c                USB_CoreInit
 .text.USB_DisableGlobalInt
                0x0000000008004284        0xc build/stm32l4xx_ll_usb.o
                0x0000000008004284                USB_DisableGlobalInt
 .text.USB_FlushTxFifo
                0x0000000008004290       0x50 build/stm32l4xx_ll_usb.o
                0x0000000008004290                USB_FlushTxFifo
 .text.USB_FlushRxFifo
                0x00000000080042e0       0x4c build/stm32l4xx_ll_usb.o
                0x00000000080042e0                USB_FlushRxFifo
 .text.USB_SetDevSpeed
                0x000000000800432c        0xe build/stm32l4xx_ll_usb.o
                0x000000000800432c                USB_SetDevSpeed
 *fill*         0x000000000800433a        0x2 
 .text.USB_DevInit
                0x000000000800433c      0x160 build/stm32l4xx_ll_usb.o
                0x000000000800433c                USB_DevInit
 .text.USB_DevDisconnect
                0x000000000800449c       0x1c build/stm32l4xx_ll_usb.o
                0x000000000800449c                USB_DevDisconnect
 .text.USB_GetMode
                0x00000000080044b8        0x8 build/stm32l4xx_ll_usb.o
                0x00000000080044b8                USB_GetMode
 .text.USB_SetCurrentMode
                0x00000000080044c0       0x62 build/stm32l4xx_ll_usb.o
                0x00000000080044c0                USB_SetCurrentMode
 *fill*         0x0000000008004522        0x2 
 .text.Reset_Handler
                0x0000000008004524       0x50 build/startup_stm32l496xx.o
                0x0000000008004524                Reset_Handler
 .text.Default_Handler
                0x0000000008004574        0x2 build/startup_stm32l496xx.o
                0x0000000008004574                RTC_Alarm_IRQHandler
                0x0000000008004574                EXTI2_IRQHandler
                0x0000000008004574                TIM8_TRG_COM_IRQHandler
                0x0000000008004574                TIM8_CC_IRQHandler
                0x0000000008004574                TIM1_CC_IRQHandler
                0x0000000008004574                TSC_IRQHandler
                0x0000000008004574                TAMP_STAMP_IRQHandler
                0x0000000008004574                CAN2_RX1_IRQHandler
                0x0000000008004574                EXTI3_IRQHandler
                0x0000000008004574                LPTIM2_IRQHandler
                0x0000000008004574                DFSDM1_FLT1_IRQHandler
                0x0000000008004574                I2C3_ER_IRQHandler
                0x0000000008004574                DFSDM1_FLT2_IRQHandler
                0x0000000008004574                EXTI0_IRQHandler
                0x0000000008004574                I2C2_EV_IRQHandler
                0x0000000008004574                CAN1_RX0_IRQHandler
                0x0000000008004574                FPU_IRQHandler
                0x0000000008004574                TIM1_UP_TIM16_IRQHandler
                0x0000000008004574                CAN2_SCE_IRQHandler
                0x0000000008004574                ADC1_2_IRQHandler
                0x0000000008004574                SPI1_IRQHandler
                0x0000000008004574                DCMI_IRQHandler
                0x0000000008004574                CAN2_RX0_IRQHandler
                0x0000000008004574                TIM8_UP_IRQHandler
                0x0000000008004574                DMA2_Channel2_IRQHandler
                0x0000000008004574                DMA1_Channel4_IRQHandler
                0x0000000008004574                SAI2_IRQHandler
                0x0000000008004574                DFSDM1_FLT3_IRQHandler
                0x0000000008004574                USART3_IRQHandler
                0x0000000008004574                DMA1_Channel7_IRQHandler
                0x0000000008004574                CAN1_RX1_IRQHandler
                0x0000000008004574                LCD_IRQHandler
                0x0000000008004574                UART5_IRQHandler
                0x0000000008004574                ADC3_IRQHandler
                0x0000000008004574                TIM4_IRQHandler
                0x0000000008004574                DMA2_Channel1_IRQHandler
                0x0000000008004574                QUADSPI_IRQHandler
                0x0000000008004574                I2C1_EV_IRQHandler
                0x0000000008004574                DMA1_Channel6_IRQHandler
                0x0000000008004574                UART4_IRQHandler
                0x0000000008004574                DMA2_Channel4_IRQHandler
                0x0000000008004574                TIM3_IRQHandler
                0x0000000008004574                RCC_IRQHandler
                0x0000000008004574                Default_Handler
                0x0000000008004574                DMA2_Channel7_IRQHandler
                0x0000000008004574                EXTI15_10_IRQHandler
                0x0000000008004574                TIM7_IRQHandler
                0x0000000008004574                SDMMC1_IRQHandler
                0x0000000008004574                CAN2_TX_IRQHandler
                0x0000000008004574                TIM5_IRQHandler
                0x0000000008004574                I2C3_EV_IRQHandler
                0x0000000008004574                EXTI9_5_IRQHandler
                0x0000000008004574                RTC_WKUP_IRQHandler
                0x0000000008004574                PVD_PVM_IRQHandler
                0x0000000008004574                SPI2_IRQHandler
                0x0000000008004574                CAN1_TX_IRQHandler
                0x0000000008004574                DMA2_Channel5_IRQHandler
                0x0000000008004574                CRS_IRQHandler
                0x0000000008004574                DMA1_Channel5_IRQHandler
                0x0000000008004574                EXTI4_IRQHandler
                0x0000000008004574                RNG_IRQHandler
                0x0000000008004574                TIM1_TRG_COM_TIM17_IRQHandler
                0x0000000008004574                COMP_IRQHandler
                0x0000000008004574                WWDG_IRQHandler
                0x0000000008004574                I2C4_EV_IRQHandler
                0x0000000008004574                LPUART1_IRQHandler
                0x0000000008004574                DMA2_Channel6_IRQHandler
                0x0000000008004574                TIM2_IRQHandler
                0x0000000008004574                EXTI1_IRQHandler
                0x0000000008004574                USART2_IRQHandler
                0x0000000008004574                DFSDM1_FLT0_IRQHandler
                0x0000000008004574                I2C2_ER_IRQHandler
                0x0000000008004574                DMA1_Channel2_IRQHandler
                0x0000000008004574                TIM8_BRK_IRQHandler
                0x0000000008004574                CAN1_SCE_IRQHandler
                0x0000000008004574                FLASH_IRQHandler
                0x0000000008004574                USART1_IRQHandler
                0x0000000008004574                OTG_FS_IRQHandler
                0x0000000008004574                SPI3_IRQHandler
                0x0000000008004574                I2C1_ER_IRQHandler
                0x0000000008004574                FMC_IRQHandler
                0x0000000008004574                SWPMI1_IRQHandler
                0x0000000008004574                LPTIM1_IRQHandler
                0x0000000008004574                I2C4_ER_IRQHandler
                0x0000000008004574                SAI1_IRQHandler
                0x0000000008004574                DMA2_Channel3_IRQHandler
                0x0000000008004574                TIM1_BRK_TIM15_IRQHandler
 .text.memset   0x0000000008004576       0x10 c:/users/ldu08/appdata/roaming/code/user/globalstorage/bmd.stm32-for-vscode/@xpack-dev-tools/arm-none-eabi-gcc/11.3.1-1.1.2/.content/bin/../lib/gcc/arm-none-eabi/11.3.1/../../../../arm-none-eabi/lib/thumb/v7e-m+fp/hard\libc_nano.a(libc_a-memset.o)
                0x0000000008004576                memset
 *fill*         0x0000000008004586        0x2 
 .text.__libc_init_array
                0x0000000008004588       0x48 c:/users/ldu08/appdata/roaming/code/user/globalstorage/bmd.stm32-for-vscode/@xpack-dev-tools/arm-none-eabi-gcc/11.3.1-1.1.2/.content/bin/../lib/gcc/arm-none-eabi/11.3.1/../../../../arm-none-eabi/lib/thumb/v7e-m+fp/hard\libc_nano.a(libc_a-init.o)
                0x0000000008004588                __libc_init_array
 .text.__udivmoddi4
                0x00000000080045d0      0x2c8 c:/users/ldu08/appdata/roaming/code/user/globalstorage/bmd.stm32-for-vscode/@xpack-dev-tools/arm-none-eabi-gcc/11.3.1-1.1.2/.content/bin/../lib/gcc/arm-none-eabi/11.3.1/thumb/v7e-m+fp/hard\libgcc.a(_udivmoddi4.o)
                0x00000000080045d0                __udivmoddi4
 *(.glue_7)
 .glue_7        0x0000000008004898        0x0 linker stubs
 *(.glue_7t)
 .glue_7t       0x0000000008004898        0x0 linker stubs
 *(.eh_frame)
 .eh_frame      0x0000000008004898        0x0 c:/users/ldu08/appdata/roaming/code/user/globalstorage/bmd.stm32-for-vscode/@xpack-dev-tools/arm-none-eabi-gcc/11.3.1-1.1.2/.content/bin/../lib/gcc/arm-none-eabi/11.3.1/thumb/v7e-m+fp/hard/crtbegin.o
 *(.init)
 .init          0x0000000008004898        0x4 c:/users/ldu08/appdata/roaming/code/user/globalstorage/bmd.stm32-for-vscode/@xpack-dev-tools/arm-none-eabi-gcc/11.3.1-1.1.2/.content/bin/../lib/gcc/arm-none-eabi/11.3.1/thumb/v7e-m+fp/hard/crti.o
                0x0000000008004898                _init
 .init          0x000000000800489c        0x8 c:/users/ldu08/appdata/roaming/code/user/globalstorage/bmd.stm32-for-vscode/@xpack-dev-tools/arm-none-eabi-gcc/11.3.1-1.1.2/.content/bin/../lib/gcc/arm-none-eabi/11.3.1/thumb/v7e-m+fp/hard/crtn.o
 *(.fini)
 .fini          0x00000000080048a4        0x4 c:/users/ldu08/appdata/roaming/code/user/globalstorage/bmd.stm32-for-vscode/@xpack-dev-tools/arm-none-eabi-gcc/11.3.1-1.1.2/.content/bin/../lib/gcc/arm-none-eabi/11.3.1/thumb/v7e-m+fp/hard/crti.o
                0x00000000080048a4                _fini
 .fini          0x00000000080048a8        0x8 c:/users/ldu08/appdata/roaming/code/user/globalstorage/bmd.stm32-for-vscode/@xpack-dev-tools/arm-none-eabi-gcc/11.3.1-1.1.2/.content/bin/../lib/gcc/arm-none-eabi/11.3.1/thumb/v7e-m+fp/hard/crtn.o
                0x00000000080048b0                . = ALIGN (0x8)
                0x00000000080048b0                _etext = .

.vfp11_veneer   0x00000000080048b0        0x0
 .vfp11_veneer  0x00000000080048b0        0x0 linker stubs

.v4_bx          0x00000000080048b0        0x0
 .v4_bx         0x00000000080048b0        0x0 linker stubs

.iplt           0x00000000080048b0        0x0
 .iplt          0x00000000080048b0        0x0 c:/users/ldu08/appdata/roaming/code/user/globalstorage/bmd.stm32-for-vscode/@xpack-dev-tools/arm-none-eabi-gcc/11.3.1-1.1.2/.content/bin/../lib/gcc/arm-none-eabi/11.3.1/thumb/v7e-m+fp/hard/crtbegin.o

.rodata         0x00000000080048b0       0x48
                0x00000000080048b0                . = ALIGN (0x8)
 *(.rodata)
 *(.rodata*)
 .rodata.AHBPrescTable
                0x00000000080048b0       0x10 build/system_stm32l4xx.o
                0x00000000080048b0                AHBPrescTable
 .rodata.APBPrescTable
                0x00000000080048c0        0x8 build/system_stm32l4xx.o
                0x00000000080048c0                APBPrescTable
 .rodata.MSIRangeTable
                0x00000000080048c8       0x30 build/system_stm32l4xx.o
                0x00000000080048c8                MSIRangeTable
                0x00000000080048f8                . = ALIGN (0x8)

.ARM.extab      0x00000000080048f8        0x0
                0x00000000080048f8                . = ALIGN (0x8)
 *(.ARM.extab* .gnu.linkonce.armextab.*)
                0x00000000080048f8                . = ALIGN (0x8)

.ARM            0x00000000080048f8        0x8
                0x00000000080048f8                . = ALIGN (0x8)
                0x00000000080048f8                __exidx_start = .
 *(.ARM.exidx*)
 .ARM.exidx.text.__udivmoddi4
                0x00000000080048f8        0x8 c:/users/ldu08/appdata/roaming/code/user/globalstorage/bmd.stm32-for-vscode/@xpack-dev-tools/arm-none-eabi-gcc/11.3.1-1.1.2/.content/bin/../lib/gcc/arm-none-eabi/11.3.1/thumb/v7e-m+fp/hard\libgcc.a(_udivmoddi4.o)
                0x0000000008004900                __exidx_end = .
                0x0000000008004900                . = ALIGN (0x8)

.rel.dyn        0x0000000008004900        0x0
 .rel.iplt      0x0000000008004900        0x0 c:/users/ldu08/appdata/roaming/code/user/globalstorage/bmd.stm32-for-vscode/@xpack-dev-tools/arm-none-eabi-gcc/11.3.1-1.1.2/.content/bin/../lib/gcc/arm-none-eabi/11.3.1/thumb/v7e-m+fp/hard/crtbegin.o

.preinit_array  0x0000000008004900        0x0
                0x0000000008004900                . = ALIGN (0x8)
                0x0000000008004900                PROVIDE (__preinit_array_start = .)
 *(.preinit_array*)
                0x0000000008004900                PROVIDE (__preinit_array_end = .)
                0x0000000008004900                . = ALIGN (0x8)

.init_array     0x0000000008004900        0x8
                0x0000000008004900                . = ALIGN (0x8)
                0x0000000008004900                PROVIDE (__init_array_start = .)
 *(SORT_BY_NAME(.init_array.*))
 *(.init_array*)
 .init_array    0x0000000008004900        0x4 c:/users/ldu08/appdata/roaming/code/user/globalstorage/bmd.stm32-for-vscode/@xpack-dev-tools/arm-none-eabi-gcc/11.3.1-1.1.2/.content/bin/../lib/gcc/arm-none-eabi/11.3.1/thumb/v7e-m+fp/hard/crtbegin.o
                0x0000000008004904                PROVIDE (__init_array_end = .)
                0x0000000008004908                . = ALIGN (0x8)
 *fill*         0x0000000008004904        0x4 

.fini_array     0x0000000008004908        0x8
                0x0000000008004908                . = ALIGN (0x8)
                0x0000000008004908                PROVIDE (__fini_array_start = .)
 *(SORT_BY_NAME(.fini_array.*))
 *(.fini_array*)
 .fini_array    0x0000000008004908        0x4 c:/users/ldu08/appdata/roaming/code/user/globalstorage/bmd.stm32-for-vscode/@xpack-dev-tools/arm-none-eabi-gcc/11.3.1-1.1.2/.content/bin/../lib/gcc/arm-none-eabi/11.3.1/thumb/v7e-m+fp/hard/crtbegin.o
                0x000000000800490c                PROVIDE (__fini_array_end = .)
                0x0000000008004910                . = ALIGN (0x8)
 *fill*         0x000000000800490c        0x4 
                0x0000000008004910                _sidata = LOADADDR (.data)

.data           0x0000000020000000       0x10 load address 0x0000000008004910
                0x0000000020000000                . = ALIGN (0x8)
                0x0000000020000000                _sdata = .
 *(.data)
 *(.data*)
 .data.SystemCoreClock
                0x0000000020000000        0x4 build/system_stm32l4xx.o
                0x0000000020000000                SystemCoreClock
 .data.uwTickFreq
                0x0000000020000004        0x1 build/stm32l4xx_hal.o
                0x0000000020000004                uwTickFreq
 *fill*         0x0000000020000005        0x3 
 .data.uwTickPrio
                0x0000000020000008        0x4 build/stm32l4xx_hal.o
                0x0000000020000008                uwTickPrio
                0x0000000020000010                . = ALIGN (0x8)
 *fill*         0x000000002000000c        0x4 
                0x0000000020000010                _edata = .

.igot.plt       0x0000000020000010        0x0 load address 0x0000000008004920
 .igot.plt      0x0000000020000010        0x0 c:/users/ldu08/appdata/roaming/code/user/globalstorage/bmd.stm32-for-vscode/@xpack-dev-tools/arm-none-eabi-gcc/11.3.1-1.1.2/.content/bin/../lib/gcc/arm-none-eabi/11.3.1/thumb/v7e-m+fp/hard/crtbegin.o
                0x0000000020000010                . = ALIGN (0x4)

.bss            0x0000000020000010      0xf1c load address 0x0000000008004920
                0x0000000020000010                _sbss = .
                0x0000000020000010                __bss_start__ = _sbss
 *(.bss)
 *(.bss*)
 .bss.completed.1
                0x0000000020000010        0x1 c:/users/ldu08/appdata/roaming/code/user/globalstorage/bmd.stm32-for-vscode/@xpack-dev-tools/arm-none-eabi-gcc/11.3.1-1.1.2/.content/bin/../lib/gcc/arm-none-eabi/11.3.1/thumb/v7e-m+fp/hard/crtbegin.o
 *fill*         0x0000000020000011        0x3 
 .bss.object.0  0x0000000020000014       0x18 c:/users/ldu08/appdata/roaming/code/user/globalstorage/bmd.stm32-for-vscode/@xpack-dev-tools/arm-none-eabi-gcc/11.3.1-1.1.2/.content/bin/../lib/gcc/arm-none-eabi/11.3.1/thumb/v7e-m+fp/hard/crtbegin.o
 .bss.adc_val   0x000000002000002c      0x400 build/main.o
                0x000000002000002c                adc_val
 .bss.counter   0x000000002000042c        0x4 build/main.o
                0x000000002000042c                counter
 .bss.dac_val   0x0000000020000430      0x400 build/main.o
                0x0000000020000430                dac_val
 .bss.flag      0x0000000020000830        0x4 build/main.o
                0x0000000020000830                flag
 .bss.hadc1     0x0000000020000834       0x68 build/main.o
                0x0000000020000834                hadc1
 .bss.hdac1     0x000000002000089c       0x14 build/main.o
                0x000000002000089c                hdac1
 .bss.hdma_adc1
                0x00000000200008b0       0x48 build/main.o
                0x00000000200008b0                hdma_adc1
 .bss.hdma_dac_ch1
                0x00000000200008f8       0x48 build/main.o
                0x00000000200008f8                hdma_dac_ch1
 .bss.hlpuart1  0x0000000020000940       0x88 build/main.o
                0x0000000020000940                hlpuart1
 .bss.hpcd_USB_OTG_FS
                0x00000000200009c8      0x50c build/main.o
                0x00000000200009c8                hpcd_USB_OTG_FS
 .bss.htim6     0x0000000020000ed4       0x4c build/main.o
                0x0000000020000ed4                htim6
 .bss.in_buf_ptr
                0x0000000020000f20        0x4 build/main.o
                0x0000000020000f20                in_buf_ptr
 .bss.out_buf_ptr
                0x0000000020000f24        0x4 build/main.o
                0x0000000020000f24                out_buf_ptr
 .bss.uwTick    0x0000000020000f28        0x4 build/stm32l4xx_hal.o
                0x0000000020000f28                uwTick
 *(COMMON)
                0x0000000020000f2c                . = ALIGN (0x4)
                0x0000000020000f2c                _ebss = .
                0x0000000020000f2c                __bss_end__ = _ebss

._user_heap_stack
                0x0000000020000f2c      0x604 load address 0x0000000008004920
                0x0000000020000f30                . = ALIGN (0x8)
 *fill*         0x0000000020000f2c        0x4 
                0x0000000020000f30                PROVIDE (end = .)
                [!provide]                        PROVIDE (_end = .)
                0x0000000020001130                . = (. + _Min_Heap_Size)
 *fill*         0x0000000020000f30      0x200 
                0x0000000020001530                . = (. + _Min_Stack_Size)
 *fill*         0x0000000020001130      0x400 
                0x0000000020001530                . = ALIGN (0x8)

/DISCARD/
 libc.a(*)
 libm.a(*)
 libgcc.a(*)

.ARM.attributes
                0x0000000000000000       0x30
 *(.ARM.attributes)
 .ARM.attributes
                0x0000000000000000       0x1e c:/users/ldu08/appdata/roaming/code/user/globalstorage/bmd.stm32-for-vscode/@xpack-dev-tools/arm-none-eabi-gcc/11.3.1-1.1.2/.content/bin/../lib/gcc/arm-none-eabi/11.3.1/thumb/v7e-m+fp/hard/crti.o
 .ARM.attributes
                0x000000000000001e       0x34 c:/users/ldu08/appdata/roaming/code/user/globalstorage/bmd.stm32-for-vscode/@xpack-dev-tools/arm-none-eabi-gcc/11.3.1-1.1.2/.content/bin/../lib/gcc/arm-none-eabi/11.3.1/thumb/v7e-m+fp/hard/crtbegin.o
 .ARM.attributes
                0x0000000000000052       0x34 build/main.o
 .ARM.attributes
                0x0000000000000086       0x34 build/stm32l4xx_hal_msp.o
 .ARM.attributes
                0x00000000000000ba       0x34 build/stm32l4xx_it.o
 .ARM.attributes
                0x00000000000000ee       0x34 build/system_stm32l4xx.o
 .ARM.attributes
                0x0000000000000122       0x34 build/stm32l4xx_hal.o
 .ARM.attributes
                0x0000000000000156       0x34 build/stm32l4xx_hal_adc.o
 .ARM.attributes
                0x000000000000018a       0x34 build/stm32l4xx_hal_adc_ex.o
 .ARM.attributes
                0x00000000000001be       0x34 build/stm32l4xx_hal_cortex.o
 .ARM.attributes
                0x00000000000001f2       0x34 build/stm32l4xx_hal_dac.o
 .ARM.attributes
                0x0000000000000226       0x34 build/stm32l4xx_hal_dac_ex.o
 .ARM.attributes
                0x000000000000025a       0x34 build/stm32l4xx_hal_dma.o
 .ARM.attributes
                0x000000000000028e       0x34 build/stm32l4xx_hal_gpio.o
 .ARM.attributes
                0x00000000000002c2       0x34 build/stm32l4xx_hal_pcd.o
 .ARM.attributes
                0x00000000000002f6       0x34 build/stm32l4xx_hal_pcd_ex.o
 .ARM.attributes
                0x000000000000032a       0x34 build/stm32l4xx_hal_pwr.o
 .ARM.attributes
                0x000000000000035e       0x34 build/stm32l4xx_hal_pwr_ex.o
 .ARM.attributes
                0x0000000000000392       0x34 build/stm32l4xx_hal_rcc.o
 .ARM.attributes
                0x00000000000003c6       0x34 build/stm32l4xx_hal_rcc_ex.o
 .ARM.attributes
                0x00000000000003fa       0x34 build/stm32l4xx_hal_tim.o
 .ARM.attributes
                0x000000000000042e       0x34 build/stm32l4xx_hal_tim_ex.o
 .ARM.attributes
                0x0000000000000462       0x34 build/stm32l4xx_hal_uart.o
 .ARM.attributes
                0x0000000000000496       0x34 build/stm32l4xx_ll_usb.o
 .ARM.attributes
                0x00000000000004ca       0x21 build/startup_stm32l496xx.o
 .ARM.attributes
                0x00000000000004eb       0x34 c:/users/ldu08/appdata/roaming/code/user/globalstorage/bmd.stm32-for-vscode/@xpack-dev-tools/arm-none-eabi-gcc/11.3.1-1.1.2/.content/bin/../lib/gcc/arm-none-eabi/11.3.1/../../../../arm-none-eabi/lib/thumb/v7e-m+fp/hard\libc_nano.a(libc_a-memset.o)
 .ARM.attributes
                0x000000000000051f       0x34 c:/users/ldu08/appdata/roaming/code/user/globalstorage/bmd.stm32-for-vscode/@xpack-dev-tools/arm-none-eabi-gcc/11.3.1-1.1.2/.content/bin/../lib/gcc/arm-none-eabi/11.3.1/../../../../arm-none-eabi/lib/thumb/v7e-m+fp/hard\libc_nano.a(libc_a-init.o)
 .ARM.attributes
                0x0000000000000553       0x1e c:/users/ldu08/appdata/roaming/code/user/globalstorage/bmd.stm32-for-vscode/@xpack-dev-tools/arm-none-eabi-gcc/11.3.1-1.1.2/.content/bin/../lib/gcc/arm-none-eabi/11.3.1/thumb/v7e-m+fp/hard\libgcc.a(_arm_muldf3.o)
 .ARM.attributes
                0x0000000000000571       0x1e c:/users/ldu08/appdata/roaming/code/user/globalstorage/bmd.stm32-for-vscode/@xpack-dev-tools/arm-none-eabi-gcc/11.3.1-1.1.2/.content/bin/../lib/gcc/arm-none-eabi/11.3.1/thumb/v7e-m+fp/hard\libgcc.a(_arm_addsubdf3.o)
 .ARM.attributes
                0x000000000000058f       0x1e c:/users/ldu08/appdata/roaming/code/user/globalstorage/bmd.stm32-for-vscode/@xpack-dev-tools/arm-none-eabi-gcc/11.3.1-1.1.2/.content/bin/../lib/gcc/arm-none-eabi/11.3.1/thumb/v7e-m+fp/hard\libgcc.a(_arm_truncdfsf2.o)
 .ARM.attributes
                0x00000000000005ad       0x1e c:/users/ldu08/appdata/roaming/code/user/globalstorage/bmd.stm32-for-vscode/@xpack-dev-tools/arm-none-eabi-gcc/11.3.1-1.1.2/.content/bin/../lib/gcc/arm-none-eabi/11.3.1/thumb/v7e-m+fp/hard\libgcc.a(_aeabi_uldivmod.o)
 .ARM.attributes
                0x00000000000005cb       0x34 c:/users/ldu08/appdata/roaming/code/user/globalstorage/bmd.stm32-for-vscode/@xpack-dev-tools/arm-none-eabi-gcc/11.3.1-1.1.2/.content/bin/../lib/gcc/arm-none-eabi/11.3.1/thumb/v7e-m+fp/hard\libgcc.a(_udivmoddi4.o)
 .ARM.attributes
                0x00000000000005ff       0x1e c:/users/ldu08/appdata/roaming/code/user/globalstorage/bmd.stm32-for-vscode/@xpack-dev-tools/arm-none-eabi-gcc/11.3.1-1.1.2/.content/bin/../lib/gcc/arm-none-eabi/11.3.1/thumb/v7e-m+fp/hard\libgcc.a(_dvmd_tls.o)
 .ARM.attributes
                0x000000000000061d       0x1e c:/users/ldu08/appdata/roaming/code/user/globalstorage/bmd.stm32-for-vscode/@xpack-dev-tools/arm-none-eabi-gcc/11.3.1-1.1.2/.content/bin/../lib/gcc/arm-none-eabi/11.3.1/thumb/v7e-m+fp/hard/crtn.o
OUTPUT(build/Jerryrig.elf elf32-littlearm)
LOAD linker stubs
LOAD c:/users/ldu08/appdata/roaming/code/user/globalstorage/bmd.stm32-for-vscode/@xpack-dev-tools/arm-none-eabi-gcc/11.3.1-1.1.2/.content/bin/../lib/gcc/arm-none-eabi/11.3.1/../../../../arm-none-eabi/lib/thumb/v7e-m+fp/hard\libc.a
LOAD c:/users/ldu08/appdata/roaming/code/user/globalstorage/bmd.stm32-for-vscode/@xpack-dev-tools/arm-none-eabi-gcc/11.3.1-1.1.2/.content/bin/../lib/gcc/arm-none-eabi/11.3.1/../../../../arm-none-eabi/lib/thumb/v7e-m+fp/hard\libm.a
LOAD c:/users/ldu08/appdata/roaming/code/user/globalstorage/bmd.stm32-for-vscode/@xpack-dev-tools/arm-none-eabi-gcc/11.3.1-1.1.2/.content/bin/../lib/gcc/arm-none-eabi/11.3.1/thumb/v7e-m+fp/hard\libgcc.a

.comment        0x0000000000000000       0x39
 .comment       0x0000000000000000       0x39 c:/users/ldu08/appdata/roaming/code/user/globalstorage/bmd.stm32-for-vscode/@xpack-dev-tools/arm-none-eabi-gcc/11.3.1-1.1.2/.content/bin/../lib/gcc/arm-none-eabi/11.3.1/thumb/v7e-m+fp/hard/crtbegin.o
                                         0x3a (size before relaxing)
 .comment       0x0000000000000039       0x3a build/main.o
 .comment       0x0000000000000039       0x3a build/stm32l4xx_hal_msp.o
 .comment       0x0000000000000039       0x3a build/stm32l4xx_it.o
 .comment       0x0000000000000039       0x3a build/system_stm32l4xx.o
 .comment       0x0000000000000039       0x3a build/stm32l4xx_hal.o
 .comment       0x0000000000000039       0x3a build/stm32l4xx_hal_adc.o
 .comment       0x0000000000000039       0x3a build/stm32l4xx_hal_adc_ex.o
 .comment       0x0000000000000039       0x3a build/stm32l4xx_hal_cortex.o
 .comment       0x0000000000000039       0x3a build/stm32l4xx_hal_dac.o
 .comment       0x0000000000000039       0x3a build/stm32l4xx_hal_dac_ex.o
 .comment       0x0000000000000039       0x3a build/stm32l4xx_hal_dma.o
 .comment       0x0000000000000039       0x3a build/stm32l4xx_hal_gpio.o
 .comment       0x0000000000000039       0x3a build/stm32l4xx_hal_pcd.o
 .comment       0x0000000000000039       0x3a build/stm32l4xx_hal_pcd_ex.o
 .comment       0x0000000000000039       0x3a build/stm32l4xx_hal_pwr.o
 .comment       0x0000000000000039       0x3a build/stm32l4xx_hal_pwr_ex.o
 .comment       0x0000000000000039       0x3a build/stm32l4xx_hal_rcc.o
 .comment       0x0000000000000039       0x3a build/stm32l4xx_hal_rcc_ex.o
 .comment       0x0000000000000039       0x3a build/stm32l4xx_hal_tim.o
 .comment       0x0000000000000039       0x3a build/stm32l4xx_hal_tim_ex.o
 .comment       0x0000000000000039       0x3a build/stm32l4xx_hal_uart.o
 .comment       0x0000000000000039       0x3a build/stm32l4xx_ll_usb.o
 .comment       0x0000000000000039       0x3a c:/users/ldu08/appdata/roaming/code/user/globalstorage/bmd.stm32-for-vscode/@xpack-dev-tools/arm-none-eabi-gcc/11.3.1-1.1.2/.content/bin/../lib/gcc/arm-none-eabi/11.3.1/../../../../arm-none-eabi/lib/thumb/v7e-m+fp/hard\libc_nano.a(libc_a-memset.o)
 .comment       0x0000000000000039       0x3a c:/users/ldu08/appdata/roaming/code/user/globalstorage/bmd.stm32-for-vscode/@xpack-dev-tools/arm-none-eabi-gcc/11.3.1-1.1.2/.content/bin/../lib/gcc/arm-none-eabi/11.3.1/../../../../arm-none-eabi/lib/thumb/v7e-m+fp/hard\libc_nano.a(libc_a-init.o)
 .comment       0x0000000000000039       0x3a c:/users/ldu08/appdata/roaming/code/user/globalstorage/bmd.stm32-for-vscode/@xpack-dev-tools/arm-none-eabi-gcc/11.3.1-1.1.2/.content/bin/../lib/gcc/arm-none-eabi/11.3.1/thumb/v7e-m+fp/hard\libgcc.a(_udivmoddi4.o)

.debug_info     0x0000000000000000    0x223c7
 .debug_info    0x0000000000000000     0x2aca build/main.o
 .debug_info    0x0000000000002aca     0x2328 build/stm32l4xx_hal_msp.o
 .debug_info    0x0000000000004df2      0x972 build/stm32l4xx_it.o
 .debug_info    0x0000000000005764      0x5e7 build/system_stm32l4xx.o
 .debug_info    0x0000000000005d4b      0xc06 build/stm32l4xx_hal.o
 .debug_info    0x0000000000006951     0x338f build/stm32l4xx_hal_adc.o
 .debug_info    0x0000000000009ce0     0x2c96 build/stm32l4xx_hal_adc_ex.o
 .debug_info    0x000000000000c976      0xfcf build/stm32l4xx_hal_cortex.o
 .debug_info    0x000000000000d945      0xbe9 build/stm32l4xx_hal_dac.o
 .debug_info    0x000000000000e52e      0x9cd build/stm32l4xx_hal_dac_ex.o
 .debug_info    0x000000000000eefb      0x7fc build/stm32l4xx_hal_dma.o
 .debug_info    0x000000000000f6f7      0x7a1 build/stm32l4xx_hal_gpio.o
 .debug_info    0x000000000000fe98     0x1b0a build/stm32l4xx_hal_pcd.o
 .debug_info    0x00000000000119a2      0xa05 build/stm32l4xx_hal_pcd_ex.o
 .debug_info    0x00000000000123a7      0x999 build/stm32l4xx_hal_pwr.o
 .debug_info    0x0000000000012d40      0xa44 build/stm32l4xx_hal_pwr_ex.o
 .debug_info    0x0000000000013784      0xed0 build/stm32l4xx_hal_rcc.o
 .debug_info    0x0000000000014654     0x1507 build/stm32l4xx_hal_rcc_ex.o
 .debug_info    0x0000000000015b5b     0x3cb5 build/stm32l4xx_hal_tim.o
 .debug_info    0x0000000000019810     0x1ccc build/stm32l4xx_hal_tim_ex.o
 .debug_info    0x000000000001b4dc     0x50c7 build/stm32l4xx_hal_uart.o
 .debug_info    0x00000000000205a3     0x1e01 build/stm32l4xx_ll_usb.o
 .debug_info    0x00000000000223a4       0x23 build/startup_stm32l496xx.o

.debug_abbrev   0x0000000000000000     0x37d6
 .debug_abbrev  0x0000000000000000      0x340 build/main.o
 .debug_abbrev  0x0000000000000340      0x2d0 build/stm32l4xx_hal_msp.o
 .debug_abbrev  0x0000000000000610      0x19e build/stm32l4xx_it.o
 .debug_abbrev  0x00000000000007ae      0x11e build/system_stm32l4xx.o
 .debug_abbrev  0x00000000000008cc      0x267 build/stm32l4xx_hal.o
 .debug_abbrev  0x0000000000000b33      0x316 build/stm32l4xx_hal_adc.o
 .debug_abbrev  0x0000000000000e49      0x392 build/stm32l4xx_hal_adc_ex.o
 .debug_abbrev  0x00000000000011db      0x376 build/stm32l4xx_hal_cortex.o
 .debug_abbrev  0x0000000000001551      0x21a build/stm32l4xx_hal_dac.o
 .debug_abbrev  0x000000000000176b      0x273 build/stm32l4xx_hal_dac_ex.o
 .debug_abbrev  0x00000000000019de      0x21d build/stm32l4xx_hal_dma.o
 .debug_abbrev  0x0000000000001bfb      0x1f9 build/stm32l4xx_hal_gpio.o
 .debug_abbrev  0x0000000000001df4      0x2f0 build/stm32l4xx_hal_pcd.o
 .debug_abbrev  0x00000000000020e4      0x2ad build/stm32l4xx_hal_pcd_ex.o
 .debug_abbrev  0x0000000000002391      0x1c1 build/stm32l4xx_hal_pwr.o
 .debug_abbrev  0x0000000000002552      0x215 build/stm32l4xx_hal_pwr_ex.o
 .debug_abbrev  0x0000000000002767      0x2ab build/stm32l4xx_hal_rcc.o
 .debug_abbrev  0x0000000000002a12      0x2a8 build/stm32l4xx_hal_rcc_ex.o
 .debug_abbrev  0x0000000000002cba      0x271 build/stm32l4xx_hal_tim.o
 .debug_abbrev  0x0000000000002f2b      0x26f build/stm32l4xx_hal_tim_ex.o
 .debug_abbrev  0x000000000000319a      0x301 build/stm32l4xx_hal_uart.o
 .debug_abbrev  0x000000000000349b      0x329 build/stm32l4xx_ll_usb.o
 .debug_abbrev  0x00000000000037c4       0x12 build/startup_stm32l496xx.o

.debug_loclists
                0x0000000000000000    0x1012b
 .debug_loclists
                0x0000000000000000       0x21 build/main.o
 .debug_loclists
                0x0000000000000021      0x128 build/stm32l4xx_hal_msp.o
 .debug_loclists
                0x0000000000000149       0xb5 build/system_stm32l4xx.o
 .debug_loclists
                0x00000000000001fe      0x12f build/stm32l4xx_hal.o
 .debug_loclists
                0x000000000000032d     0x18ae build/stm32l4xx_hal_adc.o
 .debug_loclists
                0x0000000000001bdb     0x1601 build/stm32l4xx_hal_adc_ex.o
 .debug_loclists
                0x00000000000031dc      0x4db build/stm32l4xx_hal_cortex.o
 .debug_loclists
                0x00000000000036b7      0x531 build/stm32l4xx_hal_dac.o
 .debug_loclists
                0x0000000000003be8      0x397 build/stm32l4xx_hal_dac_ex.o
 .debug_loclists
                0x0000000000003f7f      0x4e5 build/stm32l4xx_hal_dma.o
 .debug_loclists
                0x0000000000004464      0x267 build/stm32l4xx_hal_gpio.o
 .debug_loclists
                0x00000000000046cb      0xb0a build/stm32l4xx_hal_pcd.o
 .debug_loclists
                0x00000000000051d5      0x15b build/stm32l4xx_hal_pcd_ex.o
 .debug_loclists
                0x0000000000005330      0x114 build/stm32l4xx_hal_pwr.o
 .debug_loclists
                0x0000000000005444      0x63f build/stm32l4xx_hal_pwr_ex.o
 .debug_loclists
                0x0000000000005a83      0x558 build/stm32l4xx_hal_rcc.o
 .debug_loclists
                0x0000000000005fdb     0x1467 build/stm32l4xx_hal_rcc_ex.o
 .debug_loclists
                0x0000000000007442     0x3596 build/stm32l4xx_hal_tim.o
 .debug_loclists
                0x000000000000a9d8     0x177e build/stm32l4xx_hal_tim_ex.o
 .debug_loclists
                0x000000000000c156     0x2b9b build/stm32l4xx_hal_uart.o
 .debug_loclists
                0x000000000000ecf1     0x143a build/stm32l4xx_ll_usb.o

.debug_aranges  0x0000000000000000     0x15e0
 .debug_aranges
                0x0000000000000000       0x88 build/main.o
 .debug_aranges
                0x0000000000000088       0x70 build/stm32l4xx_hal_msp.o
 .debug_aranges
                0x00000000000000f8       0x78 build/stm32l4xx_it.o
 .debug_aranges
                0x0000000000000170       0x28 build/system_stm32l4xx.o
 .debug_aranges
                0x0000000000000198      0x130 build/stm32l4xx_hal.o
 .debug_aranges
                0x00000000000002c8       0xf8 build/stm32l4xx_hal_adc.o
 .debug_aranges
                0x00000000000003c0       0xf0 build/stm32l4xx_hal_adc_ex.o
 .debug_aranges
                0x00000000000004b0       0xa8 build/stm32l4xx_hal_cortex.o
 .debug_aranges
                0x0000000000000558       0xc0 build/stm32l4xx_hal_dac.o
 .debug_aranges
                0x0000000000000618       0x88 build/stm32l4xx_hal_dac_ex.o
 .debug_aranges
                0x00000000000006a0       0x80 build/stm32l4xx_hal_dma.o
 .debug_aranges
                0x0000000000000720       0x58 build/stm32l4xx_hal_gpio.o
 .debug_aranges
                0x0000000000000778      0x138 build/stm32l4xx_hal_pcd.o
 .debug_aranges
                0x00000000000008b0       0x60 build/stm32l4xx_hal_pcd_ex.o
 .debug_aranges
                0x0000000000000910       0x98 build/stm32l4xx_hal_pwr.o
 .debug_aranges
                0x00000000000009a8      0x150 build/stm32l4xx_hal_pwr_ex.o
 .debug_aranges
                0x0000000000000af8       0x90 build/stm32l4xx_hal_rcc.o
 .debug_aranges
                0x0000000000000b88      0x108 build/stm32l4xx_hal_rcc_ex.o
 .debug_aranges
                0x0000000000000c90      0x3e0 build/stm32l4xx_hal_tim.o
 .debug_aranges
                0x0000000000001070      0x180 build/stm32l4xx_hal_tim_ex.o
 .debug_aranges
                0x00000000000011f0      0x228 build/stm32l4xx_hal_uart.o
 .debug_aranges
                0x0000000000001418      0x1a0 build/stm32l4xx_ll_usb.o
 .debug_aranges
                0x00000000000015b8       0x28 build/startup_stm32l496xx.o

.debug_rnglists
                0x0000000000000000     0x12a1
 .debug_rnglists
                0x0000000000000000       0x66 build/main.o
 .debug_rnglists
                0x0000000000000066       0x53 build/stm32l4xx_hal_msp.o
 .debug_rnglists
                0x00000000000000b9       0x55 build/stm32l4xx_it.o
 .debug_rnglists
                0x000000000000010e       0x1a build/system_stm32l4xx.o
 .debug_rnglists
                0x0000000000000128       0xdf build/stm32l4xx_hal.o
 .debug_rnglists
                0x0000000000000207      0x1d5 build/stm32l4xx_hal_adc.o
 .debug_rnglists
                0x00000000000003dc      0x149 build/stm32l4xx_hal_adc_ex.o
 .debug_rnglists
                0x0000000000000525       0xa9 build/stm32l4xx_hal_cortex.o
 .debug_rnglists
                0x00000000000005ce       0x8d build/stm32l4xx_hal_dac.o
 .debug_rnglists
                0x000000000000065b       0x62 build/stm32l4xx_hal_dac_ex.o
 .debug_rnglists
                0x00000000000006bd       0x5f build/stm32l4xx_hal_dma.o
 .debug_rnglists
                0x000000000000071c       0x3f build/stm32l4xx_hal_gpio.o
 .debug_rnglists
                0x000000000000075b       0xea build/stm32l4xx_hal_pcd.o
 .debug_rnglists
                0x0000000000000845       0x44 build/stm32l4xx_hal_pcd_ex.o
 .debug_rnglists
                0x0000000000000889       0x6e build/stm32l4xx_hal_pwr.o
 .debug_rnglists
                0x00000000000008f7       0xfd build/stm32l4xx_hal_pwr_ex.o
 .debug_rnglists
                0x00000000000009f4       0x7c build/stm32l4xx_hal_rcc.o
 .debug_rnglists
                0x0000000000000a70       0xdb build/stm32l4xx_hal_rcc_ex.o
 .debug_rnglists
                0x0000000000000b4b      0x313 build/stm32l4xx_hal_tim.o
 .debug_rnglists
                0x0000000000000e5e      0x12f build/stm32l4xx_hal_tim_ex.o
 .debug_rnglists
                0x0000000000000f8d      0x1bb build/stm32l4xx_hal_uart.o
 .debug_rnglists
                0x0000000000001148      0x140 build/stm32l4xx_ll_usb.o
 .debug_rnglists
                0x0000000000001288       0x19 build/startup_stm32l496xx.o

.debug_line     0x0000000000000000    0x1bf33
 .debug_line    0x0000000000000000      0xa1e build/main.o
 .debug_line    0x0000000000000a1e      0x730 build/stm32l4xx_hal_msp.o
 .debug_line    0x000000000000114e      0x3bd build/stm32l4xx_it.o
 .debug_line    0x000000000000150b      0x336 build/system_stm32l4xx.o
 .debug_line    0x0000000000001841      0x736 build/stm32l4xx_hal.o
 .debug_line    0x0000000000001f77     0x254c build/stm32l4xx_hal_adc.o
 .debug_line    0x00000000000044c3     0x1f5d build/stm32l4xx_hal_adc_ex.o
 .debug_line    0x0000000000006420      0x810 build/stm32l4xx_hal_cortex.o
 .debug_line    0x0000000000006c30      0x9b8 build/stm32l4xx_hal_dac.o
 .debug_line    0x00000000000075e8      0x6dc build/stm32l4xx_hal_dac_ex.o
 .debug_line    0x0000000000007cc4      0xadf build/stm32l4xx_hal_dma.o
 .debug_line    0x00000000000087a3      0x734 build/stm32l4xx_hal_gpio.o
 .debug_line    0x0000000000008ed7     0x140f build/stm32l4xx_hal_pcd.o
 .debug_line    0x000000000000a2e6      0x52e build/stm32l4xx_hal_pcd_ex.o
 .debug_line    0x000000000000a814      0x4b8 build/stm32l4xx_hal_pwr.o
 .debug_line    0x000000000000accc      0xb4e build/stm32l4xx_hal_pwr_ex.o
 .debug_line    0x000000000000b81a      0xff7 build/stm32l4xx_hal_rcc.o
 .debug_line    0x000000000000c811     0x1960 build/stm32l4xx_hal_rcc_ex.o
 .debug_line    0x000000000000e171     0x4f80 build/stm32l4xx_hal_tim.o
 .debug_line    0x00000000000130f1     0x200a build/stm32l4xx_hal_tim_ex.o
 .debug_line    0x00000000000150fb     0x5259 build/stm32l4xx_hal_uart.o
 .debug_line    0x000000000001a354     0x1b69 build/stm32l4xx_ll_usb.o
 .debug_line    0x000000000001bebd       0x76 build/startup_stm32l496xx.o

.debug_str      0x0000000000000000     0x793b
 .debug_str     0x0000000000000000     0x1fc2 build/main.o
                                       0x2157 (size before relaxing)
 .debug_str     0x0000000000001fc2      0x154 build/stm32l4xx_hal_msp.o
                                       0x1c30 (size before relaxing)
 .debug_str     0x0000000000002116      0x133 build/stm32l4xx_it.o
                                        0x8fd (size before relaxing)
 .debug_str     0x0000000000002249       0xef build/system_stm32l4xx.o
                                        0x3e3 (size before relaxing)
 .debug_str     0x0000000000002338      0x483 build/stm32l4xx_hal.o
                                        0xd77 (size before relaxing)
 .debug_str     0x00000000000027bb      0x952 build/stm32l4xx_hal_adc.o
                                       0x115a (size before relaxing)
 .debug_str     0x000000000000310d      0x5b9 build/stm32l4xx_hal_adc_ex.o
                                       0x1165 (size before relaxing)
 .debug_str     0x00000000000036c6      0x42e build/stm32l4xx_hal_cortex.o
                                        0xc8c (size before relaxing)
 .debug_str     0x0000000000003af4      0x1cd build/stm32l4xx_hal_dac.o
                                        0x860 (size before relaxing)
 .debug_str     0x0000000000003cc1      0x18a build/stm32l4xx_hal_dac_ex.o
                                        0x7d1 (size before relaxing)
 .debug_str     0x0000000000003e4b      0x216 build/stm32l4xx_hal_dma.o
                                        0x640 (size before relaxing)
 .debug_str     0x0000000000004061      0x10e build/stm32l4xx_hal_gpio.o
                                        0x54b (size before relaxing)
 .debug_str     0x000000000000416f      0x7d4 build/stm32l4xx_hal_pcd.o
                                        0xe09 (size before relaxing)
 .debug_str     0x0000000000004943      0x199 build/stm32l4xx_hal_pcd_ex.o
                                        0x825 (size before relaxing)
 .debug_str     0x0000000000004adc      0x2c6 build/stm32l4xx_hal_pwr.o
                                        0x6c4 (size before relaxing)
 .debug_str     0x0000000000004da2      0x3db build/stm32l4xx_hal_pwr_ex.o
                                        0x81d (size before relaxing)
 .debug_str     0x000000000000517d      0x226 build/stm32l4xx_hal_rcc.o
                                        0x8ad (size before relaxing)
 .debug_str     0x00000000000053a3      0x481 build/stm32l4xx_hal_rcc_ex.o
                                        0xcee (size before relaxing)
 .debug_str     0x0000000000005824      0xf04 build/stm32l4xx_hal_tim.o
                                       0x1716 (size before relaxing)
 .debug_str     0x0000000000006728      0x5d7 build/stm32l4xx_hal_tim_ex.o
                                       0x102a (size before relaxing)
 .debug_str     0x0000000000006cff      0x7a5 build/stm32l4xx_hal_uart.o
                                       0x101e (size before relaxing)
 .debug_str     0x00000000000074a4      0x475 build/stm32l4xx_ll_usb.o
                                        0xd2f (size before relaxing)
 .debug_str     0x0000000000007919       0x22 build/startup_stm32l496xx.o
                                         0x6b (size before relaxing)

.debug_frame    0x0000000000000000     0x3918
 .debug_frame   0x0000000000000000      0x180 build/main.o
 .debug_frame   0x0000000000000180      0x144 build/stm32l4xx_hal_msp.o
 .debug_frame   0x00000000000002c4       0xf0 build/stm32l4xx_it.o
 .debug_frame   0x00000000000003b4       0x30 build/system_stm32l4xx.o
 .debug_frame   0x00000000000003e4      0x274 build/stm32l4xx_hal.o
 .debug_frame   0x0000000000000658      0x2d8 build/stm32l4xx_hal_adc.o
 .debug_frame   0x0000000000000930      0x2d0 build/stm32l4xx_hal_adc_ex.o
 .debug_frame   0x0000000000000c00      0x148 build/stm32l4xx_hal_cortex.o
 .debug_frame   0x0000000000000d48      0x1ec build/stm32l4xx_hal_dac.o
 .debug_frame   0x0000000000000f34      0x178 build/stm32l4xx_hal_dac_ex.o
 .debug_frame   0x00000000000010ac      0x150 build/stm32l4xx_hal_dma.o
 .debug_frame   0x00000000000011fc       0xd0 build/stm32l4xx_hal_gpio.o
 .debug_frame   0x00000000000012cc      0x35c build/stm32l4xx_hal_pcd.o
 .debug_frame   0x0000000000001628       0xb8 build/stm32l4xx_hal_pcd_ex.o
 .debug_frame   0x00000000000016e0      0x120 build/stm32l4xx_hal_pwr.o
 .debug_frame   0x0000000000001800      0x298 build/stm32l4xx_hal_pwr_ex.o
 .debug_frame   0x0000000000001a98      0x19c build/stm32l4xx_hal_rcc.o
 .debug_frame   0x0000000000001c34      0x2a8 build/stm32l4xx_hal_rcc_ex.o
 .debug_frame   0x0000000000001edc      0xb54 build/stm32l4xx_hal_tim.o
 .debug_frame   0x0000000000002a30      0x470 build/stm32l4xx_hal_tim_ex.o
 .debug_frame   0x0000000000002ea0      0x600 build/stm32l4xx_hal_uart.o
 .debug_frame   0x00000000000034a0      0x478 build/stm32l4xx_ll_usb.o

.debug_line_str
                0x0000000000000000       0x5f
 .debug_line_str
                0x0000000000000000       0x5f build/startup_stm32l496xx.o
                                         0x75 (size before relaxing)

Cross Reference Table

Symbol                                            File
ADC1_2_IRQHandler                                 build/startup_stm32l496xx.o
ADC3_IRQHandler                                   build/startup_stm32l496xx.o
ADC_ConversionStop                                build/stm32l4xx_hal_adc.o
                                                  build/stm32l4xx_hal_adc_ex.o
ADC_DMAConvCplt                                   build/stm32l4xx_hal_adc.o
                                                  build/stm32l4xx_hal_adc_ex.o
ADC_DMAError                                      build/stm32l4xx_hal_adc.o
                                                  build/stm32l4xx_hal_adc_ex.o
ADC_DMAHalfConvCplt                               build/stm32l4xx_hal_adc.o
                                                  build/stm32l4xx_hal_adc_ex.o
ADC_Disable                                       build/stm32l4xx_hal_adc.o
                                                  build/stm32l4xx_hal_adc_ex.o
ADC_Enable                                        build/stm32l4xx_hal_adc.o
                                                  build/stm32l4xx_hal_adc_ex.o
AHBPrescTable                                     build/system_stm32l4xx.o
                                                  build/stm32l4xx_hal_rcc.o
APBPrescTable                                     build/system_stm32l4xx.o
                                                  build/stm32l4xx_hal_rcc.o
BusFault_Handler                                  build/stm32l4xx_it.o
CAN1_RX0_IRQHandler                               build/startup_stm32l496xx.o
CAN1_RX1_IRQHandler                               build/startup_stm32l496xx.o
CAN1_SCE_IRQHandler                               build/startup_stm32l496xx.o
CAN1_TX_IRQHandler                                build/startup_stm32l496xx.o
CAN2_RX0_IRQHandler                               build/startup_stm32l496xx.o
CAN2_RX1_IRQHandler                               build/startup_stm32l496xx.o
CAN2_SCE_IRQHandler                               build/startup_stm32l496xx.o
CAN2_TX_IRQHandler                                build/startup_stm32l496xx.o
COMP_IRQHandler                                   build/startup_stm32l496xx.o
CRS_IRQHandler                                    build/startup_stm32l496xx.o
DAC_DMAConvCpltCh1                                build/stm32l4xx_hal_dac.o
DAC_DMAConvCpltCh2                                build/stm32l4xx_hal_dac_ex.o
                                                  build/stm32l4xx_hal_dac.o
DAC_DMAErrorCh1                                   build/stm32l4xx_hal_dac.o
DAC_DMAErrorCh2                                   build/stm32l4xx_hal_dac_ex.o
                                                  build/stm32l4xx_hal_dac.o
DAC_DMAHalfConvCpltCh1                            build/stm32l4xx_hal_dac.o
DAC_DMAHalfConvCpltCh2                            build/stm32l4xx_hal_dac_ex.o
                                                  build/stm32l4xx_hal_dac.o
DCMI_IRQHandler                                   build/startup_stm32l496xx.o
DFSDM1_FLT0_IRQHandler                            build/startup_stm32l496xx.o
DFSDM1_FLT1_IRQHandler                            build/startup_stm32l496xx.o
DFSDM1_FLT2_IRQHandler                            build/startup_stm32l496xx.o
DFSDM1_FLT3_IRQHandler                            build/startup_stm32l496xx.o
DMA1_Channel1_IRQHandler                          build/stm32l4xx_it.o
DMA1_Channel2_IRQHandler                          build/startup_stm32l496xx.o
DMA1_Channel3_IRQHandler                          build/stm32l4xx_it.o
DMA1_Channel4_IRQHandler                          build/startup_stm32l496xx.o
DMA1_Channel5_IRQHandler                          build/startup_stm32l496xx.o
DMA1_Channel6_IRQHandler                          build/startup_stm32l496xx.o
DMA1_Channel7_IRQHandler                          build/startup_stm32l496xx.o
DMA2D_IRQHandler                                  build/startup_stm32l496xx.o
DMA2_Channel1_IRQHandler                          build/startup_stm32l496xx.o
DMA2_Channel2_IRQHandler                          build/startup_stm32l496xx.o
DMA2_Channel3_IRQHandler                          build/startup_stm32l496xx.o
DMA2_Channel4_IRQHandler                          build/startup_stm32l496xx.o
DMA2_Channel5_IRQHandler                          build/startup_stm32l496xx.o
DMA2_Channel6_IRQHandler                          build/startup_stm32l496xx.o
DMA2_Channel7_IRQHandler                          build/startup_stm32l496xx.o
DebugMon_Handler                                  build/stm32l4xx_it.o
Default_Handler                                   build/startup_stm32l496xx.o
EXTI0_IRQHandler                                  build/startup_stm32l496xx.o
EXTI15_10_IRQHandler                              build/startup_stm32l496xx.o
EXTI1_IRQHandler                                  build/startup_stm32l496xx.o
EXTI2_IRQHandler                                  build/startup_stm32l496xx.o
EXTI3_IRQHandler                                  build/startup_stm32l496xx.o
EXTI4_IRQHandler                                  build/startup_stm32l496xx.o
EXTI9_5_IRQHandler                                build/startup_stm32l496xx.o
Error_Handler                                     build/main.o
                                                  build/stm32l4xx_hal_msp.o
FLASH_FlushCaches                                 build/stm32l4xx_hal_flash_ex.o
                                                  build/stm32l4xx_hal_flash.o
FLASH_IRQHandler                                  build/startup_stm32l496xx.o
FLASH_PageErase                                   build/stm32l4xx_hal_flash_ex.o
                                                  build/stm32l4xx_hal_flash.o
FLASH_WaitForLastOperation                        build/stm32l4xx_hal_flash.o
                                                  build/stm32l4xx_hal_flash_ex.o
FMC_IRQHandler                                    build/startup_stm32l496xx.o
FPU_IRQHandler                                    build/startup_stm32l496xx.o
HAL_ADCEx_Calibration_GetValue                    build/stm32l4xx_hal_adc_ex.o
HAL_ADCEx_Calibration_SetValue                    build/stm32l4xx_hal_adc_ex.o
HAL_ADCEx_Calibration_Start                       build/stm32l4xx_hal_adc_ex.o
HAL_ADCEx_DisableInjectedQueue                    build/stm32l4xx_hal_adc_ex.o
HAL_ADCEx_DisableVoltageRegulator                 build/stm32l4xx_hal_adc_ex.o
HAL_ADCEx_EnableInjectedQueue                     build/stm32l4xx_hal_adc_ex.o
HAL_ADCEx_EndOfSamplingCallback                   build/stm32l4xx_hal_adc_ex.o
                                                  build/stm32l4xx_hal_adc.o
HAL_ADCEx_EnterADCDeepPowerDownMode               build/stm32l4xx_hal_adc_ex.o
HAL_ADCEx_InjectedConfigChannel                   build/stm32l4xx_hal_adc_ex.o
HAL_ADCEx_InjectedConvCpltCallback                build/stm32l4xx_hal_adc_ex.o
                                                  build/stm32l4xx_hal_adc.o
HAL_ADCEx_InjectedGetValue                        build/stm32l4xx_hal_adc_ex.o
HAL_ADCEx_InjectedPollForConversion               build/stm32l4xx_hal_adc_ex.o
HAL_ADCEx_InjectedQueueOverflowCallback           build/stm32l4xx_hal_adc_ex.o
                                                  build/stm32l4xx_hal_adc.o
HAL_ADCEx_InjectedStart                           build/stm32l4xx_hal_adc_ex.o
HAL_ADCEx_InjectedStart_IT                        build/stm32l4xx_hal_adc_ex.o
HAL_ADCEx_InjectedStop                            build/stm32l4xx_hal_adc_ex.o
HAL_ADCEx_InjectedStop_IT                         build/stm32l4xx_hal_adc_ex.o
HAL_ADCEx_LevelOutOfWindow2Callback               build/stm32l4xx_hal_adc_ex.o
                                                  build/stm32l4xx_hal_adc.o
HAL_ADCEx_LevelOutOfWindow3Callback               build/stm32l4xx_hal_adc_ex.o
                                                  build/stm32l4xx_hal_adc.o
HAL_ADCEx_MultiModeConfigChannel                  build/stm32l4xx_hal_adc_ex.o
                                                  build/main.o
HAL_ADCEx_MultiModeGetValue                       build/stm32l4xx_hal_adc_ex.o
HAL_ADCEx_MultiModeStart_DMA                      build/stm32l4xx_hal_adc_ex.o
HAL_ADCEx_MultiModeStop_DMA                       build/stm32l4xx_hal_adc_ex.o
HAL_ADCEx_RegularMultiModeStop_DMA                build/stm32l4xx_hal_adc_ex.o
HAL_ADCEx_RegularStop                             build/stm32l4xx_hal_adc_ex.o
HAL_ADCEx_RegularStop_DMA                         build/stm32l4xx_hal_adc_ex.o
HAL_ADCEx_RegularStop_IT                          build/stm32l4xx_hal_adc_ex.o
HAL_ADC_AnalogWDGConfig                           build/stm32l4xx_hal_adc.o
HAL_ADC_ConfigChannel                             build/stm32l4xx_hal_adc.o
                                                  build/main.o
HAL_ADC_ConvCpltCallback                          build/main.o
HAL_ADC_ConvHalfCpltCallback                      build/main.o
HAL_ADC_DeInit                                    build/stm32l4xx_hal_adc.o
HAL_ADC_ErrorCallback                             build/stm32l4xx_hal_adc.o
HAL_ADC_GetError                                  build/stm32l4xx_hal_adc.o
HAL_ADC_GetState                                  build/stm32l4xx_hal_adc.o
HAL_ADC_GetValue                                  build/stm32l4xx_hal_adc.o
HAL_ADC_IRQHandler                                build/stm32l4xx_hal_adc.o
HAL_ADC_Init                                      build/stm32l4xx_hal_adc.o
                                                  build/main.o
HAL_ADC_LevelOutOfWindowCallback                  build/stm32l4xx_hal_adc.o
HAL_ADC_MspDeInit                                 build/stm32l4xx_hal_msp.o
HAL_ADC_MspInit                                   build/stm32l4xx_hal_msp.o
HAL_ADC_PollForConversion                         build/stm32l4xx_hal_adc.o
HAL_ADC_PollForEvent                              build/stm32l4xx_hal_adc.o
HAL_ADC_Start                                     build/stm32l4xx_hal_adc.o
HAL_ADC_Start_DMA                                 build/stm32l4xx_hal_adc.o
                                                  build/main.o
HAL_ADC_Start_IT                                  build/stm32l4xx_hal_adc.o
HAL_ADC_Stop                                      build/stm32l4xx_hal_adc.o
HAL_ADC_Stop_DMA                                  build/stm32l4xx_hal_adc.o
HAL_ADC_Stop_IT                                   build/stm32l4xx_hal_adc.o
HAL_DACEx_ConvCpltCallbackCh2                     build/stm32l4xx_hal_dac_ex.o
HAL_DACEx_ConvHalfCpltCallbackCh2                 build/stm32l4xx_hal_dac_ex.o
HAL_DACEx_DMAUnderrunCallbackCh2                  build/stm32l4xx_hal_dac_ex.o
                                                  build/stm32l4xx_hal_dac.o
HAL_DACEx_DualGetValue                            build/stm32l4xx_hal_dac_ex.o
HAL_DACEx_DualSetValue                            build/stm32l4xx_hal_dac_ex.o
HAL_DACEx_ErrorCallbackCh2                        build/stm32l4xx_hal_dac_ex.o
HAL_DACEx_GetTrimOffset                           build/stm32l4xx_hal_dac_ex.o
HAL_DACEx_NoiseWaveGenerate                       build/stm32l4xx_hal_dac_ex.o
HAL_DACEx_SelfCalibrate                           build/stm32l4xx_hal_dac_ex.o
HAL_DACEx_SetUserTrimming                         build/stm32l4xx_hal_dac_ex.o
HAL_DACEx_TriangleWaveGenerate                    build/stm32l4xx_hal_dac_ex.o
HAL_DAC_ConfigChannel                             build/stm32l4xx_hal_dac.o
                                                  build/main.o
HAL_DAC_ConvCpltCallbackCh1                       build/stm32l4xx_hal_dac.o
HAL_DAC_ConvHalfCpltCallbackCh1                   build/stm32l4xx_hal_dac.o
HAL_DAC_DMAUnderrunCallbackCh1                    build/stm32l4xx_hal_dac.o
HAL_DAC_DeInit                                    build/stm32l4xx_hal_dac.o
HAL_DAC_ErrorCallbackCh1                          build/stm32l4xx_hal_dac.o
HAL_DAC_GetError                                  build/stm32l4xx_hal_dac.o
HAL_DAC_GetState                                  build/stm32l4xx_hal_dac.o
HAL_DAC_GetValue                                  build/stm32l4xx_hal_dac.o
HAL_DAC_IRQHandler                                build/stm32l4xx_hal_dac.o
                                                  build/stm32l4xx_it.o
HAL_DAC_Init                                      build/stm32l4xx_hal_dac.o
                                                  build/main.o
HAL_DAC_MspDeInit                                 build/stm32l4xx_hal_msp.o
HAL_DAC_MspInit                                   build/stm32l4xx_hal_msp.o
HAL_DAC_SetValue                                  build/stm32l4xx_hal_dac.o
HAL_DAC_Start                                     build/stm32l4xx_hal_dac.o
HAL_DAC_Start_DMA                                 build/stm32l4xx_hal_dac.o
                                                  build/main.o
HAL_DAC_Stop                                      build/stm32l4xx_hal_dac.o
HAL_DAC_Stop_DMA                                  build/stm32l4xx_hal_dac.o
HAL_DBGMCU_DisableDBGSleepMode                    build/stm32l4xx_hal.o
HAL_DBGMCU_DisableDBGStandbyMode                  build/stm32l4xx_hal.o
HAL_DBGMCU_DisableDBGStopMode                     build/stm32l4xx_hal.o
HAL_DBGMCU_EnableDBGSleepMode                     build/stm32l4xx_hal.o
HAL_DBGMCU_EnableDBGStandbyMode                   build/stm32l4xx_hal.o
HAL_DBGMCU_EnableDBGStopMode                      build/stm32l4xx_hal.o
HAL_DMA_Abort                                     build/stm32l4xx_hal_dma.o
                                                  build/stm32l4xx_hal_uart.o
                                                  build/stm32l4xx_hal_dac.o
                                                  build/stm32l4xx_hal_adc_ex.o
                                                  build/stm32l4xx_hal_adc.o
HAL_DMA_Abort_IT                                  build/stm32l4xx_hal_dma.o
                                                  build/stm32l4xx_hal_uart.o
                                                  build/stm32l4xx_hal_tim_ex.o
                                                  build/stm32l4xx_hal_tim.o
HAL_DMA_DeInit                                    build/stm32l4xx_hal_dma.o
                                                  build/stm32l4xx_hal_msp.o
HAL_DMA_GetError                                  build/stm32l4xx_hal_dma.o
                                                  build/stm32l4xx_hal_uart.o
HAL_DMA_GetState                                  build/stm32l4xx_hal_dma.o
HAL_DMA_IRQHandler                                build/stm32l4xx_hal_dma.o
                                                  build/stm32l4xx_it.o
HAL_DMA_Init                                      build/stm32l4xx_hal_dma.o
                                                  build/stm32l4xx_hal_msp.o
HAL_DMA_PollForTransfer                           build/stm32l4xx_hal_dma.o
HAL_DMA_RegisterCallback                          build/stm32l4xx_hal_dma.o
HAL_DMA_Start                                     build/stm32l4xx_hal_dma.o
HAL_DMA_Start_IT                                  build/stm32l4xx_hal_dma.o
                                                  build/stm32l4xx_hal_uart.o
                                                  build/stm32l4xx_hal_tim_ex.o
                                                  build/stm32l4xx_hal_tim.o
                                                  build/stm32l4xx_hal_dac.o
                                                  build/stm32l4xx_hal_adc_ex.o
                                                  build/stm32l4xx_hal_adc.o
HAL_DMA_UnRegisterCallback                        build/stm32l4xx_hal_dma.o
HAL_DeInit                                        build/stm32l4xx_hal.o
HAL_Delay                                         build/stm32l4xx_hal.o
                                                  build/stm32l4xx_ll_usb.o
                                                  build/stm32l4xx_hal_pcd_ex.o
                                                  build/stm32l4xx_hal_dac_ex.o
                                                  build/stm32l4xx_hal_dac.o
HAL_EXTI_ClearConfigLine                          build/stm32l4xx_hal_exti.o
HAL_EXTI_ClearPending                             build/stm32l4xx_hal_exti.o
HAL_EXTI_GenerateSWI                              build/stm32l4xx_hal_exti.o
HAL_EXTI_GetConfigLine                            build/stm32l4xx_hal_exti.o
HAL_EXTI_GetHandle                                build/stm32l4xx_hal_exti.o
HAL_EXTI_GetPending                               build/stm32l4xx_hal_exti.o
HAL_EXTI_IRQHandler                               build/stm32l4xx_hal_exti.o
HAL_EXTI_RegisterCallback                         build/stm32l4xx_hal_exti.o
HAL_EXTI_SetConfigLine                            build/stm32l4xx_hal_exti.o
HAL_FLASHEx_DisableRunPowerDown                   build/stm32l4xx_hal_flash_ramfunc.o
HAL_FLASHEx_EnableRunPowerDown                    build/stm32l4xx_hal_flash_ramfunc.o
HAL_FLASHEx_Erase                                 build/stm32l4xx_hal_flash_ex.o
HAL_FLASHEx_Erase_IT                              build/stm32l4xx_hal_flash_ex.o
HAL_FLASHEx_OBGetConfig                           build/stm32l4xx_hal_flash_ex.o
HAL_FLASHEx_OBProgram                             build/stm32l4xx_hal_flash_ex.o
HAL_FLASH_EndOfOperationCallback                  build/stm32l4xx_hal_flash.o
HAL_FLASH_GetError                                build/stm32l4xx_hal_flash.o
HAL_FLASH_IRQHandler                              build/stm32l4xx_hal_flash.o
HAL_FLASH_Lock                                    build/stm32l4xx_hal_flash.o
HAL_FLASH_OB_Launch                               build/stm32l4xx_hal_flash.o
HAL_FLASH_OB_Lock                                 build/stm32l4xx_hal_flash.o
HAL_FLASH_OB_Unlock                               build/stm32l4xx_hal_flash.o
HAL_FLASH_OperationErrorCallback                  build/stm32l4xx_hal_flash.o
HAL_FLASH_Program                                 build/stm32l4xx_hal_flash.o
HAL_FLASH_Program_IT                              build/stm32l4xx_hal_flash.o
HAL_FLASH_Unlock                                  build/stm32l4xx_hal_flash.o
HAL_GPIO_DeInit                                   build/stm32l4xx_hal_gpio.o
                                                  build/stm32l4xx_hal_msp.o
HAL_GPIO_EXTI_Callback                            build/stm32l4xx_hal_gpio.o
HAL_GPIO_EXTI_IRQHandler                          build/stm32l4xx_hal_gpio.o
HAL_GPIO_Init                                     build/stm32l4xx_hal_gpio.o
                                                  build/stm32l4xx_hal_rcc_ex.o
                                                  build/stm32l4xx_hal_rcc.o
                                                  build/stm32l4xx_hal_msp.o
                                                  build/main.o
HAL_GPIO_LockPin                                  build/stm32l4xx_hal_gpio.o
HAL_GPIO_ReadPin                                  build/stm32l4xx_hal_gpio.o
HAL_GPIO_TogglePin                                build/stm32l4xx_hal_gpio.o
HAL_GPIO_WritePin                                 build/stm32l4xx_hal_gpio.o
                                                  build/main.o
HAL_GetDEVID                                      build/stm32l4xx_hal.o
HAL_GetHalVersion                                 build/stm32l4xx_hal.o
HAL_GetREVID                                      build/stm32l4xx_hal.o
HAL_GetTick                                       build/stm32l4xx_hal.o
                                                  build/stm32l4xx_hal_uart_ex.o
                                                  build/stm32l4xx_hal_uart.o
                                                  build/stm32l4xx_hal_rcc_ex.o
                                                  build/stm32l4xx_hal_rcc.o
                                                  build/stm32l4xx_hal_pcd_ex.o
                                                  build/stm32l4xx_hal_flash.o
                                                  build/stm32l4xx_hal_dma.o
                                                  build/stm32l4xx_hal_dac.o
                                                  build/stm32l4xx_hal_adc_ex.o
                                                  build/stm32l4xx_hal_adc.o
HAL_GetTickFreq                                   build/stm32l4xx_hal.o
HAL_GetTickPrio                                   build/stm32l4xx_hal.o
HAL_GetUIDw0                                      build/stm32l4xx_hal.o
HAL_GetUIDw1                                      build/stm32l4xx_hal.o
HAL_GetUIDw2                                      build/stm32l4xx_hal.o
HAL_HalfDuplex_EnableReceiver                     build/stm32l4xx_hal_uart.o
HAL_HalfDuplex_EnableTransmitter                  build/stm32l4xx_hal_uart.o
HAL_HalfDuplex_Init                               build/stm32l4xx_hal_uart.o
HAL_IncTick                                       build/stm32l4xx_hal.o
                                                  build/stm32l4xx_it.o
HAL_Init                                          build/stm32l4xx_hal.o
                                                  build/main.o
HAL_InitTick                                      build/stm32l4xx_hal.o
                                                  build/stm32l4xx_hal_rcc.o
HAL_LIN_Init                                      build/stm32l4xx_hal_uart.o
HAL_LIN_SendBreak                                 build/stm32l4xx_hal_uart.o
HAL_MPU_ConfigRegion                              build/stm32l4xx_hal_cortex.o
HAL_MPU_Disable                                   build/stm32l4xx_hal_cortex.o
HAL_MPU_Enable                                    build/stm32l4xx_hal_cortex.o
HAL_MspDeInit                                     build/stm32l4xx_hal.o
HAL_MspInit                                       build/stm32l4xx_hal_msp.o
HAL_MultiProcessorEx_AddressLength_Set            build/stm32l4xx_hal_uart_ex.o
HAL_MultiProcessor_DisableMuteMode                build/stm32l4xx_hal_uart.o
HAL_MultiProcessor_EnableMuteMode                 build/stm32l4xx_hal_uart.o
HAL_MultiProcessor_EnterMuteMode                  build/stm32l4xx_hal_uart.o
HAL_MultiProcessor_Init                           build/stm32l4xx_hal_uart.o
HAL_NVIC_ClearPendingIRQ                          build/stm32l4xx_hal_cortex.o
HAL_NVIC_DisableIRQ                               build/stm32l4xx_hal_cortex.o
HAL_NVIC_EnableIRQ                                build/stm32l4xx_hal_cortex.o
                                                  build/stm32l4xx_hal_msp.o
                                                  build/main.o
HAL_NVIC_GetActive                                build/stm32l4xx_hal_cortex.o
HAL_NVIC_GetPendingIRQ                            build/stm32l4xx_hal_cortex.o
HAL_NVIC_GetPriority                              build/stm32l4xx_hal_cortex.o
HAL_NVIC_GetPriorityGrouping                      build/stm32l4xx_hal_cortex.o
HAL_NVIC_SetPendingIRQ                            build/stm32l4xx_hal_cortex.o
HAL_NVIC_SetPriority                              build/stm32l4xx_hal_cortex.o
                                                  build/stm32l4xx_hal.o
                                                  build/stm32l4xx_hal_msp.o
                                                  build/main.o
HAL_NVIC_SetPriorityGrouping                      build/stm32l4xx_hal_cortex.o
                                                  build/stm32l4xx_hal.o
HAL_NVIC_SystemReset                              build/stm32l4xx_hal_cortex.o
HAL_PCDEx_ActivateBCD                             build/stm32l4xx_hal_pcd_ex.o
HAL_PCDEx_ActivateLPM                             build/stm32l4xx_hal_pcd_ex.o
                                                  build/stm32l4xx_hal_pcd.o
HAL_PCDEx_BCD_Callback                            build/stm32l4xx_hal_pcd_ex.o
HAL_PCDEx_BCD_VBUSDetect                          build/stm32l4xx_hal_pcd_ex.o
HAL_PCDEx_DeActivateBCD                           build/stm32l4xx_hal_pcd_ex.o
HAL_PCDEx_DeActivateLPM                           build/stm32l4xx_hal_pcd_ex.o
HAL_PCDEx_LPM_Callback                            build/stm32l4xx_hal_pcd_ex.o
                                                  build/stm32l4xx_hal_pcd.o