../Core/Src/main.c:245:6:HAL_ADC_ConvHalfCpltCallback	16	static
../Core/Src/main.c:252:6:HAL_ADC_ConvCpltCallback	16	static
../Core/Src/main.c:259:6:process_data	16	static
../Core/Src/main.c:272:5:main	16	static
../Core/Src/main.c:333:6:SystemClock_Config	96	static
../Core/Src/main.c:393:6:PeriphCommonClock_Config	152	static
../Core/Src/main.c:420:13:MX_ADC1_Init	48	static
../Core/Src/main.c:487:13:MX_DAC1_Init	48	static
../Core/Src/main.c:530:13:MX_LPUART1_UART_Init	8	static
../Core/Src/main.c:564:13:MX_TIM6_Init	24	static
../Core/Src/main.c:602:13:MX_USB_OTG_FS_PCD_Init	8	static
../Core/Src/main.c:635:13:MX_DMA_Init	16	static
../Core/Src/main.c:656:13:MX_GPIO_Init	48	static
../Core/Src/main.c:714:6:Error_Handler	4	static,ignoring_inline_asm
