../Core/Src/main.c:98:6:HAL_ADC_ConvHalfCpltCallback	16	static
../Core/Src/main.c:105:6:HAL_ADC_ConvCpltCallback	16	static
../Core/Src/main.c:112:6:process_data	4	static
../Core/Src/main.c:138:5:main	24	static
../Core/Src/main.c:210:6:SystemClock_Config	96	static
../Core/Src/main.c:270:6:PeriphCommonClock_Config	152	static
../Core/Src/main.c:297:13:MX_ADC1_Init	48	static
../Core/Src/main.c:364:13:MX_DAC1_Init	48	static
../Core/Src/main.c:407:13:MX_LPUART1_UART_Init	8	static
../Core/Src/main.c:441:13:MX_TIM6_Init	24	static
../Core/Src/main.c:479:13:MX_USB_OTG_FS_PCD_Init	8	static
../Core/Src/main.c:512:13:MX_DMA_Init	16	static
../Core/Src/main.c:533:13:MX_GPIO_Init	48	static
../Core/Src/main.c:591:6:Error_Handler	4	static,ignoring_inline_asm
